Archive member included to satisfy reference by file (symbol)

/Applications/ArmGNUToolchain/13.2.Rel1/arm-none-eabi/bin/../lib/gcc/arm-none-eabi/13.2.1/thumb/v6-m/nofp/libgcc.a(_dvmd_tls.o)
                              CMakeFiles/main.dir/Users/shaelmurthy/me433/Pico/pico-sdk/src/rp2_common/pico_divider/divider.S.obj (__aeabi_idiv0)
/Applications/ArmGNUToolchain/13.2.Rel1/arm-none-eabi/bin/../lib/gcc/arm-none-eabi/13.2.1/../../../../arm-none-eabi/lib/thumb/v6-m/nofp/libg.a(libc_a-calloc.o)
                              CMakeFiles/main.dir/Users/shaelmurthy/me433/Pico/pico-sdk/src/rp2_common/pico_malloc/pico_malloc.c.obj (calloc)
/Applications/ArmGNUToolchain/13.2.Rel1/arm-none-eabi/bin/../lib/gcc/arm-none-eabi/13.2.1/../../../../arm-none-eabi/lib/thumb/v6-m/nofp/libg.a(libc_a-callocr.o)
                              /Applications/ArmGNUToolchain/13.2.Rel1/arm-none-eabi/bin/../lib/gcc/arm-none-eabi/13.2.1/../../../../arm-none-eabi/lib/thumb/v6-m/nofp/libg.a(libc_a-calloc.o) (_calloc_r)
/Applications/ArmGNUToolchain/13.2.Rel1/arm-none-eabi/bin/../lib/gcc/arm-none-eabi/13.2.1/../../../../arm-none-eabi/lib/thumb/v6-m/nofp/libg.a(libc_a-malloc.o)
                              CMakeFiles/main.dir/Users/shaelmurthy/me433/Pico/pico-sdk/src/rp2_common/pico_malloc/pico_malloc.c.obj (malloc)
/Applications/ArmGNUToolchain/13.2.Rel1/arm-none-eabi/bin/../lib/gcc/arm-none-eabi/13.2.1/../../../../arm-none-eabi/lib/thumb/v6-m/nofp/libg.a(libc_a-mallocr.o)
                              /Applications/ArmGNUToolchain/13.2.Rel1/arm-none-eabi/bin/../lib/gcc/arm-none-eabi/13.2.1/../../../../arm-none-eabi/lib/thumb/v6-m/nofp/libg.a(libc_a-callocr.o) (_malloc_r)
/Applications/ArmGNUToolchain/13.2.Rel1/arm-none-eabi/bin/../lib/gcc/arm-none-eabi/13.2.1/../../../../arm-none-eabi/lib/thumb/v6-m/nofp/libg.a(libc_a-mlock.o)
                              /Applications/ArmGNUToolchain/13.2.Rel1/arm-none-eabi/bin/../lib/gcc/arm-none-eabi/13.2.1/../../../../arm-none-eabi/lib/thumb/v6-m/nofp/libg.a(libc_a-mallocr.o) (__malloc_lock)
/Applications/ArmGNUToolchain/13.2.Rel1/arm-none-eabi/bin/../lib/gcc/arm-none-eabi/13.2.1/../../../../arm-none-eabi/lib/thumb/v6-m/nofp/libg.a(libc_a-realloc.o)
                              CMakeFiles/main.dir/Users/shaelmurthy/me433/Pico/pico-sdk/src/rp2_common/pico_malloc/pico_malloc.c.obj (realloc)
/Applications/ArmGNUToolchain/13.2.Rel1/arm-none-eabi/bin/../lib/gcc/arm-none-eabi/13.2.1/../../../../arm-none-eabi/lib/thumb/v6-m/nofp/libg.a(libc_a-reallocr.o)
                              /Applications/ArmGNUToolchain/13.2.Rel1/arm-none-eabi/bin/../lib/gcc/arm-none-eabi/13.2.1/../../../../arm-none-eabi/lib/thumb/v6-m/nofp/libg.a(libc_a-realloc.o) (_realloc_r)
/Applications/ArmGNUToolchain/13.2.Rel1/arm-none-eabi/bin/../lib/gcc/arm-none-eabi/13.2.1/../../../../arm-none-eabi/lib/thumb/v6-m/nofp/libg.a(libc_a-memmove.o)
                              /Applications/ArmGNUToolchain/13.2.Rel1/arm-none-eabi/bin/../lib/gcc/arm-none-eabi/13.2.1/../../../../arm-none-eabi/lib/thumb/v6-m/nofp/libg.a(libc_a-reallocr.o) (memmove)
/Applications/ArmGNUToolchain/13.2.Rel1/arm-none-eabi/bin/../lib/gcc/arm-none-eabi/13.2.1/../../../../arm-none-eabi/lib/thumb/v6-m/nofp/libg.a(libc_a-impure.o)
                              /Applications/ArmGNUToolchain/13.2.Rel1/arm-none-eabi/bin/../lib/gcc/arm-none-eabi/13.2.1/../../../../arm-none-eabi/lib/thumb/v6-m/nofp/libg.a(libc_a-calloc.o) (_impure_ptr)
/Applications/ArmGNUToolchain/13.2.Rel1/arm-none-eabi/bin/../lib/gcc/arm-none-eabi/13.2.1/../../../../arm-none-eabi/lib/thumb/v6-m/nofp/libg.a(libc_a-sbrkr.o)
                              /Applications/ArmGNUToolchain/13.2.Rel1/arm-none-eabi/bin/../lib/gcc/arm-none-eabi/13.2.1/../../../../arm-none-eabi/lib/thumb/v6-m/nofp/libg.a(libc_a-mallocr.o) (_sbrk_r)
/Applications/ArmGNUToolchain/13.2.Rel1/arm-none-eabi/bin/../lib/gcc/arm-none-eabi/13.2.1/../../../../arm-none-eabi/lib/thumb/v6-m/nofp/libg.a(libc_a-errno.o)
                              /Applications/ArmGNUToolchain/13.2.Rel1/arm-none-eabi/bin/../lib/gcc/arm-none-eabi/13.2.1/../../../../arm-none-eabi/lib/thumb/v6-m/nofp/libg.a(libc_a-callocr.o) (__errno)
/Applications/ArmGNUToolchain/13.2.Rel1/arm-none-eabi/bin/../lib/gcc/arm-none-eabi/13.2.1/../../../../arm-none-eabi/lib/thumb/v6-m/nofp/libg.a(libc_a-sysconf.o)
                              /Applications/ArmGNUToolchain/13.2.Rel1/arm-none-eabi/bin/../lib/gcc/arm-none-eabi/13.2.1/../../../../arm-none-eabi/lib/thumb/v6-m/nofp/libg.a(libc_a-mallocr.o) (sysconf)
/Applications/ArmGNUToolchain/13.2.Rel1/arm-none-eabi/bin/../lib/gcc/arm-none-eabi/13.2.1/../../../../arm-none-eabi/lib/thumb/v6-m/nofp/libg.a(libc_a-init.o)
                              /Applications/ArmGNUToolchain/13.2.Rel1/arm-none-eabi/bin/../lib/gcc/arm-none-eabi/13.2.1/../../../../arm-none-eabi/lib/thumb/v6-m/nofp/crt0.o (__libc_init_array)
[...]
Memory Configuration

Name             Origin             Length             Attributes
FLASH            0x10000000         0x00200000         xr
RAM              0x20000000         0x00040000         xrw
SCRATCH_X        0x20040000         0x00001000         xrw
SCRATCH_Y        0x20041000         0x00001000         xrw
*default*        0x00000000         0xffffffff

Linker script and memory map

LOAD /Applications/ArmGNUToolchain/13.2.Rel1/arm-none-eabi/bin/../lib/gcc/arm-none-eabi/13.2.1/thumb/v6-m/nofp/crti.o
LOAD /Applications/ArmGNUToolchain/13.2.Rel1/arm-none-eabi/bin/../lib/gcc/arm-none-eabi/13.2.1/thumb/v6-m/nofp/crtbegin.o
LOAD /Applications/ArmGNUToolchain/13.2.Rel1/arm-none-eabi/bin/../lib/gcc/arm-none-eabi/13.2.1/../../../../arm-none-eabi/lib/thumb/v6-m/nofp/crt0.o

.flash_begin    0x10000000        0x0
                0x10000000                        __flash_binary_start = .

.boot2          0x10000000      0x100
                0x10000000                        __boot2_start__ = .
 *(.boot2)
 .boot2         0x10000000      0x100 /var/folders/f5/lb32ykv162z1ymk2m790j7j80000gp/T//ccN98aU7.o
                0x10000100                        __boot2_end__ = .
                0x00000001                        ASSERT (((__boot2_end__ - __boot2_start__) == 0x100), ERROR: Pico second stage bootloader must be 256 bytes in size)

.text           0x10000100     0x49f8
                0x10000100                        __logical_binary_start = .
 *(.vectors)
 .vectors       0x10000100       0xd4 CMakeFiles/main.dir/Users/shaelmurthy/me433/Pico/pico-sdk/src/rp2_common/pico_standard_link/crt0.S.obj
                0x10000100                __VECTOR_TABLE
                0x10000100                __vectors
                0x100001c0                __default_isrs_start
                0x100001c0                isr_invalid
                0x100001c2                isr_nmi
                0x100001c4                isr_hardfault
                0x100001c6                isr_svcall
                0x100001c8                isr_pendsv
                0x100001ca                isr_systick
                0x100001cc                isr_irq28
                0x100001cc                isr_irq19
                0x100001cc                isr_irq0
                0x100001cc                isr_irq6
                0x100001cc                isr_irq22
                0x100001cc                isr_irq17
                0x100001cc                isr_irq14
                0x100001cc                isr_irq2
                0x100001cc                isr_irq10
                0x100001cc                isr_irq8
                0x100001cc                isr_irq24
                0x100001cc                isr_irq1
                0x100001cc                isr_irq7
                0x100001cc                isr_irq21
                0x100001cc                isr_irq20
                0x100001cc                isr_irq15
                0x100001cc                isr_irq25
                0x100001cc                isr_irq4
                0x100001cc                isr_irq16
                0x100001cc                isr_irq29
                0x100001cc                isr_irq26
                0x100001cc                __default_isrs_end
                0x100001cc                isr_irq3
                0x100001cc                isr_irq9
                0x100001cc                __unhandled_user_irq
                0x100001cc                isr_irq13
                0x100001cc                isr_irq27
                0x100001cc                isr_irq31
                0x100001cc                isr_irq5
                0x100001cc                isr_irq11
                0x100001cc                isr_irq23
                0x100001cc                isr_irq18
                0x100001cc                isr_irq30
                0x100001cc                isr_irq12
                0x100001d2                unhandled_user_irq_num_in_r0
 *(.binary_info_header)
 .binary_info_header
                0x100001d4       0x14 CMakeFiles/main.dir/Users/shaelmurthy/me433/Pico/pico-sdk/src/rp2_common/pico_standard_link/crt0.S.obj
                0x100001e8                        __binary_info_header_end = .
 *(.reset)
 .reset         0x100001e8       0xa0 CMakeFiles/main.dir/Users/shaelmurthy/me433/Pico/pico-sdk/src/rp2_common/pico_standard_link/crt0.S.obj
                0x100001e8                _entry_point
 .reset         0x10000288       0x30 CMakeFiles/main.dir/Users/shaelmurthy/me433/Pico/pico-sdk/src/rp2_common/pico_standard_link/binary_info.c.obj
 *(.init)
 .init          0x100002b8        0x4 /Applications/ArmGNUToolchain/13.2.Rel1/arm-none-eabi/bin/../lib/gcc/arm-none-eabi/13.2.1/thumb/v6-m/nofp/crti.o
                0x100002b8                _init
 *(EXCLUDE_FILE(*libm.a: *libc.a:*lib_a-mem*.o *libgcc.a:) .text*)
 .text.register_tm_clones
                0x100002bc       0x28 /Applications/ArmGNUToolchain/13.2.Rel1/arm-none-eabi/bin/../lib/gcc/arm-none-eabi/13.2.1/thumb/v6-m/nofp/crtbegin.o
 .text.frame_dummy
                0x100002e4       0x24 /Applications/ArmGNUToolchain/13.2.Rel1/arm-none-eabi/bin/../lib/gcc/arm-none-eabi/13.2.1/thumb/v6-m/nofp/crtbegin.o
 .text.update_us_since_boot
                0x10000308       0x24 CMakeFiles/main.dir/main.c.obj
 .text.get_absolute_time
                0x1000032c       0x22 CMakeFiles/main.dir/main.c.obj
 *fill*         0x1000034e        0x2 
 .text.main     0x10000350       0xd4 CMakeFiles/main.dir/main.c.obj
                0x10000350                main
 .text.ssd1306_command
                0x10000424       0x28 CMakeFiles/main.dir/ssd1306.c.obj
                0x10000424                ssd1306_command
 .text.ssd1306_update
                0x1000044c       0x50 CMakeFiles/main.dir/ssd1306.c.obj
                0x1000044c                ssd1306_update
 .text.ssd1306_drawPixel
                0x1000049c       0x4c CMakeFiles/main.dir/ssd1306.c.obj
                0x1000049c                ssd1306_drawPixel
 .text.drawChar
                0x100004e8       0x68 CMakeFiles/main.dir/ssd1306.c.obj
                0x100004e8                drawChar
 .text.drawMessage
                0x10000550       0x22 CMakeFiles/main.dir/ssd1306.c.obj
                0x10000550                drawMessage
 *fill*         0x10000572        0x2 
 .text.ssd1306_clear
                0x10000574       0x1c CMakeFiles/main.dir/ssd1306.c.obj
                0x10000574                ssd1306_clear
 .text.ssd1306_setup
                0x10000590       0xa8 CMakeFiles/main.dir/ssd1306.c.obj
                0x10000590                ssd1306_setup
 .text.gpio_set_function
                0x10000638       0x30 CMakeFiles/main.dir/Users/shaelmurthy/me433/Pico/pico-sdk/src/rp2_common/hardware_gpio/gpio.c.obj
                0x10000638                gpio_set_function
 .text.gpio_init
                0x10000668       0x16 CMakeFiles/main.dir/Users/shaelmurthy/me433/Pico/pico-sdk/src/rp2_common/hardware_gpio/gpio.c.obj
                0x10000668                gpio_init
 *fill*         0x1000067e        0x2 
 .text.running_on_fpga
                0x10000680       0x14 CMakeFiles/main.dir/Users/shaelmurthy/me433/Pico/pico-sdk/src/rp2_common/pico_platform/platform.c.obj
                0x10000680                running_on_fpga
 .text.hw_claim_lock
                0x10000694       0x18 CMakeFiles/main.dir/Users/shaelmurthy/me433/Pico/pico-sdk/src/rp2_common/hardware_claim/claim.c.obj
                0x10000694                hw_claim_lock
 .text.hw_claim_unlock
                0x100006ac       0x14 CMakeFiles/main.dir/Users/shaelmurthy/me433/Pico/pico-sdk/src/rp2_common/hardware_claim/claim.c.obj
                0x100006ac                hw_claim_unlock
 .text.hw_claim_or_assert
                0x100006c0       0x32 CMakeFiles/main.dir/Users/shaelmurthy/me433/Pico/pico-sdk/src/rp2_common/hardware_claim/claim.c.obj
                0x100006c0                hw_claim_or_assert
 *fill*         0x100006f2        0x2 
 .text.spin_locks_reset
                0x100006f4       0x20 CMakeFiles/main.dir/Users/shaelmurthy/me433/Pico/pico-sdk/src/rp2_common/hardware_sync/sync.c.obj
                0x100006f4                spin_locks_reset
 .text.next_striped_spin_lock_num
                0x10000714       0x1c CMakeFiles/main.dir/Users/shaelmurthy/me433/Pico/pico-sdk/src/rp2_common/hardware_sync/sync.c.obj
                0x10000714                next_striped_spin_lock_num
 .text.set_raw_irq_handler_and_unlock
                0x10000730       0x28 CMakeFiles/main.dir/Users/shaelmurthy/me433/Pico/pico-sdk/src/rp2_common/hardware_irq/irq.c.obj
 .text.resolve_branch
                0x10000758       0x30 CMakeFiles/main.dir/Users/shaelmurthy/me433/Pico/pico-sdk/src/rp2_common/hardware_irq/irq.c.obj
 .text.make_branch
                0x10000788       0x48 CMakeFiles/main.dir/Users/shaelmurthy/me433/Pico/pico-sdk/src/rp2_common/hardware_irq/irq.c.obj
 .text.insert_branch_and_link
                0x100007d0       0x40 CMakeFiles/main.dir/Users/shaelmurthy/me433/Pico/pico-sdk/src/rp2_common/hardware_irq/irq.c.obj
 .text.irq_is_enabled
                0x10000810       0x18 CMakeFiles/main.dir/Users/shaelmurthy/me433/Pico/pico-sdk/src/rp2_common/hardware_irq/irq.c.obj
                0x10000810                irq_is_enabled
 .text.irq_set_mask_enabled
                0x10000828       0x20 CMakeFiles/main.dir/Users/shaelmurthy/me433/Pico/pico-sdk/src/rp2_common/hardware_irq/irq.c.obj
                0x10000828                irq_set_mask_enabled
 .text.irq_set_enabled
                0x10000848        0xe CMakeFiles/main.dir/Users/shaelmurthy/me433/Pico/pico-sdk/src/rp2_common/hardware_irq/irq.c.obj
                0x10000848                irq_set_enabled
 *fill*         0x10000856        0x2 
 .text.irq_get_vtable_handler
                0x10000858       0x10 CMakeFiles/main.dir/Users/shaelmurthy/me433/Pico/pico-sdk/src/rp2_common/hardware_irq/irq.c.obj
                0x10000858                irq_get_vtable_handler
 .text.irq_set_exclusive_handler
                0x10000868       0x54 CMakeFiles/main.dir/Users/shaelmurthy/me433/Pico/pico-sdk/src/rp2_common/hardware_irq/irq.c.obj
                0x10000868                irq_set_exclusive_handler
 .text.irq_remove_handler
                0x100008bc      0x188 CMakeFiles/main.dir/Users/shaelmurthy/me433/Pico/pico-sdk/src/rp2_common/hardware_irq/irq.c.obj
                0x100008bc                irq_remove_handler
 .text.irq_add_tail_to_free_list
                0x10000a44       0xf0 CMakeFiles/main.dir/Users/shaelmurthy/me433/Pico/pico-sdk/src/rp2_common/hardware_irq/irq.c.obj
                0x10000a44                irq_add_tail_to_free_list
 .text.irq_init_priorities
                0x10000b34       0x1c CMakeFiles/main.dir/Users/shaelmurthy/me433/Pico/pico-sdk/src/rp2_common/hardware_irq/irq.c.obj
                0x10000b34                irq_init_priorities
 .text.lock_init
                0x10000b50       0x10 CMakeFiles/main.dir/Users/shaelmurthy/me433/Pico/pico-sdk/src/common/pico_sync/lock_core.c.obj
                0x10000b50                lock_init
 .text.mutex_init
                0x10000b60       0x1a CMakeFiles/main.dir/Users/shaelmurthy/me433/Pico/pico-sdk/src/common/pico_sync/mutex.c.obj
                0x10000b60                mutex_init
 .text.recursive_mutex_init
                0x10000b7a       0x1e CMakeFiles/main.dir/Users/shaelmurthy/me433/Pico/pico-sdk/src/common/pico_sync/mutex.c.obj
                0x10000b7a                recursive_mutex_init
 .text.time_reached
                0x10000b98       0x28 CMakeFiles/main.dir/Users/shaelmurthy/me433/Pico/pico-sdk/src/common/pico_time/time.c.obj
 .text.get_entry
                0x10000bc0       0x38 CMakeFiles/main.dir/Users/shaelmurthy/me433/Pico/pico-sdk/src/common/pico_time/time.c.obj
 .text.timer_pool_entry_comparator
                0x10000bf8       0x2e CMakeFiles/main.dir/Users/shaelmurthy/me433/Pico/pico-sdk/src/common/pico_time/time.c.obj
                0x10000bf8                timer_pool_entry_comparator
 *fill*         0x10000c26        0x2 
 .text.update_us_since_boot
                0x10000c28       0x24 CMakeFiles/main.dir/Users/shaelmurthy/me433/Pico/pico-sdk/src/common/pico_time/time.c.obj
 .text.delayed_by_us
                0x10000c4c       0x34 CMakeFiles/main.dir/Users/shaelmurthy/me433/Pico/pico-sdk/src/common/pico_time/time.c.obj
 .text.ph_get_node
                0x10000c80       0x30 CMakeFiles/main.dir/Users/shaelmurthy/me433/Pico/pico-sdk/src/common/pico_time/time.c.obj
 .text.ph_contains_node
                0x10000cb0       0x1e CMakeFiles/main.dir/Users/shaelmurthy/me433/Pico/pico-sdk/src/common/pico_time/time.c.obj
 .text.ph_new_node
                0x10000cce       0x28 CMakeFiles/main.dir/Users/shaelmurthy/me433/Pico/pico-sdk/src/common/pico_time/time.c.obj
 *fill*         0x10000cf6        0x2 
 .text.ph_add_child_node
                0x10000cf8       0x6c CMakeFiles/main.dir/Users/shaelmurthy/me433/Pico/pico-sdk/src/common/pico_time/time.c.obj
 .text.ph_merge_nodes
                0x10000d64       0x3e CMakeFiles/main.dir/Users/shaelmurthy/me433/Pico/pico-sdk/src/common/pico_time/time.c.obj
 *fill*         0x10000da2        0x2 
 .text.ph_insert_node
                0x10000da4       0x3c CMakeFiles/main.dir/Users/shaelmurthy/me433/Pico/pico-sdk/src/common/pico_time/time.c.obj
 .text.ph_free_node
                0x10000de0       0x5c CMakeFiles/main.dir/Users/shaelmurthy/me433/Pico/pico-sdk/src/common/pico_time/time.c.obj
 .text.get_entry_id_high
                0x10000e3c       0x30 CMakeFiles/main.dir/Users/shaelmurthy/me433/Pico/pico-sdk/src/common/pico_time/time.c.obj
 .text.alarm_pool_post_alloc_init
                0x10000e6c       0x40 CMakeFiles/main.dir/Users/shaelmurthy/me433/Pico/pico-sdk/src/common/pico_time/time.c.obj
 .text.sleep_until_callback
                0x10000eac       0x30 CMakeFiles/main.dir/Users/shaelmurthy/me433/Pico/pico-sdk/src/common/pico_time/time.c.obj
 .text.get_absolute_time
                0x10000edc       0x22 CMakeFiles/main.dir/Users/shaelmurthy/me433/Pico/pico-sdk/src/common/pico_time/time.c.obj
 .text.make_timeout_time_us
                0x10000efe       0x24 CMakeFiles/main.dir/Users/shaelmurthy/me433/Pico/pico-sdk/src/common/pico_time/time.c.obj
 *fill*         0x10000f22        0x2 
 .text.add_alarm_under_lock
                0x10000f24       0x94 CMakeFiles/main.dir/Users/shaelmurthy/me433/Pico/pico-sdk/src/common/pico_time/time.c.obj
 .text.alarm_pool_alarm_callback
                0x10000fb8      0x210 CMakeFiles/main.dir/Users/shaelmurthy/me433/Pico/pico-sdk/src/common/pico_time/time.c.obj
 .text.alarm_pool_init_default
                0x100011c8       0x40 CMakeFiles/main.dir/Users/shaelmurthy/me433/Pico/pico-sdk/src/common/pico_time/time.c.obj
                0x100011c8                alarm_pool_init_default
 .text.alarm_pool_get_default
                0x10001208       0x2c CMakeFiles/main.dir/Users/shaelmurthy/me433/Pico/pico-sdk/src/common/pico_time/time.c.obj
                0x10001208                alarm_pool_get_default
 .text.alarm_pool_add_alarm_at
                0x10001234      0x10e CMakeFiles/main.dir/Users/shaelmurthy/me433/Pico/pico-sdk/src/common/pico_time/time.c.obj
                0x10001234                alarm_pool_add_alarm_at
 .text.add_alarm_at
                0x10001342       0x2e CMakeFiles/main.dir/Users/shaelmurthy/me433/Pico/pico-sdk/src/common/pico_time/time.c.obj
 .text.alarm_pool_cancel_alarm
                0x10001370       0xa8 CMakeFiles/main.dir/Users/shaelmurthy/me433/Pico/pico-sdk/src/common/pico_time/time.c.obj
                0x10001370                alarm_pool_cancel_alarm
 .text.cancel_alarm
                0x10001418       0x10 CMakeFiles/main.dir/Users/shaelmurthy/me433/Pico/pico-sdk/src/common/pico_time/time.c.obj
 .text.sleep_until
                0x10001428       0xb0 CMakeFiles/main.dir/Users/shaelmurthy/me433/Pico/pico-sdk/src/common/pico_time/time.c.obj
                0x10001428                sleep_until
 .text.sleep_us
                0x100014d8       0x1a CMakeFiles/main.dir/Users/shaelmurthy/me433/Pico/pico-sdk/src/common/pico_time/time.c.obj
                0x100014d8                sleep_us
 .text.sleep_ms
                0x100014f2       0x14 CMakeFiles/main.dir/Users/shaelmurthy/me433/Pico/pico-sdk/src/common/pico_time/time.c.obj
                0x100014f2                sleep_ms
 *fill*         0x10001506        0x2 
 .text.best_effort_wfe_or_timeout
                0x10001508       0x44 CMakeFiles/main.dir/Users/shaelmurthy/me433/Pico/pico-sdk/src/common/pico_time/time.c.obj
                0x10001508                best_effort_wfe_or_timeout
 .text.update_us_since_boot
                0x1000154c       0x24 CMakeFiles/main.dir/Users/shaelmurthy/me433/Pico/pico-sdk/src/rp2_common/hardware_timer/timer.c.obj
 .text.hardware_alarm_irq_handler
                0x10001570       0x8c CMakeFiles/main.dir/Users/shaelmurthy/me433/Pico/pico-sdk/src/rp2_common/hardware_timer/timer.c.obj
 .text.hardware_alarm_claim
                0x100015fc       0x18 CMakeFiles/main.dir/Users/shaelmurthy/me433/Pico/pico-sdk/src/rp2_common/hardware_timer/timer.c.obj
                0x100015fc                hardware_alarm_claim
 .text.time_us_64
                0x10001614       0x18 CMakeFiles/main.dir/Users/shaelmurthy/me433/Pico/pico-sdk/src/rp2_common/hardware_timer/timer.c.obj
                0x10001614                time_us_64
 .text.busy_wait_until
                0x1000162c       0x28 CMakeFiles/main.dir/Users/shaelmurthy/me433/Pico/pico-sdk/src/rp2_common/hardware_timer/timer.c.obj
                0x1000162c                busy_wait_until
 .text.busy_wait_us
                0x10001654       0x3a CMakeFiles/main.dir/Users/shaelmurthy/me433/Pico/pico-sdk/src/rp2_common/hardware_timer/timer.c.obj
                0x10001654                busy_wait_us
 *fill*         0x1000168e        0x2 
 .text.hardware_alarm_set_callback
                0x10001690       0x90 CMakeFiles/main.dir/Users/shaelmurthy/me433/Pico/pico-sdk/src/rp2_common/hardware_timer/timer.c.obj
                0x10001690                hardware_alarm_set_callback
 .text.hardware_alarm_set_target
                0x10001720       0xe8 CMakeFiles/main.dir/Users/shaelmurthy/me433/Pico/pico-sdk/src/rp2_common/hardware_timer/timer.c.obj
                0x10001720                hardware_alarm_set_target
 .text.hardware_alarm_cancel
                0x10001808       0x40 CMakeFiles/main.dir/Users/shaelmurthy/me433/Pico/pico-sdk/src/rp2_common/hardware_timer/timer.c.obj
                0x10001808                hardware_alarm_cancel
 .text.ph_get_node
                0x10001848       0x30 CMakeFiles/main.dir/Users/shaelmurthy/me433/Pico/pico-sdk/src/common/pico_util/pheap.c.obj
 .text.ph_add_child_node
                0x10001878       0x6c CMakeFiles/main.dir/Users/shaelmurthy/me433/Pico/pico-sdk/src/common/pico_util/pheap.c.obj
 .text.ph_merge_nodes
                0x100018e4       0x3e CMakeFiles/main.dir/Users/shaelmurthy/me433/Pico/pico-sdk/src/common/pico_util/pheap.c.obj
 .text.ph_clear
                0x10001922       0x34 CMakeFiles/main.dir/Users/shaelmurthy/me433/Pico/pico-sdk/src/common/pico_util/pheap.c.obj
                0x10001922                ph_clear
 .text.ph_post_alloc_init
                0x10001956        0xe CMakeFiles/main.dir/Users/shaelmurthy/me433/Pico/pico-sdk/src/common/pico_util/pheap.c.obj
                0x10001956                ph_post_alloc_init
 .text.ph_merge_two_pass
                0x10001964       0x5c CMakeFiles/main.dir/Users/shaelmurthy/me433/Pico/pico-sdk/src/common/pico_util/pheap.c.obj
                0x10001964                ph_merge_two_pass
 .text.ph_remove_any_head
                0x100019c0       0xc0 CMakeFiles/main.dir/Users/shaelmurthy/me433/Pico/pico-sdk/src/common/pico_util/pheap.c.obj
 .text.ph_remove_head
                0x10001a80       0x14 CMakeFiles/main.dir/Users/shaelmurthy/me433/Pico/pico-sdk/src/common/pico_util/pheap.c.obj
                0x10001a80                ph_remove_head
 .text.ph_remove_and_free_node
                0x10001a94       0xa0 CMakeFiles/main.dir/Users/shaelmurthy/me433/Pico/pico-sdk/src/common/pico_util/pheap.c.obj
                0x10001a94                ph_remove_and_free_node
 .text.uart_disable_before_lcr_write
                0x10001b34       0x48 CMakeFiles/main.dir/Users/shaelmurthy/me433/Pico/pico-sdk/src/rp2_common/hardware_uart/uart.c.obj
 .text.uart_write_lcr_bits_masked
                0x10001b7c       0x22 CMakeFiles/main.dir/Users/shaelmurthy/me433/Pico/pico-sdk/src/rp2_common/hardware_uart/uart.c.obj
 *fill*         0x10001b9e        0x2 
 .text.uart_set_baudrate
                0x10001ba0       0x5c CMakeFiles/main.dir/Users/shaelmurthy/me433/Pico/pico-sdk/src/rp2_common/hardware_uart/uart.c.obj
                0x10001ba0                uart_set_baudrate
 .text.uart_set_format
                0x10001bfc       0x2c CMakeFiles/main.dir/Users/shaelmurthy/me433/Pico/pico-sdk/src/rp2_common/hardware_uart/uart.c.obj
                0x10001bfc                uart_set_format
 .text.uart_set_translate_crlf
                0x10001c28       0x28 CMakeFiles/main.dir/Users/shaelmurthy/me433/Pico/pico-sdk/src/rp2_common/hardware_uart/uart.c.obj
                0x10001c28                uart_set_translate_crlf
 .text.uart_init
                0x10001c50       0x80 CMakeFiles/main.dir/Users/shaelmurthy/me433/Pico/pico-sdk/src/rp2_common/hardware_uart/uart.c.obj
                0x10001c50                uart_init
 .text.clock_configure
                0x10001cd0      0x108 CMakeFiles/main.dir/Users/shaelmurthy/me433/Pico/pico-sdk/src/rp2_common/hardware_clocks/clocks.c.obj
                0x10001cd0                clock_configure
 .text.clocks_init
                0x10001dd8      0x100 CMakeFiles/main.dir/Users/shaelmurthy/me433/Pico/pico-sdk/src/rp2_common/hardware_clocks/clocks.c.obj
                0x10001dd8                clocks_init
 .text.clock_get_hz
                0x10001ed8        0xc CMakeFiles/main.dir/Users/shaelmurthy/me433/Pico/pico-sdk/src/rp2_common/hardware_clocks/clocks.c.obj
                0x10001ed8                clock_get_hz
 .text.pll_init
                0x10001ee4      0x120 CMakeFiles/main.dir/Users/shaelmurthy/me433/Pico/pico-sdk/src/rp2_common/hardware_pll/pll.c.obj
                0x10001ee4                pll_init
 .text.watchdog_start_tick
                0x10002004       0x10 CMakeFiles/main.dir/Users/shaelmurthy/me433/Pico/pico-sdk/src/rp2_common/hardware_watchdog/watchdog.c.obj
                0x10002004                watchdog_start_tick
 .text.xosc_init
                0x10002014       0x28 CMakeFiles/main.dir/Users/shaelmurthy/me433/Pico/pico-sdk/src/rp2_common/hardware_xosc/xosc.c.obj
                0x10002014                xosc_init
 .text._exit    0x1000203c        0x4 CMakeFiles/main.dir/Users/shaelmurthy/me433/Pico/pico-sdk/src/rp2_common/pico_runtime/runtime.c.obj
                0x1000203c                _exit
 .text.exit     0x10002040        0x6 CMakeFiles/main.dir/Users/shaelmurthy/me433/Pico/pico-sdk/src/rp2_common/pico_runtime/runtime.c.obj
                0x10002040                exit
 *fill*         0x10002046        0x2 
 .text.__assert_func
                0x10002048       0x38 CMakeFiles/main.dir/Users/shaelmurthy/me433/Pico/pico-sdk/src/rp2_common/pico_runtime/runtime.c.obj
                0x10002048                __assert_func
 .text.runtime_init
                0x10002080       0xf8 CMakeFiles/main.dir/Users/shaelmurthy/me433/Pico/pico-sdk/src/rp2_common/pico_runtime/runtime.c.obj
                0x10002080                runtime_init
 .text.panic    0x10002178       0x30 CMakeFiles/main.dir/Users/shaelmurthy/me433/Pico/pico-sdk/src/rp2_common/pico_runtime/runtime.c.obj
                0x10002178                panic
 .text._out_buffer
                0x100021a8        0x8 CMakeFiles/main.dir/Users/shaelmurthy/me433/Pico/pico-sdk/src/rp2_common/pico_printf/printf.c.obj
 .text._out_null
                0x100021b0        0x2 CMakeFiles/main.dir/Users/shaelmurthy/me433/Pico/pico-sdk/src/rp2_common/pico_printf/printf.c.obj
 .text._out_fct
                0x100021b2        0xe CMakeFiles/main.dir/Users/shaelmurthy/me433/Pico/pico-sdk/src/rp2_common/pico_printf/printf.c.obj
 .text._atoi    0x100021c0       0x24 CMakeFiles/main.dir/Users/shaelmurthy/me433/Pico/pico-sdk/src/rp2_common/pico_printf/printf.c.obj
 .text._out_rev
                0x100021e4       0xae CMakeFiles/main.dir/Users/shaelmurthy/me433/Pico/pico-sdk/src/rp2_common/pico_printf/printf.c.obj
 .text._ntoa_format
                0x10002292      0x110 CMakeFiles/main.dir/Users/shaelmurthy/me433/Pico/pico-sdk/src/rp2_common/pico_printf/printf.c.obj
 .text._ntoa_long
                0x100023a2       0xbc CMakeFiles/main.dir/Users/shaelmurthy/me433/Pico/pico-sdk/src/rp2_common/pico_printf/printf.c.obj
 .text._ntoa_long_long
                0x1000245e      0x10e CMakeFiles/main.dir/Users/shaelmurthy/me433/Pico/pico-sdk/src/rp2_common/pico_printf/printf.c.obj
 .text._etoa    0x1000256c      0x420 CMakeFiles/main.dir/Users/shaelmurthy/me433/Pico/pico-sdk/src/rp2_common/pico_printf/printf.c.obj
 .text._ftoa    0x1000298c      0x354 CMakeFiles/main.dir/Users/shaelmurthy/me433/Pico/pico-sdk/src/rp2_common/pico_printf/printf.c.obj
 .text._vsnprintf
                0x10002ce0      0x668 CMakeFiles/main.dir/Users/shaelmurthy/me433/Pico/pico-sdk/src/rp2_common/pico_printf/printf.c.obj
 .text.__wrap_sprintf
                0x10003348       0x2c CMakeFiles/main.dir/Users/shaelmurthy/me433/Pico/pico-sdk/src/rp2_common/pico_printf/printf.c.obj
                0x10003348                __wrap_sprintf
 .text.vfctprintf
                0x10003374       0x20 CMakeFiles/main.dir/Users/shaelmurthy/me433/Pico/pico-sdk/src/rp2_common/pico_printf/printf.c.obj
                0x10003374                vfctprintf
 .text          0x10003394       0x10 CMakeFiles/main.dir/Users/shaelmurthy/me433/Pico/pico-sdk/src/rp2_common/pico_bit_ops/bit_ops_aeabi.S.obj
 .text.rom_func_lookup
                0x100033a4       0x10 CMakeFiles/main.dir/Users/shaelmurthy/me433/Pico/pico-sdk/src/rp2_common/pico_bootrom/bootrom.c.obj
                0x100033a4                rom_func_lookup
 .text.rom_data_lookup
                0x100033b4       0x10 CMakeFiles/main.dir/Users/shaelmurthy/me433/Pico/pico-sdk/src/rp2_common/pico_bootrom/bootrom.c.obj
                0x100033b4                rom_data_lookup
 .text.rom_funcs_lookup
                0x100033c4       0x36 CMakeFiles/main.dir/Users/shaelmurthy/me433/Pico/pico-sdk/src/rp2_common/pico_bootrom/bootrom.c.obj
                0x100033c4                rom_funcs_lookup
 *fill*         0x100033fa        0x2 
 .text.__wrap___aeabi_idiv
                0x100033fc       0x50 CMakeFiles/main.dir/Users/shaelmurthy/me433/Pico/pico-sdk/src/rp2_common/pico_divider/divider.S.obj
                0x100033fc                __wrap___aeabi_idivmod
                0x100033fc                divmod_s32s32
                0x100033fc                div_s32s32
                0x100033fc                __wrap___aeabi_idiv
                0x10003404                divmod_s32s32_unsafe
                0x10003430                divmod_s32s32_savestate
 .text.__wrap___aeabi_uidiv
                0x1000344c       0x4c CMakeFiles/main.dir/Users/shaelmurthy/me433/Pico/pico-sdk/src/rp2_common/pico_divider/divider.S.obj
                0x1000344c                __wrap___aeabi_uidiv
                0x1000344c                __wrap___aeabi_uidivmod
                0x1000344c                div_u32u32
                0x1000344c                divmod_u32u32
                0x10003454                divmod_u32u32_unsafe
                0x1000347c                divmod_u32u32_savestate
 .text.__wrap___aeabi_ldiv
                0x10003498      0x424 CMakeFiles/main.dir/Users/shaelmurthy/me433/Pico/pico-sdk/src/rp2_common/pico_divider/divider.S.obj
                0x10003498                __wrap___aeabi_ldivmod
                0x10003498                div_s64s64
                0x10003498                divmod_s64s64
                0x100034c8                divmod_u64u64
                0x100034c8                div_u64u64
                0x100034c8                __wrap___aeabi_uldivmod
                0x100034d8                divmod_u64u64_savestate
                0x100034f8                divmod_s64s64_unsafe
                0x10003580                divmod_u64u64_unsafe
 .text.__wrap___aeabi_darithmetic
                0x100038bc       0x80 CMakeFiles/main.dir/Users/shaelmurthy/me433/Pico/pico-sdk/src/rp2_common/pico_double/double_aeabi.S.obj
                0x100038bc                __wrap___aeabi_drsub
                0x100038c2                __wrap___aeabi_dsub
                0x100038d4                __wrap___aeabi_dadd
                0x100038e6                __wrap___aeabi_ddiv
                0x10003922                __wrap___aeabi_dmul
 .text.__wrap___aeabi_cdcmple
                0x1000393c       0x6c CMakeFiles/main.dir/Users/shaelmurthy/me433/Pico/pico-sdk/src/rp2_common/pico_double/double_aeabi.S.obj
                0x1000393c                __wrap___aeabi_cdrcmple
                0x1000394c                __wrap___aeabi_cdcmple
                0x1000394c                __wrap___aeabi_cdcmpeq
 .text.__wrap___aeabi_dcmplt
                0x100039a8        0xc CMakeFiles/main.dir/Users/shaelmurthy/me433/Pico/pico-sdk/src/rp2_common/pico_double/double_aeabi.S.obj
                0x100039a8                __wrap___aeabi_dcmplt
 .text.__wrap___aeabi_dcmple
                0x100039b4       0x10 CMakeFiles/main.dir/Users/shaelmurthy/me433/Pico/pico-sdk/src/rp2_common/pico_double/double_aeabi.S.obj
                0x100039b4                __wrap___aeabi_dcmple
 .text.__wrap___aeabi_dcmpge
                0x100039c4       0x10 CMakeFiles/main.dir/Users/shaelmurthy/me433/Pico/pico-sdk/src/rp2_common/pico_double/double_aeabi.S.obj
                0x100039c4                __wrap___aeabi_dcmpge
 .text.__wrap___aeabi_dcmpgt
                0x100039d4        0xa CMakeFiles/main.dir/Users/shaelmurthy/me433/Pico/pico-sdk/src/rp2_common/pico_double/double_aeabi.S.obj
                0x100039d4                __wrap___aeabi_dcmpgt
 .text.__wrap___aeabi_dcmpun
                0x100039de       0x1c CMakeFiles/main.dir/Users/shaelmurthy/me433/Pico/pico-sdk/src/rp2_common/pico_double/double_aeabi.S.obj
                0x100039de                __wrap___aeabi_dcmpun
 *fill*         0x100039fa        0x2 
 .text.__wrap___aeabi_i2d
                0x100039fc       0x38 CMakeFiles/main.dir/Users/shaelmurthy/me433/Pico/pico-sdk/src/rp2_common/pico_double/double_aeabi.S.obj
                0x100039fc                __wrap___aeabi_ui2d
                0x10003a04                __wrap___aeabi_i2d
 .text.__wrap___aeabi_d2iz
                0x10003a34       0x48 CMakeFiles/main.dir/Users/shaelmurthy/me433/Pico/pico-sdk/src/rp2_common/pico_double/double_aeabi.S.obj
                0x10003a34                __wrap___aeabi_d2iz
                0x10003a34                double2int_z
 .text.__wrap___aeabi_d2uiz
                0x10003a7c       0x18 CMakeFiles/main.dir/Users/shaelmurthy/me433/Pico/pico-sdk/src/rp2_common/pico_double/double_aeabi.S.obj
                0x10003a7c                double2uint
                0x10003a7c                __wrap___aeabi_d2uiz
 .text.__aeabi_double_init
                0x10003a94       0xcc CMakeFiles/main.dir/Users/shaelmurthy/me433/Pico/pico-sdk/src/rp2_common/pico_double/double_init_rom.c.obj
                0x10003a94                __aeabi_double_init
 .text.double_table_shim_on_use_helper
                0x10003b60       0x34 CMakeFiles/main.dir/Users/shaelmurthy/me433/Pico/pico-sdk/src/rp2_common/pico_double/double_v1_rom_shim.S.obj
                0x10003b60                double_table_shim_on_use_helper
 .text.__wrap___aeabi_dsub
                0x10003b94       0x10 CMakeFiles/main.dir/Users/shaelmurthy/me433/Pico/pico-sdk/src/rp2_common/pico_double/double_v1_rom_shim.S.obj
                0x10003b94                drsub_shim
                0x10003b9a                dsub_shim
 .text.dadd_shim
                0x10003ba4      0x15c CMakeFiles/main.dir/Users/shaelmurthy/me433/Pico/pico-sdk/src/rp2_common/pico_double/double_v1_rom_shim.S.obj
                0x10003ba4                dadd_shim
 .text.dmul_shim
                0x10003d00      0x15c CMakeFiles/main.dir/Users/shaelmurthy/me433/Pico/pico-sdk/src/rp2_common/pico_double/double_v1_rom_shim.S.obj
                0x10003d00                dmul_shim
 .text.ddiv_shim
                0x10003e5c      0x1b0 CMakeFiles/main.dir/Users/shaelmurthy/me433/Pico/pico-sdk/src/rp2_common/pico_double/double_v1_rom_shim.S.obj
                0x10003e5c                ddiv_shim
 .text.double2uint_shim
                0x1000400c        0xe CMakeFiles/main.dir/Users/shaelmurthy/me433/Pico/pico-sdk/src/rp2_common/pico_double/double_v1_rom_shim.S.obj
                0x1000400c                double2uint_shim
                0x1000400e                double2ufix_shim
 *fill*         0x1000401a        0x2 
 .text.double2uint64_shim
                0x1000401c       0x70 CMakeFiles/main.dir/Users/shaelmurthy/me433/Pico/pico-sdk/src/rp2_common/pico_double/double_v1_rom_shim.S.obj
                0x1000401c                double2uint64_shim
                0x1000401e                double2ufix64_shim
                0x1000403e                d2fix_a
 .text.dunpacks
                0x1000408c       0x3c CMakeFiles/main.dir/Users/shaelmurthy/me433/Pico/pico-sdk/src/rp2_common/pico_double/double_v1_rom_shim.S.obj
                0x1000408c                dunpacks
 .text.__aeabi_lmul
                0x100040c8       0x32 CMakeFiles/main.dir/Users/shaelmurthy/me433/Pico/pico-sdk/src/rp2_common/pico_int64_ops/pico_int64_ops_aeabi.S.obj
                0x100040c8                __wrap___aeabi_lmul
 *fill*         0x100040fa        0x2 
 .text.__aeabi_float_init
                0x100040fc       0xfc CMakeFiles/main.dir/Users/shaelmurthy/me433/Pico/pico-sdk/src/rp2_common/pico_float/float_init_rom.c.obj
                0x100040fc                __aeabi_float_init
 .text.float_table_shim_on_use_helper
                0x100041f8       0x34 CMakeFiles/main.dir/Users/shaelmurthy/me433/Pico/pico-sdk/src/rp2_common/pico_float/float_v1_rom_shim.S.obj
                0x100041f8                float_table_shim_on_use_helper
 .text          0x1000422c       0x10 CMakeFiles/main.dir/Users/shaelmurthy/me433/Pico/pico-sdk/src/rp2_common/pico_mem_ops/mem_ops_aeabi.S.obj
                0x1000422c                __aeabi_mem_init
 .text.memset   0x1000423c        0xc CMakeFiles/main.dir/Users/shaelmurthy/me433/Pico/pico-sdk/src/rp2_common/pico_mem_ops/mem_ops_aeabi.S.obj
                0x1000423c                __wrap_memset
 .text.memcpy   0x10004248        0xc CMakeFiles/main.dir/Users/shaelmurthy/me433/Pico/pico-sdk/src/rp2_common/pico_mem_ops/mem_ops_aeabi.S.obj
                0x10004248                __wrap___aeabi_memcpy
                0x10004248                __wrap_memcpy
 .text.stdio_out_chars_no_crlf
                0x10004254        0xe CMakeFiles/main.dir/Users/shaelmurthy/me433/Pico/pico-sdk/src/rp2_common/pico_stdio/stdio.c.obj
 *fill*         0x10004262        0x2 
 .text.stdio_out_chars_crlf
                0x10004264       0x80 CMakeFiles/main.dir/Users/shaelmurthy/me433/Pico/pico-sdk/src/rp2_common/pico_stdio/stdio.c.obj
 .text.stdio_stack_buffer_flush
                0x100042e4       0x44 CMakeFiles/main.dir/Users/shaelmurthy/me433/Pico/pico-sdk/src/rp2_common/pico_stdio/stdio.c.obj
 .text.stdio_buffered_printer
                0x10004328       0x20 CMakeFiles/main.dir/Users/shaelmurthy/me433/Pico/pico-sdk/src/rp2_common/pico_stdio/stdio.c.obj
 .text.update_us_since_boot
                0x10004348       0x24 CMakeFiles/main.dir/Users/shaelmurthy/me433/Pico/pico-sdk/src/rp2_common/pico_stdio/stdio.c.obj
 .text.get_absolute_time
                0x1000436c       0x22 CMakeFiles/main.dir/Users/shaelmurthy/me433/Pico/pico-sdk/src/rp2_common/pico_stdio/stdio.c.obj
 *fill*         0x1000438e        0x2 
 .text.delayed_by_ms
                0x10004390       0x44 CMakeFiles/main.dir/Users/shaelmurthy/me433/Pico/pico-sdk/src/rp2_common/pico_stdio/stdio.c.obj
 .text.make_timeout_time_ms
                0x100043d4       0x20 CMakeFiles/main.dir/Users/shaelmurthy/me433/Pico/pico-sdk/src/rp2_common/pico_stdio/stdio.c.obj
 .text.stdout_serialize_begin
                0x100043f4       0x20 CMakeFiles/main.dir/Users/shaelmurthy/me433/Pico/pico-sdk/src/rp2_common/pico_stdio/stdio.c.obj
                0x100043f4                stdout_serialize_begin
 .text.stdout_serialize_end
                0x10004414       0x10 CMakeFiles/main.dir/Users/shaelmurthy/me433/Pico/pico-sdk/src/rp2_common/pico_stdio/stdio.c.obj
                0x10004414                stdout_serialize_end
 .text.stdio_put_string
                0x10004424       0x98 CMakeFiles/main.dir/Users/shaelmurthy/me433/Pico/pico-sdk/src/rp2_common/pico_stdio/stdio.c.obj
 .text.stdio_set_driver_enabled
                0x100044bc       0x2c CMakeFiles/main.dir/Users/shaelmurthy/me433/Pico/pico-sdk/src/rp2_common/pico_stdio/stdio.c.obj
                0x100044bc                stdio_set_driver_enabled
 .text.stdio_flush
                0x100044e8       0x20 CMakeFiles/main.dir/Users/shaelmurthy/me433/Pico/pico-sdk/src/rp2_common/pico_stdio/stdio.c.obj
                0x100044e8                stdio_flush
 .text.__wrap_puts
                0x10004508       0x1e CMakeFiles/main.dir/Users/shaelmurthy/me433/Pico/pico-sdk/src/rp2_common/pico_stdio/stdio.c.obj
                0x10004508                __wrap_puts
 *fill*         0x10004526        0x2 
 .text.__wrap_vprintf
                0x10004528       0x40 CMakeFiles/main.dir/Users/shaelmurthy/me433/Pico/pico-sdk/src/rp2_common/pico_stdio/stdio.c.obj
                0x10004528                __wrap_vprintf
 .text.__wrap_printf
                0x10004568       0x18 CMakeFiles/main.dir/Users/shaelmurthy/me433/Pico/pico-sdk/src/rp2_common/pico_stdio/stdio.c.obj
                0x10004568                __wrap_printf
 .text.stdio_init_all
                0x10004580        0xa CMakeFiles/main.dir/Users/shaelmurthy/me433/Pico/pico-sdk/src/rp2_common/pico_stdio/stdio.c.obj
                0x10004580                stdio_init_all
 *fill*         0x1000458a        0x2 
 .text.uart_putc
                0x1000458c       0x60 CMakeFiles/main.dir/Users/shaelmurthy/me433/Pico/pico-sdk/src/rp2_common/pico_stdio_uart/stdio_uart.c.obj
 .text.uart_getc
                0x100045ec       0x24 CMakeFiles/main.dir/Users/shaelmurthy/me433/Pico/pico-sdk/src/rp2_common/pico_stdio_uart/stdio_uart.c.obj
 .text.stdio_uart_out_chars
                0x10004610       0x20 CMakeFiles/main.dir/Users/shaelmurthy/me433/Pico/pico-sdk/src/rp2_common/pico_stdio_uart/stdio_uart.c.obj
 .text.stdio_uart_in_chars
                0x10004630       0x5c CMakeFiles/main.dir/Users/shaelmurthy/me433/Pico/pico-sdk/src/rp2_common/pico_stdio_uart/stdio_uart.c.obj
                0x10004630                stdio_uart_in_chars
 .text.on_uart_rx
                0x1000468c       0x28 CMakeFiles/main.dir/Users/shaelmurthy/me433/Pico/pico-sdk/src/rp2_common/pico_stdio_uart/stdio_uart.c.obj
 .text.stdio_uart_set_chars_available_callback
                0x100046b4       0x8c CMakeFiles/main.dir/Users/shaelmurthy/me433/Pico/pico-sdk/src/rp2_common/pico_stdio_uart/stdio_uart.c.obj
 .text.stdio_uart_init_full
                0x10004740       0x44 CMakeFiles/main.dir/Users/shaelmurthy/me433/Pico/pico-sdk/src/rp2_common/pico_stdio_uart/stdio_uart.c.obj
                0x10004740                stdio_uart_init_full
 .text.stdio_uart_init
                0x10004784       0x28 CMakeFiles/main.dir/Users/shaelmurthy/me433/Pico/pico-sdk/src/rp2_common/pico_stdio_uart/stdio_uart.c.obj
                0x10004784                stdio_uart_init
 .text.i2c_write_blocking_internal
                0x100047ac      0x146 CMakeFiles/main.dir/Users/shaelmurthy/me433/Pico/pico-sdk/src/rp2_common/hardware_i2c/i2c.c.obj
 *fill*         0x100048f2        0x2 
 .text.i2c_set_baudrate
                0x100048f4       0xf0 CMakeFiles/main.dir/Users/shaelmurthy/me433/Pico/pico-sdk/src/rp2_common/hardware_i2c/i2c.c.obj
                0x100048f4                i2c_set_baudrate
 .text.i2c_init
                0x100049e4       0x58 CMakeFiles/main.dir/Users/shaelmurthy/me433/Pico/pico-sdk/src/rp2_common/hardware_i2c/i2c.c.obj
                0x100049e4                i2c_init
 .text.i2c_write_blocking
                0x10004a3c       0x18 CMakeFiles/main.dir/Users/shaelmurthy/me433/Pico/pico-sdk/src/rp2_common/hardware_i2c/i2c.c.obj
                0x10004a3c                i2c_write_blocking
 .text.strlen   0x10004a54       0x5c /Applications/ArmGNUToolchain/13.2.Rel1/arm-none-eabi/bin/../lib/gcc/arm-none-eabi/13.2.1/../../../../arm-none-eabi/lib/thumb/v6-m/nofp/libg.a(libc_a-strlen-stub.o)
                0x10004a54                strlen
 *(.fini)
 .fini          0x10004ab0        0x4 /Applications/ArmGNUToolchain/13.2.Rel1/arm-none-eabi/bin/../lib/gcc/arm-none-eabi/13.2.1/thumb/v6-m/nofp/crti.o
                0x10004ab0                _fini
 *fill*         0x10004ab4        0x4 
 .fini.__stub   0x10004ab8       0x40 linker stubs
 *crtbegin.o(.ctors)
 *crtbegin?.o(.ctors)
 *(EXCLUDE_FILE(*crtend.o *crtend?.o) .ctors)
 *(SORT_BY_NAME(.ctors.*))
 *(.ctors)
 *crtbegin.o(.dtors)
 *crtbegin?.o(.dtors)
 *(EXCLUDE_FILE(*crtend.o *crtend?.o) .dtors)
 *(SORT_BY_NAME(.dtors.*))
 *(.dtors)
 *(.eh_frame*)
 .eh_frame      0x10004af8        0x0 /Applications/ArmGNUToolchain/13.2.Rel1/arm-none-eabi/bin/../lib/gcc/arm-none-eabi/13.2.1/thumb/v6-m/nofp/crtbegin.o
                0x10004af8                        . = ALIGN (0x4)

.glue_7         0x10004af8        0x0
 .glue_7        0x10004af8        0x0 linker stubs

.glue_7t        0x10004af8        0x0
 .glue_7t       0x10004af8        0x0 linker stubs

.vfp11_veneer   0x10004af8        0x0
 .vfp11_veneer  0x10004af8        0x0 linker stubs

.v4_bx          0x10004af8        0x0
 .v4_bx         0x10004af8        0x0 linker stubs

.iplt           0x10004af8        0x0
 .iplt          0x10004af8        0x0 /Applications/ArmGNUToolchain/13.2.Rel1/arm-none-eabi/bin/../lib/gcc/arm-none-eabi/13.2.1/thumb/v6-m/nofp/crtbegin.o

.rodata         0x10004af8     0x1150
 *(EXCLUDE_FILE(*libm.a: *libc.a:*lib_a-mem*.o *libgcc.a:) .rodata*)
 .rodata.update_us_since_boot.str1.4
                0x10004af8      0xaa9 CMakeFiles/main.dir/main.c.obj
                                 0x6d (size before relaxing)
 .rodata.main.str1.4
                0x100055a1       0x1d CMakeFiles/main.dir/main.c.obj
 *fill*         0x100055a1        0x3 
 .rodata.__func__.0
                0x100055a4       0x15 CMakeFiles/main.dir/main.c.obj
 *fill*         0x100055b9        0x3 
 .rodata.ASCII  0x100055bc      0x1e0 CMakeFiles/main.dir/ssd1306.c.obj
 .rodata.resolve_branch.str1.4
                0x1000579c       0x61 CMakeFiles/main.dir/Users/shaelmurthy/me433/Pico/pico-sdk/src/rp2_common/hardware_irq/irq.c.obj
 .rodata.make_branch.str1.4
                0x1000579c       0x30 CMakeFiles/main.dir/Users/shaelmurthy/me433/Pico/pico-sdk/src/rp2_common/hardware_irq/irq.c.obj
 .rodata.insert_branch_and_link.str1.4
                0x1000579c       0x10 CMakeFiles/main.dir/Users/shaelmurthy/me433/Pico/pico-sdk/src/rp2_common/hardware_irq/irq.c.obj
 .rodata.irq_set_exclusive_handler.str1.4
                0x1000579c       0x36 CMakeFiles/main.dir/Users/shaelmurthy/me433/Pico/pico-sdk/src/rp2_common/hardware_irq/irq.c.obj
 .rodata.irq_remove_handler.str1.4
                0x1000579c       0x3a CMakeFiles/main.dir/Users/shaelmurthy/me433/Pico/pico-sdk/src/rp2_common/hardware_irq/irq.c.obj
 .rodata.irq_add_tail_to_free_list.str1.4
                0x1000579c       0x3a CMakeFiles/main.dir/Users/shaelmurthy/me433/Pico/pico-sdk/src/rp2_common/hardware_irq/irq.c.obj
 .rodata.__func__.0
                0x1000579c       0x1a CMakeFiles/main.dir/Users/shaelmurthy/me433/Pico/pico-sdk/src/rp2_common/hardware_irq/irq.c.obj
 *fill*         0x100057b6        0x2 
 .rodata.__func__.1
                0x100057b8       0x17 CMakeFiles/main.dir/Users/shaelmurthy/me433/Pico/pico-sdk/src/rp2_common/hardware_irq/irq.c.obj
 *fill*         0x100057cf        0x1 
 .rodata.__func__.2
                0x100057d0       0x13 CMakeFiles/main.dir/Users/shaelmurthy/me433/Pico/pico-sdk/src/rp2_common/hardware_irq/irq.c.obj
 *fill*         0x100057e3        0x1 
 .rodata.__func__.3
                0x100057e4        0xc CMakeFiles/main.dir/Users/shaelmurthy/me433/Pico/pico-sdk/src/rp2_common/hardware_irq/irq.c.obj
 .rodata.__func__.4
                0x100057f0        0xf CMakeFiles/main.dir/Users/shaelmurthy/me433/Pico/pico-sdk/src/rp2_common/hardware_irq/irq.c.obj
 *fill*         0x100057ff        0x1 
 .rodata.__func__.6
                0x10005800       0x1a CMakeFiles/main.dir/Users/shaelmurthy/me433/Pico/pico-sdk/src/rp2_common/hardware_irq/irq.c.obj
 .rodata.str1.4
                0x1000581a       0x95 CMakeFiles/main.dir/Users/shaelmurthy/me433/Pico/pico-sdk/src/common/pico_sync/mutex.c.obj
 *fill*         0x1000581a        0x2 
 .rodata.__func__.1
                0x1000581c        0xb CMakeFiles/main.dir/Users/shaelmurthy/me433/Pico/pico-sdk/src/common/pico_sync/mutex.c.obj
 *fill*         0x10005827        0x1 
 .rodata.__func__.3
                0x10005828       0x18 CMakeFiles/main.dir/Users/shaelmurthy/me433/Pico/pico-sdk/src/common/pico_sync/mutex.c.obj
 .rodata.get_entry.str1.4
                0x10005840       0x67 CMakeFiles/main.dir/Users/shaelmurthy/me433/Pico/pico-sdk/src/common/pico_time/time.c.obj
 .rodata.update_us_since_boot.str1.4
                0x10005840       0x6d CMakeFiles/main.dir/Users/shaelmurthy/me433/Pico/pico-sdk/src/common/pico_time/time.c.obj
 .rodata.ph_get_node.str1.4
                0x10005840       0x72 CMakeFiles/main.dir/Users/shaelmurthy/me433/Pico/pico-sdk/src/common/pico_time/time.c.obj
 .rodata.ph_add_child_node.str1.4
                0x10005840       0x2e CMakeFiles/main.dir/Users/shaelmurthy/me433/Pico/pico-sdk/src/common/pico_time/time.c.obj
 .rodata.ph_insert_node.str1.4
                0x10005840        0x3 CMakeFiles/main.dir/Users/shaelmurthy/me433/Pico/pico-sdk/src/common/pico_time/time.c.obj
 .rodata.ph_free_node.str1.4
                0x10005840       0x38 CMakeFiles/main.dir/Users/shaelmurthy/me433/Pico/pico-sdk/src/common/pico_time/time.c.obj
 .rodata.add_alarm_under_lock.str1.4
                0x10005840       0x28 CMakeFiles/main.dir/Users/shaelmurthy/me433/Pico/pico-sdk/src/common/pico_time/time.c.obj
 .rodata.alarm_pool_alarm_callback.str1.4
                0x10005840       0x60 CMakeFiles/main.dir/Users/shaelmurthy/me433/Pico/pico-sdk/src/common/pico_time/time.c.obj
 .rodata.alarm_pool_get_default.str1.4
                0x10005840       0x21 CMakeFiles/main.dir/Users/shaelmurthy/me433/Pico/pico-sdk/src/common/pico_time/time.c.obj
 .rodata.alarm_pool_cancel_alarm.str1.4
                0x10005840       0x27 CMakeFiles/main.dir/Users/shaelmurthy/me433/Pico/pico-sdk/src/common/pico_time/time.c.obj
 .rodata.sleep_until.str1.4
                0x10005840       0x4d CMakeFiles/main.dir/Users/shaelmurthy/me433/Pico/pico-sdk/src/common/pico_time/time.c.obj
 .rodata.__func__.1
                0x10005840       0x18 CMakeFiles/main.dir/Users/shaelmurthy/me433/Pico/pico-sdk/src/common/pico_time/time.c.obj
 .rodata.__func__.3
                0x10005858       0x17 CMakeFiles/main.dir/Users/shaelmurthy/me433/Pico/pico-sdk/src/common/pico_time/time.c.obj
 *fill*         0x1000586f        0x1 
 .rodata.__func__.4
                0x10005870       0x12 CMakeFiles/main.dir/Users/shaelmurthy/me433/Pico/pico-sdk/src/common/pico_time/time.c.obj
 *fill*         0x10005882        0x2 
 .rodata.__func__.5
                0x10005884        0xd CMakeFiles/main.dir/Users/shaelmurthy/me433/Pico/pico-sdk/src/common/pico_time/time.c.obj
 *fill*         0x10005891        0x3 
 .rodata.__func__.6
                0x10005894       0x12 CMakeFiles/main.dir/Users/shaelmurthy/me433/Pico/pico-sdk/src/common/pico_time/time.c.obj
 *fill*         0x100058a6        0x2 
 .rodata.__func__.7
                0x100058a8        0xf CMakeFiles/main.dir/Users/shaelmurthy/me433/Pico/pico-sdk/src/common/pico_time/time.c.obj
 *fill*         0x100058b7        0x1 
 .rodata.__func__.8
                0x100058b8        0xc CMakeFiles/main.dir/Users/shaelmurthy/me433/Pico/pico-sdk/src/common/pico_time/time.c.obj
 .rodata.__func__.9
                0x100058c4       0x15 CMakeFiles/main.dir/Users/shaelmurthy/me433/Pico/pico-sdk/src/common/pico_time/time.c.obj
 *fill*         0x100058d9        0x3 
 .rodata.__func__.10
                0x100058dc       0x15 CMakeFiles/main.dir/Users/shaelmurthy/me433/Pico/pico-sdk/src/common/pico_time/time.c.obj
 *fill*         0x100058f1        0x3 
 .rodata.__func__.11
                0x100058f4       0x1a CMakeFiles/main.dir/Users/shaelmurthy/me433/Pico/pico-sdk/src/common/pico_time/time.c.obj
 *fill*         0x1000590e        0x2 
 .rodata.__func__.12
                0x10005910        0xa CMakeFiles/main.dir/Users/shaelmurthy/me433/Pico/pico-sdk/src/common/pico_time/time.c.obj
 .rodata.update_us_since_boot.str1.4
                0x1000591a       0x6d CMakeFiles/main.dir/Users/shaelmurthy/me433/Pico/pico-sdk/src/rp2_common/hardware_timer/timer.c.obj
 .rodata.hardware_alarm_claim.str1.4
                0x1000591a       0x22 CMakeFiles/main.dir/Users/shaelmurthy/me433/Pico/pico-sdk/src/rp2_common/hardware_timer/timer.c.obj
 .rodata.hardware_alarm_set_target.str1.4
                0x1000591a       0x71 CMakeFiles/main.dir/Users/shaelmurthy/me433/Pico/pico-sdk/src/rp2_common/hardware_timer/timer.c.obj
 *fill*         0x1000591a        0x2 
 .rodata.__func__.0
                0x1000591c       0x1a CMakeFiles/main.dir/Users/shaelmurthy/me433/Pico/pico-sdk/src/rp2_common/hardware_timer/timer.c.obj
 *fill*         0x10005936        0x2 
 .rodata.__func__.1
                0x10005938       0x15 CMakeFiles/main.dir/Users/shaelmurthy/me433/Pico/pico-sdk/src/rp2_common/hardware_timer/timer.c.obj
 .rodata.ph_get_node.str1.4
                0x1000594d       0x72 CMakeFiles/main.dir/Users/shaelmurthy/me433/Pico/pico-sdk/src/common/pico_util/pheap.c.obj
 .rodata.ph_add_child_node.str1.4
                0x1000594d       0x2e CMakeFiles/main.dir/Users/shaelmurthy/me433/Pico/pico-sdk/src/common/pico_util/pheap.c.obj
 .rodata.ph_remove_any_head.str1.4
                0x1000594d       0xac CMakeFiles/main.dir/Users/shaelmurthy/me433/Pico/pico-sdk/src/common/pico_util/pheap.c.obj
 .rodata.ph_remove_and_free_node.str1.4
                0x1000594d       0x26 CMakeFiles/main.dir/Users/shaelmurthy/me433/Pico/pico-sdk/src/common/pico_util/pheap.c.obj
 *fill*         0x1000594d        0x3 
 .rodata.__func__.0
                0x10005950       0x18 CMakeFiles/main.dir/Users/shaelmurthy/me433/Pico/pico-sdk/src/common/pico_util/pheap.c.obj
 .rodata.__func__.1
                0x10005968       0x13 CMakeFiles/main.dir/Users/shaelmurthy/me433/Pico/pico-sdk/src/common/pico_util/pheap.c.obj
 *fill*         0x1000597b        0x1 
 .rodata.__func__.2
                0x1000597c       0x12 CMakeFiles/main.dir/Users/shaelmurthy/me433/Pico/pico-sdk/src/common/pico_util/pheap.c.obj
 *fill*         0x1000598e        0x2 
 .rodata.__func__.3
                0x10005990        0xc CMakeFiles/main.dir/Users/shaelmurthy/me433/Pico/pico-sdk/src/common/pico_util/pheap.c.obj
 .rodata.clock_configure.str1.4
                0x1000599c       0x63 CMakeFiles/main.dir/Users/shaelmurthy/me433/Pico/pico-sdk/src/rp2_common/hardware_clocks/clocks.c.obj
 .rodata.__func__.1
                0x1000599c       0x10 CMakeFiles/main.dir/Users/shaelmurthy/me433/Pico/pico-sdk/src/rp2_common/hardware_clocks/clocks.c.obj
 .rodata.pll_init.str1.4
                0x100059ac      0x130 CMakeFiles/main.dir/Users/shaelmurthy/me433/Pico/pico-sdk/src/rp2_common/hardware_pll/pll.c.obj
 .rodata.__func__.0
                0x100059ac        0x9 CMakeFiles/main.dir/Users/shaelmurthy/me433/Pico/pico-sdk/src/rp2_common/hardware_pll/pll.c.obj
 .rodata.__assert_func.str1.4
                0x100059b5       0x43 CMakeFiles/main.dir/Users/shaelmurthy/me433/Pico/pico-sdk/src/rp2_common/pico_runtime/runtime.c.obj
 .rodata.runtime_init.str1.4
                0x100059b5       0x6d CMakeFiles/main.dir/Users/shaelmurthy/me433/Pico/pico-sdk/src/rp2_common/pico_runtime/runtime.c.obj
 .rodata.panic.str1.4
                0x100059b5       0x12 CMakeFiles/main.dir/Users/shaelmurthy/me433/Pico/pico-sdk/src/rp2_common/pico_runtime/runtime.c.obj
 *fill*         0x100059b5        0x3 
 .rodata.__func__.2
                0x100059b8        0xd CMakeFiles/main.dir/Users/shaelmurthy/me433/Pico/pico-sdk/src/rp2_common/pico_runtime/runtime.c.obj
 .rodata._ftoa.str1.4
                0x100059c5       0x15 CMakeFiles/main.dir/Users/shaelmurthy/me433/Pico/pico-sdk/src/rp2_common/pico_printf/printf.c.obj
 *fill*         0x100059c5        0x3 
 .rodata._vsnprintf
                0x100059c8      0x19c CMakeFiles/main.dir/Users/shaelmurthy/me433/Pico/pico-sdk/src/rp2_common/pico_printf/printf.c.obj
 *fill*         0x10005b64        0x4 
 .rodata.pow10.0
                0x10005b68       0x50 CMakeFiles/main.dir/Users/shaelmurthy/me433/Pico/pico-sdk/src/rp2_common/pico_printf/printf.c.obj
 .rodata.__aeabi_double_init.str1.4
                0x10005bb8       0xa8 CMakeFiles/main.dir/Users/shaelmurthy/me433/Pico/pico-sdk/src/rp2_common/pico_double/double_init_rom.c.obj
 .rodata.__func__.0
                0x10005bb8       0x14 CMakeFiles/main.dir/Users/shaelmurthy/me433/Pico/pico-sdk/src/rp2_common/pico_double/double_init_rom.c.obj
 .rodata.__aeabi_float_init.str1.4
                0x10005bcc       0x8a CMakeFiles/main.dir/Users/shaelmurthy/me433/Pico/pico-sdk/src/rp2_common/pico_float/float_init_rom.c.obj
 .rodata.__func__.0
                0x10005bcc       0x13 CMakeFiles/main.dir/Users/shaelmurthy/me433/Pico/pico-sdk/src/rp2_common/pico_float/float_init_rom.c.obj
 .rodata.str1.4
                0x10005bdf       0x3c CMakeFiles/main.dir/Users/shaelmurthy/me433/Pico/pico-sdk/src/rp2_common/pico_standard_link/binary_info.c.obj
 *fill*         0x10005bdf        0x1 
 .rodata.__bi_81
                0x10005be0        0xc CMakeFiles/main.dir/Users/shaelmurthy/me433/Pico/pico-sdk/src/rp2_common/pico_standard_link/binary_info.c.obj
 .rodata.__bi_75
                0x10005bec        0xc CMakeFiles/main.dir/Users/shaelmurthy/me433/Pico/pico-sdk/src/rp2_common/pico_standard_link/binary_info.c.obj
 .rodata.__bi_44
                0x10005bf8        0xc CMakeFiles/main.dir/Users/shaelmurthy/me433/Pico/pico-sdk/src/rp2_common/pico_standard_link/binary_info.c.obj
 .rodata.update_us_since_boot.str1.4
                0x10005c04       0x6d CMakeFiles/main.dir/Users/shaelmurthy/me433/Pico/pico-sdk/src/rp2_common/pico_stdio/stdio.c.obj
 .rodata.crlf_str.2
                0x10005c04        0x2 CMakeFiles/main.dir/Users/shaelmurthy/me433/Pico/pico-sdk/src/rp2_common/pico_stdio/stdio.c.obj
 *fill*         0x10005c06        0x2 
 .rodata.__func__.3
                0x10005c08       0x15 CMakeFiles/main.dir/Users/shaelmurthy/me433/Pico/pico-sdk/src/rp2_common/pico_stdio/stdio.c.obj
 .rodata.str1.4
                0x10005c1d       0x2c CMakeFiles/main.dir/Users/shaelmurthy/me433/Pico/pico-sdk/src/rp2_common/pico_stdio_uart/stdio_uart.c.obj
 *fill*         0x10005c1d        0x3 
 .rodata.__bi_33.4
                0x10005c20        0xc CMakeFiles/main.dir/Users/shaelmurthy/me433/Pico/pico-sdk/src/rp2_common/pico_stdio_uart/stdio_uart.c.obj
 .rodata.__bi_34.5
                0x10005c2c        0x8 CMakeFiles/main.dir/Users/shaelmurthy/me433/Pico/pico-sdk/src/rp2_common/pico_stdio_uart/stdio_uart.c.obj
 .rodata.i2c_set_baudrate.str1.4
                0x10005c34       0x69 CMakeFiles/main.dir/Users/shaelmurthy/me433/Pico/pico-sdk/src/rp2_common/hardware_i2c/i2c.c.obj
 .rodata.__func__.0
                0x10005c34       0x11 CMakeFiles/main.dir/Users/shaelmurthy/me433/Pico/pico-sdk/src/rp2_common/hardware_i2c/i2c.c.obj
                0x10005ca0                        . = ALIGN (0x4)
 *fill*         0x10005c45        0x3 
 *(SORT_BY_ALIGNMENT(SORT_BY_NAME(.flashdata*)))
                0x10005c48                        . = ALIGN (0x4)

.ARM.extab
 *(.ARM.extab* .gnu.linkonce.armextab.*)
                0x10005c48                        __exidx_start = .

.ARM.exidx
 *(.ARM.exidx* .gnu.linkonce.armexidx.*)
                0x10005c48                        __exidx_end = .
                0x10005c48                        . = ALIGN (0x4)
                0x10005c48                        __binary_info_start = .

.binary_info    0x10005c48       0x24
 *(.binary_info.keep.*)
 .binary_info.keep.__bi_ptr81
                0x10005c48        0x4 CMakeFiles/main.dir/Users/shaelmurthy/me433/Pico/pico-sdk/src/rp2_common/pico_standard_link/binary_info.c.obj
 .binary_info.keep.__bi_ptr75
                0x10005c4c        0x4 CMakeFiles/main.dir/Users/shaelmurthy/me433/Pico/pico-sdk/src/rp2_common/pico_standard_link/binary_info.c.obj
 .binary_info.keep.__bi_ptr50
                0x10005c50        0x4 CMakeFiles/main.dir/Users/shaelmurthy/me433/Pico/pico-sdk/src/rp2_common/pico_standard_link/binary_info.c.obj
 .binary_info.keep.__bi_ptr44
                0x10005c54        0x4 CMakeFiles/main.dir/Users/shaelmurthy/me433/Pico/pico-sdk/src/rp2_common/pico_standard_link/binary_info.c.obj
 .binary_info.keep.__bi_ptr38
                0x10005c58        0x4 CMakeFiles/main.dir/Users/shaelmurthy/me433/Pico/pico-sdk/src/rp2_common/pico_standard_link/binary_info.c.obj
 .binary_info.keep.__bi_ptr30
                0x10005c5c        0x4 CMakeFiles/main.dir/Users/shaelmurthy/me433/Pico/pico-sdk/src/rp2_common/pico_standard_link/binary_info.c.obj
 .binary_info.keep.__bi_ptr22
                0x10005c60        0x4 CMakeFiles/main.dir/Users/shaelmurthy/me433/Pico/pico-sdk/src/rp2_common/pico_standard_link/binary_info.c.obj
 *(.binary_info.*)
 .binary_info.__bi_ptr34
                0x10005c64        0x4 CMakeFiles/main.dir/Users/shaelmurthy/me433/Pico/pico-sdk/src/rp2_common/pico_stdio_uart/stdio_uart.c.obj
 .binary_info.__bi_ptr33
                0x10005c68        0x4 CMakeFiles/main.dir/Users/shaelmurthy/me433/Pico/pico-sdk/src/rp2_common/pico_stdio_uart/stdio_uart.c.obj
                0x10005c6c                        __binary_info_end = .

.rel.dyn        0x10005c6c        0x0
 .rel.iplt      0x10005c6c        0x0 /Applications/ArmGNUToolchain/13.2.Rel1/arm-none-eabi/bin/../lib/gcc/arm-none-eabi/13.2.1/thumb/v6-m/nofp/crtbegin.o
                0x10005c6c                        . = ALIGN (0x4)

.ram_vector_table
                0x20000000       0xc0
 *(.ram_vector_table)
 .ram_vector_table
                0x20000000       0xc0 CMakeFiles/main.dir/Users/shaelmurthy/me433/Pico/pico-sdk/src/rp2_common/pico_runtime/runtime.c.obj
                0x20000000                ram_vector_table

.data           0x200000c0      0x24c load address 0x10005c6c
                0x200000c0                        __data_start__ = .
 *(vtable)
 *(.time_critical*)
 .time_critical.mutex_try_enter
                0x200000c0       0x46 CMakeFiles/main.dir/Users/shaelmurthy/me433/Pico/pico-sdk/src/common/pico_sync/mutex.c.obj
                0x200000c0                mutex_try_enter
 *fill*         0x20000106        0x2 
 .time_critical.mutex_enter_block_until
                0x20000108       0x8c CMakeFiles/main.dir/Users/shaelmurthy/me433/Pico/pico-sdk/src/common/pico_sync/mutex.c.obj
                0x20000108                mutex_enter_block_until
 .time_critical.mutex_try_enter_block_until
                0x20000194       0x34 CMakeFiles/main.dir/Users/shaelmurthy/me433/Pico/pico-sdk/src/common/pico_sync/mutex.c.obj
                0x20000194                mutex_try_enter_block_until
 .time_critical.mutex_exit
                0x200001c8       0x4c CMakeFiles/main.dir/Users/shaelmurthy/me433/Pico/pico-sdk/src/common/pico_sync/mutex.c.obj
                0x200001c8                mutex_exit
 *(.text*)
 .text          0x20000214        0x4 /Applications/ArmGNUToolchain/13.2.Rel1/arm-none-eabi/bin/../lib/gcc/arm-none-eabi/13.2.1/thumb/v6-m/nofp/libgcc.a(_dvmd_tls.o)
                0x20000214                __aeabi_ldiv0
                0x20000214                __aeabi_idiv0
 .text.__stub   0x20000218       0x20 linker stubs
                0x20000238                        . = ALIGN (0x4)
 *(.rodata*)
                0x20000238                        . = ALIGN (0x4)
 *(.data*)
 .data.SSD1306_ADDRESS
                0x20000238        0x1 CMakeFiles/main.dir/ssd1306.c.obj
                0x20000238                SSD1306_ADDRESS
 .data.striped_spin_lock_num
                0x20000239        0x1 CMakeFiles/main.dir/Users/shaelmurthy/me433/Pico/pico-sdk/src/rp2_common/hardware_sync/sync.c.obj
 *fill*         0x2000023a        0x2 
 .data          0x2000023c       0x48 CMakeFiles/main.dir/Users/shaelmurthy/me433/Pico/pico-sdk/src/rp2_common/hardware_irq/irq_handler_chain.S.obj
                0x2000023c                irq_handler_chain_slots
                0x2000026c                irq_handler_chain_first_slot
                0x20000276                irq_handler_chain_remove_tail
 .data.default_alarm_pool
                0x20000284       0x18 CMakeFiles/main.dir/Users/shaelmurthy/me433/Pico/pico-sdk/src/common/pico_time/time.c.obj
 .data.default_alarm_pool_heap
                0x2000029c       0x10 CMakeFiles/main.dir/Users/shaelmurthy/me433/Pico/pico-sdk/src/common/pico_time/time.c.obj
 *fill*         0x200002ac        0x4 
 .data.aeabi_bits_funcs
                0x200002b0       0x10 CMakeFiles/main.dir/Users/shaelmurthy/me433/Pico/pico-sdk/src/rp2_common/pico_bit_ops/bit_ops_aeabi.S.obj
                0x200002b0                aeabi_bits_funcs
                0x200002c0                aeabi_bits_funcs_end
 .data.aeabi_mem_funcs
                0x200002c0       0x10 CMakeFiles/main.dir/Users/shaelmurthy/me433/Pico/pico-sdk/src/rp2_common/pico_mem_ops/mem_ops_aeabi.S.obj
                0x200002c0                aeabi_mem_funcs
                0x200002d0                aeabi_mem_funcs_end
 .data.stdio_uart
                0x200002d0       0x18 CMakeFiles/main.dir/Users/shaelmurthy/me433/Pico/pico-sdk/src/rp2_common/pico_stdio_uart/stdio_uart.c.obj
                0x200002d0                stdio_uart
 .data.i2c0_inst
                0x200002e8        0x8 CMakeFiles/main.dir/Users/shaelmurthy/me433/Pico/pico-sdk/src/rp2_common/hardware_i2c/i2c.c.obj
                0x200002e8                i2c0_inst
                0x200002f0                        . = ALIGN (0x4)
 *(.after_data.*)
                0x200002f0                        . = ALIGN (0x4)
                0x200002f0                        PROVIDE (__mutex_array_start = .)
 *(SORT_BY_NAME(.mutex_array.*))
 *(.mutex_array)
 .mutex_array   0x200002f0        0x8 CMakeFiles/main.dir/Users/shaelmurthy/me433/Pico/pico-sdk/src/rp2_common/pico_stdio/stdio.c.obj
                0x200002f8                        PROVIDE (__mutex_array_end = .)
                0x200002f8                        . = ALIGN (0x4)
                0x200002f8                        PROVIDE (__preinit_array_start = .)
 *(SORT_BY_NAME(.preinit_array.*))
 .preinit_array.00001
                0x200002f8        0x4 CMakeFiles/main.dir/Users/shaelmurthy/me433/Pico/pico-sdk/src/rp2_common/pico_mem_ops/mem_ops_aeabi.S.obj
 .preinit_array.00010
                0x200002fc        0x4 CMakeFiles/main.dir/Users/shaelmurthy/me433/Pico/pico-sdk/src/rp2_common/pico_bit_ops/bit_ops_aeabi.S.obj
 .preinit_array.00020
                0x20000300        0x4 CMakeFiles/main.dir/Users/shaelmurthy/me433/Pico/pico-sdk/src/rp2_common/pico_double/double_aeabi.S.obj
 .preinit_array.00020
                0x20000304        0x4 CMakeFiles/main.dir/Users/shaelmurthy/me433/Pico/pico-sdk/src/rp2_common/pico_float/float_aeabi.S.obj
 *(.preinit_array)
                0x20000308                        PROVIDE (__preinit_array_end = .)
                0x20000308                        . = ALIGN (0x4)
                0x20000308                        PROVIDE (__init_array_start = .)
 *(SORT_BY_NAME(.init_array.*))
 *(.init_array)
 .init_array    0x20000308        0x4 /Applications/ArmGNUToolchain/13.2.Rel1/arm-none-eabi/bin/../lib/gcc/arm-none-eabi/13.2.1/thumb/v6-m/nofp/crtbegin.o
                0x2000030c                        PROVIDE (__init_array_end = .)
                0x2000030c                        . = ALIGN (0x4)
                [!provide]                        PROVIDE (__fini_array_start = .)
 *(SORT_BY_NAME(.fini_array.*))
 *(.fini_array)
                [!provide]                        PROVIDE (__fini_array_end = .)
 *(.jcr)
                0x2000030c                        . = ALIGN (0x4)
                0x2000030c                        __data_end__ = .
                0x10005c6c                        __etext = LOADADDR (.data)

.tm_clone_table
                0x2000030c        0x0 load address 0x10005eb8
 .tm_clone_table
                0x2000030c        0x0 /Applications/ArmGNUToolchain/13.2.Rel1/arm-none-eabi/bin/../lib/gcc/arm-none-eabi/13.2.1/thumb/v6-m/nofp/crtbegin.o
 .tm_clone_table
                0x2000030c        0x0 /Applications/ArmGNUToolchain/13.2.Rel1/arm-none-eabi/bin/../lib/gcc/arm-none-eabi/13.2.1/thumb/v6-m/nofp/crtend.o

.igot.plt       0x2000030c        0x0 load address 0x10005eb8
 .igot.plt      0x2000030c        0x0 /Applications/ArmGNUToolchain/13.2.Rel1/arm-none-eabi/bin/../lib/gcc/arm-none-eabi/13.2.1/thumb/v6-m/nofp/crtbegin.o

.uninitialized_data
                0x2000030c        0x0 load address 0x10005eb8
                0x2000030c                        . = ALIGN (0x4)
 *(.uninitialized_data*)

.scratch_x      0x20040000        0x0 load address 0x10005eb8
                0x20040000                        __scratch_x_start__ = .
 *(.scratch_x.*)
                0x20040000                        . = ALIGN (0x4)
                0x20040000                        __scratch_x_end__ = .
                0x10005eb8                        __scratch_x_source__ = LOADADDR (.scratch_x)

.scratch_y      0x20041000        0x0 load address 0x10005eb8
                0x20041000                        __scratch_y_start__ = .
 *(.scratch_y.*)
                0x20041000                        . = ALIGN (0x4)
                0x20041000                        __scratch_y_end__ = .
                0x10005eb8                        __scratch_y_source__ = LOADADDR (.scratch_y)

.bss            0x20000310      0x5d8
                0x20000310                        . = ALIGN (0x4)
                0x20000310                        __bss_start__ = .
 *(SORT_BY_ALIGNMENT(SORT_BY_NAME(.bss*)))
 .bss.default_alarm_pool_entries
                0x20000310      0x100 CMakeFiles/main.dir/Users/shaelmurthy/me433/Pico/pico-sdk/src/common/pico_time/time.c.obj
 .bss.alarm_callbacks
                0x20000410       0x10 CMakeFiles/main.dir/Users/shaelmurthy/me433/Pico/pico-sdk/src/rp2_common/hardware_timer/timer.c.obj
 .bss.chars_available_callback
                0x20000420        0x4 CMakeFiles/main.dir/Users/shaelmurthy/me433/Pico/pico-sdk/src/rp2_common/pico_stdio_uart/stdio_uart.c.obj
 .bss.chars_available_param
                0x20000424        0x4 CMakeFiles/main.dir/Users/shaelmurthy/me433/Pico/pico-sdk/src/rp2_common/pico_stdio_uart/stdio_uart.c.obj
 .bss.configured_freq
                0x20000428       0x28 CMakeFiles/main.dir/Users/shaelmurthy/me433/Pico/pico-sdk/src/rp2_common/hardware_clocks/clocks.c.obj
 .bss.default_alarm_pool_entry_ids_high
                0x20000450       0x10 CMakeFiles/main.dir/Users/shaelmurthy/me433/Pico/pico-sdk/src/common/pico_time/time.c.obj
 .bss.default_alarm_pool_heap_nodes
                0x20000460       0x30 CMakeFiles/main.dir/Users/shaelmurthy/me433/Pico/pico-sdk/src/common/pico_time/time.c.obj
 .bss.drivers   0x20000490        0x4 CMakeFiles/main.dir/Users/shaelmurthy/me433/Pico/pico-sdk/src/rp2_common/pico_stdio/stdio.c.obj
 .bss.filter    0x20000494        0x4 CMakeFiles/main.dir/Users/shaelmurthy/me433/Pico/pico-sdk/src/rp2_common/pico_stdio/stdio.c.obj
 .bss.object.0  0x20000498       0x18 /Applications/ArmGNUToolchain/13.2.Rel1/arm-none-eabi/bin/../lib/gcc/arm-none-eabi/13.2.1/thumb/v6-m/nofp/crtbegin.o
 .bss.pools     0x200004b0       0x10 CMakeFiles/main.dir/Users/shaelmurthy/me433/Pico/pico-sdk/src/common/pico_time/time.c.obj
 .bss.sd_table  0x200004c0      0x100 CMakeFiles/main.dir/Users/shaelmurthy/me433/Pico/pico-sdk/src/rp2_common/pico_double/double_init_rom.c.obj
                0x200004c0                sd_table
 .bss.sf_clz_func
                0x200005c0        0x4 CMakeFiles/main.dir/Users/shaelmurthy/me433/Pico/pico-sdk/src/rp2_common/pico_double/double_init_rom.c.obj
                0x200005c0                sf_clz_func
 .bss.sf_table  0x200005c4      0x100 CMakeFiles/main.dir/Users/shaelmurthy/me433/Pico/pico-sdk/src/rp2_common/pico_float/float_init_rom.c.obj
                0x200005c4                sf_table
 .bss.sleep_notifier
                0x200006c4        0x4 CMakeFiles/main.dir/Users/shaelmurthy/me433/Pico/pico-sdk/src/common/pico_time/time.c.obj
 .bss.ssd1306_buffer
                0x200006c8      0x201 CMakeFiles/main.dir/ssd1306.c.obj
                0x200006c8                ssd1306_buffer
 *fill*         0x200008c9        0x3 
 .bss.target_hi
                0x200008cc       0x10 CMakeFiles/main.dir/Users/shaelmurthy/me433/Pico/pico-sdk/src/rp2_common/hardware_timer/timer.c.obj
 .bss.uart_char_to_line_feed
                0x200008dc        0x4 CMakeFiles/main.dir/Users/shaelmurthy/me433/Pico/pico-sdk/src/rp2_common/hardware_uart/uart.c.obj
                0x200008dc                uart_char_to_line_feed
 .bss.uart_instance
                0x200008e0        0x4 CMakeFiles/main.dir/Users/shaelmurthy/me433/Pico/pico-sdk/src/rp2_common/pico_stdio_uart/stdio_uart.c.obj
 .bss.claimed   0x200008e4        0x1 CMakeFiles/main.dir/Users/shaelmurthy/me433/Pico/pico-sdk/src/rp2_common/hardware_timer/timer.c.obj
 .bss.irq_hander_chain_free_slot_head
                0x200008e5        0x1 CMakeFiles/main.dir/Users/shaelmurthy/me433/Pico/pico-sdk/src/rp2_common/hardware_irq/irq.c.obj
 .bss.timer_callbacks_pending
                0x200008e6        0x1 CMakeFiles/main.dir/Users/shaelmurthy/me433/Pico/pico-sdk/src/rp2_common/hardware_timer/timer.c.obj
 *(COMMON)
                0x200008e8                        . = ALIGN (0x4)
 *fill*         0x200008e7        0x1 
                0x200008e8                        __bss_end__ = .

.heap           0x200008e8      0x800
                0x200008e8                        __end__ = .
                0x200008e8                        end = __end__
 *(.heap*)
 .heap          0x200008e8      0x800 CMakeFiles/main.dir/Users/shaelmurthy/me433/Pico/pico-sdk/src/rp2_common/pico_standard_link/crt0.S.obj
                0x200010e8                        __HeapLimit = .

.stack1_dummy
 *(.stack1*)

.stack_dummy    0x20041000      0x800
 *(.stack*)
 .stack         0x20041000      0x800 CMakeFiles/main.dir/Users/shaelmurthy/me433/Pico/pico-sdk/src/rp2_common/pico_standard_link/crt0.S.obj

.flash_end      0x10005eb8        0x0
                0x10005eb8                        PROVIDE (__flash_binary_end = .)
                0x20040000                        __StackLimit = (ORIGIN (RAM) + LENGTH (RAM))
                0x20041000                        __StackOneTop = (ORIGIN (SCRATCH_X) + LENGTH (SCRATCH_X))
                0x20042000                        __StackTop = (ORIGIN (SCRATCH_Y) + LENGTH (SCRATCH_Y))
                0x20041000                        __StackOneBottom = (__StackOneTop - SIZEOF (.stack1_dummy))
                0x20041800                        __StackBottom = (__StackTop - SIZEOF (.stack_dummy))
                0x20042000                        PROVIDE (__stack = __StackTop)
                0x00000001                        ASSERT ((__StackLimit >= __HeapLimit), region RAM overflowed)
                0x00000001                        ASSERT (((__binary_info_header_end - __logical_binary_start) <= 0x100), Binary info must be in first 256 bytes of the binary)
LOAD CMakeFiles/main.dir/main.c.obj
LOAD CMakeFiles/main.dir/ssd1306.c.obj
LOAD CMakeFiles/main.dir/Users/shaelmurthy/me433/Pico/pico-sdk/src/rp2_common/pico_stdlib/stdlib.c.obj
LOAD CMakeFiles/main.dir/Users/shaelmurthy/me433/Pico/pico-sdk/src/rp2_common/hardware_gpio/gpio.c.obj
LOAD CMakeFiles/main.dir/Users/shaelmurthy/me433/Pico/pico-sdk/src/rp2_common/pico_platform/platform.c.obj
LOAD CMakeFiles/main.dir/Users/shaelmurthy/me433/Pico/pico-sdk/src/rp2_common/hardware_claim/claim.c.obj
LOAD CMakeFiles/main.dir/Users/shaelmurthy/me433/Pico/pico-sdk/src/rp2_common/hardware_sync/sync.c.obj
LOAD CMakeFiles/main.dir/Users/shaelmurthy/me433/Pico/pico-sdk/src/rp2_common/hardware_irq/irq.c.obj
LOAD CMakeFiles/main.dir/Users/shaelmurthy/me433/Pico/pico-sdk/src/rp2_common/hardware_irq/irq_handler_chain.S.obj
LOAD CMakeFiles/main.dir/Users/shaelmurthy/me433/Pico/pico-sdk/src/common/pico_sync/sem.c.obj
LOAD CMakeFiles/main.dir/Users/shaelmurthy/me433/Pico/pico-sdk/src/common/pico_sync/lock_core.c.obj
LOAD CMakeFiles/main.dir/Users/shaelmurthy/me433/Pico/pico-sdk/src/common/pico_sync/mutex.c.obj
LOAD CMakeFiles/main.dir/Users/shaelmurthy/me433/Pico/pico-sdk/src/common/pico_sync/critical_section.c.obj
LOAD CMakeFiles/main.dir/Users/shaelmurthy/me433/Pico/pico-sdk/src/common/pico_time/time.c.obj
LOAD CMakeFiles/main.dir/Users/shaelmurthy/me433/Pico/pico-sdk/src/common/pico_time/timeout_helper.c.obj
LOAD CMakeFiles/main.dir/Users/shaelmurthy/me433/Pico/pico-sdk/src/rp2_common/hardware_timer/timer.c.obj
LOAD CMakeFiles/main.dir/Users/shaelmurthy/me433/Pico/pico-sdk/src/common/pico_util/datetime.c.obj
LOAD CMakeFiles/main.dir/Users/shaelmurthy/me433/Pico/pico-sdk/src/common/pico_util/pheap.c.obj
LOAD CMakeFiles/main.dir/Users/shaelmurthy/me433/Pico/pico-sdk/src/common/pico_util/queue.c.obj
LOAD CMakeFiles/main.dir/Users/shaelmurthy/me433/Pico/pico-sdk/src/rp2_common/hardware_uart/uart.c.obj
LOAD CMakeFiles/main.dir/Users/shaelmurthy/me433/Pico/pico-sdk/src/rp2_common/hardware_clocks/clocks.c.obj
LOAD CMakeFiles/main.dir/Users/shaelmurthy/me433/Pico/pico-sdk/src/rp2_common/hardware_pll/pll.c.obj
LOAD CMakeFiles/main.dir/Users/shaelmurthy/me433/Pico/pico-sdk/src/rp2_common/hardware_vreg/vreg.c.obj
LOAD CMakeFiles/main.dir/Users/shaelmurthy/me433/Pico/pico-sdk/src/rp2_common/hardware_watchdog/watchdog.c.obj
LOAD CMakeFiles/main.dir/Users/shaelmurthy/me433/Pico/pico-sdk/src/rp2_common/hardware_xosc/xosc.c.obj
LOAD CMakeFiles/main.dir/Users/shaelmurthy/me433/Pico/pico-sdk/src/rp2_common/hardware_divider/divider.S.obj
LOAD CMakeFiles/main.dir/Users/shaelmurthy/me433/Pico/pico-sdk/src/rp2_common/pico_runtime/runtime.c.obj
LOAD CMakeFiles/main.dir/Users/shaelmurthy/me433/Pico/pico-sdk/src/rp2_common/pico_printf/printf.c.obj
LOAD CMakeFiles/main.dir/Users/shaelmurthy/me433/Pico/pico-sdk/src/rp2_common/pico_bit_ops/bit_ops_aeabi.S.obj
LOAD CMakeFiles/main.dir/Users/shaelmurthy/me433/Pico/pico-sdk/src/rp2_common/pico_bootrom/bootrom.c.obj
LOAD CMakeFiles/main.dir/Users/shaelmurthy/me433/Pico/pico-sdk/src/rp2_common/pico_divider/divider.S.obj
LOAD CMakeFiles/main.dir/Users/shaelmurthy/me433/Pico/pico-sdk/src/rp2_common/pico_double/double_aeabi.S.obj
LOAD CMakeFiles/main.dir/Users/shaelmurthy/me433/Pico/pico-sdk/src/rp2_common/pico_double/double_init_rom.c.obj
LOAD CMakeFiles/main.dir/Users/shaelmurthy/me433/Pico/pico-sdk/src/rp2_common/pico_double/double_math.c.obj
LOAD CMakeFiles/main.dir/Users/shaelmurthy/me433/Pico/pico-sdk/src/rp2_common/pico_double/double_v1_rom_shim.S.obj
LOAD CMakeFiles/main.dir/Users/shaelmurthy/me433/Pico/pico-sdk/src/rp2_common/pico_int64_ops/pico_int64_ops_aeabi.S.obj
LOAD CMakeFiles/main.dir/Users/shaelmurthy/me433/Pico/pico-sdk/src/rp2_common/pico_float/float_aeabi.S.obj
LOAD CMakeFiles/main.dir/Users/shaelmurthy/me433/Pico/pico-sdk/src/rp2_common/pico_float/float_init_rom.c.obj
LOAD CMakeFiles/main.dir/Users/shaelmurthy/me433/Pico/pico-sdk/src/rp2_common/pico_float/float_math.c.obj
LOAD CMakeFiles/main.dir/Users/shaelmurthy/me433/Pico/pico-sdk/src/rp2_common/pico_float/float_v1_rom_shim.S.obj
LOAD CMakeFiles/main.dir/Users/shaelmurthy/me433/Pico/pico-sdk/src/rp2_common/pico_malloc/pico_malloc.c.obj
LOAD CMakeFiles/main.dir/Users/shaelmurthy/me433/Pico/pico-sdk/src/rp2_common/pico_mem_ops/mem_ops_aeabi.S.obj
LOAD CMakeFiles/main.dir/Users/shaelmurthy/me433/Pico/pico-sdk/src/rp2_common/pico_standard_link/crt0.S.obj
LOAD CMakeFiles/main.dir/Users/shaelmurthy/me433/Pico/pico-sdk/src/rp2_common/pico_standard_link/new_delete.cpp.obj
LOAD CMakeFiles/main.dir/Users/shaelmurthy/me433/Pico/pico-sdk/src/rp2_common/pico_standard_link/binary_info.c.obj
LOAD CMakeFiles/main.dir/Users/shaelmurthy/me433/Pico/pico-sdk/src/rp2_common/pico_stdio/stdio.c.obj
LOAD CMakeFiles/main.dir/Users/shaelmurthy/me433/Pico/pico-sdk/src/rp2_common/pico_stdio_uart/stdio_uart.c.obj
LOAD CMakeFiles/main.dir/Users/shaelmurthy/me433/Pico/pico-sdk/src/rp2_common/hardware_i2c/i2c.c.obj
LOAD /var/folders/f5/lb32ykv162z1ymk2m790j7j80000gp/T//ccN98aU7.o
LOAD /Applications/ArmGNUToolchain/13.2.Rel1/arm-none-eabi/bin/../lib/gcc/arm-none-eabi/13.2.1/../../../../arm-none-eabi/lib/thumb/v6-m/nofp/libstdc++.a
LOAD /Applications/ArmGNUToolchain/13.2.Rel1/arm-none-eabi/bin/../lib/gcc/arm-none-eabi/13.2.1/../../../../arm-none-eabi/lib/thumb/v6-m/nofp/libm.a
START GROUP
LOAD /Applications/ArmGNUToolchain/13.2.Rel1/arm-none-eabi/bin/../lib/gcc/arm-none-eabi/13.2.1/thumb/v6-m/nofp/libgcc.a
LOAD /Applications/ArmGNUToolchain/13.2.Rel1/arm-none-eabi/bin/../lib/gcc/arm-none-eabi/13.2.1/../../../../arm-none-eabi/lib/thumb/v6-m/nofp/libg.a
LOAD /Applications/ArmGNUToolchain/13.2.Rel1/arm-none-eabi/bin/../lib/gcc/arm-none-eabi/13.2.1/../../../../arm-none-eabi/lib/thumb/v6-m/nofp/libc.a
END GROUP
START GROUP
LOAD /Applications/ArmGNUToolchain/13.2.Rel1/arm-none-eabi/bin/../lib/gcc/arm-none-eabi/13.2.1/thumb/v6-m/nofp/libgcc.a
LOAD /Applications/ArmGNUToolchain/13.2.Rel1/arm-none-eabi/bin/../lib/gcc/arm-none-eabi/13.2.1/../../../../arm-none-eabi/lib/thumb/v6-m/nofp/libc.a
LOAD /Applications/ArmGNUToolchain/13.2.Rel1/arm-none-eabi/bin/../lib/gcc/arm-none-eabi/13.2.1/../../../../arm-none-eabi/lib/thumb/v6-m/nofp/libnosys.a
END GROUP
LOAD /Applications/ArmGNUToolchain/13.2.Rel1/arm-none-eabi/bin/../lib/gcc/arm-none-eabi/13.2.1/thumb/v6-m/nofp/crtend.o
LOAD /Applications/ArmGNUToolchain/13.2.Rel1/arm-none-eabi/bin/../lib/gcc/arm-none-eabi/13.2.1/thumb/v6-m/nofp/crtn.o
OUTPUT(main.elf elf32-littlearm)
LOAD linker stubs

.ARM.attributes
                0x00000000       0x28
 .ARM.attributes
                0x00000000       0x1e /Applications/ArmGNUToolchain/13.2.Rel1/arm-none-eabi/bin/../lib/gcc/arm-none-eabi/13.2.1/thumb/v6-m/nofp/crti.o
 .ARM.attributes
                0x0000001e       0x2c /Applications/ArmGNUToolchain/13.2.Rel1/arm-none-eabi/bin/../lib/gcc/arm-none-eabi/13.2.1/thumb/v6-m/nofp/crtbegin.o
 .ARM.attributes
                0x0000004a       0x2c CMakeFiles/main.dir/main.c.obj
 .ARM.attributes
                0x00000076       0x2c CMakeFiles/main.dir/ssd1306.c.obj
 .ARM.attributes
                0x000000a2       0x2c CMakeFiles/main.dir/Users/shaelmurthy/me433/Pico/pico-sdk/src/rp2_common/hardware_gpio/gpio.c.obj
 .ARM.attributes
                0x000000ce       0x2c CMakeFiles/main.dir/Users/shaelmurthy/me433/Pico/pico-sdk/src/rp2_common/pico_platform/platform.c.obj
 .ARM.attributes
                0x000000fa       0x2c CMakeFiles/main.dir/Users/shaelmurthy/me433/Pico/pico-sdk/src/rp2_common/hardware_claim/claim.c.obj
 .ARM.attributes
                0x00000126       0x2c CMakeFiles/main.dir/Users/shaelmurthy/me433/Pico/pico-sdk/src/rp2_common/hardware_sync/sync.c.obj
 .ARM.attributes
                0x00000152       0x2c CMakeFiles/main.dir/Users/shaelmurthy/me433/Pico/pico-sdk/src/rp2_common/hardware_irq/irq.c.obj
 .ARM.attributes
                0x0000017e       0x22 CMakeFiles/main.dir/Users/shaelmurthy/me433/Pico/pico-sdk/src/rp2_common/hardware_irq/irq_handler_chain.S.obj
 .ARM.attributes
                0x000001a0       0x2c CMakeFiles/main.dir/Users/shaelmurthy/me433/Pico/pico-sdk/src/common/pico_sync/lock_core.c.obj
 .ARM.attributes
                0x000001cc       0x2c CMakeFiles/main.dir/Users/shaelmurthy/me433/Pico/pico-sdk/src/common/pico_sync/mutex.c.obj
 .ARM.attributes
                0x000001f8       0x2c CMakeFiles/main.dir/Users/shaelmurthy/me433/Pico/pico-sdk/src/common/pico_time/time.c.obj
 .ARM.attributes
                0x00000224       0x2c CMakeFiles/main.dir/Users/shaelmurthy/me433/Pico/pico-sdk/src/rp2_common/hardware_timer/timer.c.obj
 .ARM.attributes
                0x00000250       0x2c CMakeFiles/main.dir/Users/shaelmurthy/me433/Pico/pico-sdk/src/common/pico_util/pheap.c.obj
 .ARM.attributes
                0x0000027c       0x2c CMakeFiles/main.dir/Users/shaelmurthy/me433/Pico/pico-sdk/src/rp2_common/hardware_uart/uart.c.obj
 .ARM.attributes
                0x000002a8       0x2c CMakeFiles/main.dir/Users/shaelmurthy/me433/Pico/pico-sdk/src/rp2_common/hardware_clocks/clocks.c.obj
 .ARM.attributes
                0x000002d4       0x2c CMakeFiles/main.dir/Users/shaelmurthy/me433/Pico/pico-sdk/src/rp2_common/hardware_pll/pll.c.obj
 .ARM.attributes
                0x00000300       0x2c CMakeFiles/main.dir/Users/shaelmurthy/me433/Pico/pico-sdk/src/rp2_common/hardware_watchdog/watchdog.c.obj
 .ARM.attributes
                0x0000032c       0x2c CMakeFiles/main.dir/Users/shaelmurthy/me433/Pico/pico-sdk/src/rp2_common/hardware_xosc/xosc.c.obj
 .ARM.attributes
                0x00000358       0x2c CMakeFiles/main.dir/Users/shaelmurthy/me433/Pico/pico-sdk/src/rp2_common/pico_runtime/runtime.c.obj
 .ARM.attributes
                0x00000384       0x2c CMakeFiles/main.dir/Users/shaelmurthy/me433/Pico/pico-sdk/src/rp2_common/pico_printf/printf.c.obj
 .ARM.attributes
                0x000003b0       0x22 CMakeFiles/main.dir/Users/shaelmurthy/me433/Pico/pico-sdk/src/rp2_common/pico_bit_ops/bit_ops_aeabi.S.obj
 .ARM.attributes
                0x000003d2       0x2c CMakeFiles/main.dir/Users/shaelmurthy/me433/Pico/pico-sdk/src/rp2_common/pico_bootrom/bootrom.c.obj
 .ARM.attributes
                0x000003fe       0x22 CMakeFiles/main.dir/Users/shaelmurthy/me433/Pico/pico-sdk/src/rp2_common/pico_divider/divider.S.obj
 .ARM.attributes
                0x00000420       0x22 CMakeFiles/main.dir/Users/shaelmurthy/me433/Pico/pico-sdk/src/rp2_common/pico_double/double_aeabi.S.obj
 .ARM.attributes
                0x00000442       0x2c CMakeFiles/main.dir/Users/shaelmurthy/me433/Pico/pico-sdk/src/rp2_common/pico_double/double_init_rom.c.obj
 .ARM.attributes
                0x0000046e       0x22 CMakeFiles/main.dir/Users/shaelmurthy/me433/Pico/pico-sdk/src/rp2_common/pico_double/double_v1_rom_shim.S.obj
 .ARM.attributes
                0x00000490       0x22 CMakeFiles/main.dir/Users/shaelmurthy/me433/Pico/pico-sdk/src/rp2_common/pico_int64_ops/pico_int64_ops_aeabi.S.obj
 .ARM.attributes
                0x000004b2       0x22 CMakeFiles/main.dir/Users/shaelmurthy/me433/Pico/pico-sdk/src/rp2_common/pico_float/float_aeabi.S.obj
 .ARM.attributes
                0x000004d4       0x2c CMakeFiles/main.dir/Users/shaelmurthy/me433/Pico/pico-sdk/src/rp2_common/pico_float/float_init_rom.c.obj
 .ARM.attributes
                0x00000500       0x22 CMakeFiles/main.dir/Users/shaelmurthy/me433/Pico/pico-sdk/src/rp2_common/pico_float/float_v1_rom_shim.S.obj
 .ARM.attributes
                0x00000522       0x22 CMakeFiles/main.dir/Users/shaelmurthy/me433/Pico/pico-sdk/src/rp2_common/pico_mem_ops/mem_ops_aeabi.S.obj
 .ARM.attributes
                0x00000544       0x22 CMakeFiles/main.dir/Users/shaelmurthy/me433/Pico/pico-sdk/src/rp2_common/pico_standard_link/crt0.S.obj
 .ARM.attributes
                0x00000566       0x2c CMakeFiles/main.dir/Users/shaelmurthy/me433/Pico/pico-sdk/src/rp2_common/pico_standard_link/binary_info.c.obj
 .ARM.attributes
                0x00000592       0x2c CMakeFiles/main.dir/Users/shaelmurthy/me433/Pico/pico-sdk/src/rp2_common/pico_stdio/stdio.c.obj
 .ARM.attributes
                0x000005be       0x2c CMakeFiles/main.dir/Users/shaelmurthy/me433/Pico/pico-sdk/src/rp2_common/pico_stdio_uart/stdio_uart.c.obj
 .ARM.attributes
                0x000005ea       0x2c CMakeFiles/main.dir/Users/shaelmurthy/me433/Pico/pico-sdk/src/rp2_common/hardware_i2c/i2c.c.obj
 .ARM.attributes
                0x00000616       0x22 /var/folders/f5/lb32ykv162z1ymk2m790j7j80000gp/T//ccN98aU7.o
 .ARM.attributes
                0x00000638       0x1e /Applications/ArmGNUToolchain/13.2.Rel1/arm-none-eabi/bin/../lib/gcc/arm-none-eabi/13.2.1/thumb/v6-m/nofp/libgcc.a(_dvmd_tls.o)
 .ARM.attributes
                0x00000656       0x2c /Applications/ArmGNUToolchain/13.2.Rel1/arm-none-eabi/bin/../lib/gcc/arm-none-eabi/13.2.1/../../../../arm-none-eabi/lib/thumb/v6-m/nofp/libg.a(libc_a-strlen-stub.o)
 .ARM.attributes
                0x00000682       0x2c /Applications/ArmGNUToolchain/13.2.Rel1/arm-none-eabi/bin/../lib/gcc/arm-none-eabi/13.2.1/thumb/v6-m/nofp/crtend.o

.comment        0x00000000       0x44
 .comment       0x00000000       0x44 CMakeFiles/main.dir/main.c.obj
                                 0x45 (size before relaxing)
 .comment       0x00000044       0x45 CMakeFiles/main.dir/ssd1306.c.obj
 .comment       0x00000044       0x45 CMakeFiles/main.dir/Users/shaelmurthy/me433/Pico/pico-sdk/src/rp2_common/hardware_gpio/gpio.c.obj
 .comment       0x00000044       0x45 CMakeFiles/main.dir/Users/shaelmurthy/me433/Pico/pico-sdk/src/rp2_common/pico_platform/platform.c.obj
 .comment       0x00000044       0x45 CMakeFiles/main.dir/Users/shaelmurthy/me433/Pico/pico-sdk/src/rp2_common/hardware_claim/claim.c.obj
 .comment       0x00000044       0x45 CMakeFiles/main.dir/Users/shaelmurthy/me433/Pico/pico-sdk/src/rp2_common/hardware_sync/sync.c.obj
 .comment       0x00000044       0x45 CMakeFiles/main.dir/Users/shaelmurthy/me433/Pico/pico-sdk/src/rp2_common/hardware_irq/irq.c.obj
 .comment       0x00000044       0x45 CMakeFiles/main.dir/Users/shaelmurthy/me433/Pico/pico-sdk/src/common/pico_sync/lock_core.c.obj
 .comment       0x00000044       0x45 CMakeFiles/main.dir/Users/shaelmurthy/me433/Pico/pico-sdk/src/common/pico_sync/mutex.c.obj
 .comment       0x00000044       0x45 CMakeFiles/main.dir/Users/shaelmurthy/me433/Pico/pico-sdk/src/common/pico_time/time.c.obj
 .comment       0x00000044       0x45 CMakeFiles/main.dir/Users/shaelmurthy/me433/Pico/pico-sdk/src/rp2_common/hardware_timer/timer.c.obj
 .comment       0x00000044       0x45 CMakeFiles/main.dir/Users/shaelmurthy/me433/Pico/pico-sdk/src/common/pico_util/pheap.c.obj
 .comment       0x00000044       0x45 CMakeFiles/main.dir/Users/shaelmurthy/me433/Pico/pico-sdk/src/rp2_common/hardware_uart/uart.c.obj
 .comment       0x00000044       0x45 CMakeFiles/main.dir/Users/shaelmurthy/me433/Pico/pico-sdk/src/rp2_common/hardware_clocks/clocks.c.obj
 .comment       0x00000044       0x45 CMakeFiles/main.dir/Users/shaelmurthy/me433/Pico/pico-sdk/src/rp2_common/hardware_pll/pll.c.obj
 .comment       0x00000044       0x45 CMakeFiles/main.dir/Users/shaelmurthy/me433/Pico/pico-sdk/src/rp2_common/hardware_watchdog/watchdog.c.obj
 .comment       0x00000044       0x45 CMakeFiles/main.dir/Users/shaelmurthy/me433/Pico/pico-sdk/src/rp2_common/hardware_xosc/xosc.c.obj
 .comment       0x00000044       0x45 CMakeFiles/main.dir/Users/shaelmurthy/me433/Pico/pico-sdk/src/rp2_common/pico_runtime/runtime.c.obj
 .comment       0x00000044       0x45 CMakeFiles/main.dir/Users/shaelmurthy/me433/Pico/pico-sdk/src/rp2_common/pico_printf/printf.c.obj
 .comment       0x00000044       0x45 CMakeFiles/main.dir/Users/shaelmurthy/me433/Pico/pico-sdk/src/rp2_common/pico_bootrom/bootrom.c.obj
 .comment       0x00000044       0x45 CMakeFiles/main.dir/Users/shaelmurthy/me433/Pico/pico-sdk/src/rp2_common/pico_double/double_init_rom.c.obj
 .comment       0x00000044       0x45 CMakeFiles/main.dir/Users/shaelmurthy/me433/Pico/pico-sdk/src/rp2_common/pico_float/float_init_rom.c.obj
 .comment       0x00000044       0x45 CMakeFiles/main.dir/Users/shaelmurthy/me433/Pico/pico-sdk/src/rp2_common/pico_standard_link/binary_info.c.obj
 .comment       0x00000044       0x45 CMakeFiles/main.dir/Users/shaelmurthy/me433/Pico/pico-sdk/src/rp2_common/pico_stdio/stdio.c.obj
 .comment       0x00000044       0x45 CMakeFiles/main.dir/Users/shaelmurthy/me433/Pico/pico-sdk/src/rp2_common/pico_stdio_uart/stdio_uart.c.obj
 .comment       0x00000044       0x45 CMakeFiles/main.dir/Users/shaelmurthy/me433/Pico/pico-sdk/src/rp2_common/hardware_i2c/i2c.c.obj

.debug_info     0x00000000    0x16c27
 .debug_info    0x00000000      0xc95 CMakeFiles/main.dir/main.c.obj
 .debug_info    0x00000c95      0x98e CMakeFiles/main.dir/ssd1306.c.obj
 .debug_info    0x00001623     0x184b CMakeFiles/main.dir/Users/shaelmurthy/me433/Pico/pico-sdk/src/rp2_common/hardware_gpio/gpio.c.obj
 .debug_info    0x00002e6e      0x1fb CMakeFiles/main.dir/Users/shaelmurthy/me433/Pico/pico-sdk/src/rp2_common/pico_platform/platform.c.obj
 .debug_info    0x00003069      0x69a CMakeFiles/main.dir/Users/shaelmurthy/me433/Pico/pico-sdk/src/rp2_common/hardware_claim/claim.c.obj
 .debug_info    0x00003703      0x5fa CMakeFiles/main.dir/Users/shaelmurthy/me433/Pico/pico-sdk/src/rp2_common/hardware_sync/sync.c.obj
 .debug_info    0x00003cfd     0x1c43 CMakeFiles/main.dir/Users/shaelmurthy/me433/Pico/pico-sdk/src/rp2_common/hardware_irq/irq.c.obj
 .debug_info    0x00005940      0x1a3 CMakeFiles/main.dir/Users/shaelmurthy/me433/Pico/pico-sdk/src/common/pico_sync/lock_core.c.obj
 .debug_info    0x00005ae3     0x1d29 CMakeFiles/main.dir/Users/shaelmurthy/me433/Pico/pico-sdk/src/common/pico_sync/mutex.c.obj
 .debug_info    0x0000780c     0x33f9 CMakeFiles/main.dir/Users/shaelmurthy/me433/Pico/pico-sdk/src/common/pico_time/time.c.obj
 .debug_info    0x0000ac05     0x145b CMakeFiles/main.dir/Users/shaelmurthy/me433/Pico/pico-sdk/src/rp2_common/hardware_timer/timer.c.obj
 .debug_info    0x0000c060      0xe82 CMakeFiles/main.dir/Users/shaelmurthy/me433/Pico/pico-sdk/src/common/pico_util/pheap.c.obj
 .debug_info    0x0000cee2      0xd98 CMakeFiles/main.dir/Users/shaelmurthy/me433/Pico/pico-sdk/src/rp2_common/hardware_uart/uart.c.obj
 .debug_info    0x0000dc7a      0xfe7 CMakeFiles/main.dir/Users/shaelmurthy/me433/Pico/pico-sdk/src/rp2_common/hardware_clocks/clocks.c.obj
 .debug_info    0x0000ec61      0x505 CMakeFiles/main.dir/Users/shaelmurthy/me433/Pico/pico-sdk/src/rp2_common/hardware_pll/pll.c.obj
 .debug_info    0x0000f166      0x4d8 CMakeFiles/main.dir/Users/shaelmurthy/me433/Pico/pico-sdk/src/rp2_common/hardware_watchdog/watchdog.c.obj
 .debug_info    0x0000f63e      0x1c7 CMakeFiles/main.dir/Users/shaelmurthy/me433/Pico/pico-sdk/src/rp2_common/hardware_xosc/xosc.c.obj
 .debug_info    0x0000f805      0xf23 CMakeFiles/main.dir/Users/shaelmurthy/me433/Pico/pico-sdk/src/rp2_common/pico_runtime/runtime.c.obj
 .debug_info    0x00010728     0x19db CMakeFiles/main.dir/Users/shaelmurthy/me433/Pico/pico-sdk/src/rp2_common/pico_printf/printf.c.obj
 .debug_info    0x00012103       0x23 CMakeFiles/main.dir/Users/shaelmurthy/me433/Pico/pico-sdk/src/rp2_common/pico_bit_ops/bit_ops_aeabi.S.obj
 .debug_info    0x00012126      0x331 CMakeFiles/main.dir/Users/shaelmurthy/me433/Pico/pico-sdk/src/rp2_common/pico_bootrom/bootrom.c.obj
 .debug_info    0x00012457       0x23 CMakeFiles/main.dir/Users/shaelmurthy/me433/Pico/pico-sdk/src/rp2_common/pico_divider/divider.S.obj
 .debug_info    0x0001247a       0x23 CMakeFiles/main.dir/Users/shaelmurthy/me433/Pico/pico-sdk/src/rp2_common/pico_double/double_aeabi.S.obj
 .debug_info    0x0001249d      0x33b CMakeFiles/main.dir/Users/shaelmurthy/me433/Pico/pico-sdk/src/rp2_common/pico_double/double_init_rom.c.obj
 .debug_info    0x000127d8       0x23 CMakeFiles/main.dir/Users/shaelmurthy/me433/Pico/pico-sdk/src/rp2_common/pico_double/double_v1_rom_shim.S.obj
 .debug_info    0x000127fb       0x24 CMakeFiles/main.dir/Users/shaelmurthy/me433/Pico/pico-sdk/src/rp2_common/pico_int64_ops/pico_int64_ops_aeabi.S.obj
 .debug_info    0x0001281f       0x23 CMakeFiles/main.dir/Users/shaelmurthy/me433/Pico/pico-sdk/src/rp2_common/pico_float/float_aeabi.S.obj
 .debug_info    0x00012842      0x34f CMakeFiles/main.dir/Users/shaelmurthy/me433/Pico/pico-sdk/src/rp2_common/pico_float/float_init_rom.c.obj
 .debug_info    0x00012b91       0x23 CMakeFiles/main.dir/Users/shaelmurthy/me433/Pico/pico-sdk/src/rp2_common/pico_float/float_v1_rom_shim.S.obj
 .debug_info    0x00012bb4       0x23 CMakeFiles/main.dir/Users/shaelmurthy/me433/Pico/pico-sdk/src/rp2_common/pico_mem_ops/mem_ops_aeabi.S.obj
 .debug_info    0x00012bd7       0x23 CMakeFiles/main.dir/Users/shaelmurthy/me433/Pico/pico-sdk/src/rp2_common/pico_standard_link/crt0.S.obj
 .debug_info    0x00012bfa      0x2b8 CMakeFiles/main.dir/Users/shaelmurthy/me433/Pico/pico-sdk/src/rp2_common/pico_standard_link/binary_info.c.obj
 .debug_info    0x00012eb2     0x1743 CMakeFiles/main.dir/Users/shaelmurthy/me433/Pico/pico-sdk/src/rp2_common/pico_stdio/stdio.c.obj
 .debug_info    0x000145f5     0x1035 CMakeFiles/main.dir/Users/shaelmurthy/me433/Pico/pico-sdk/src/rp2_common/pico_stdio_uart/stdio_uart.c.obj
 .debug_info    0x0001562a     0x15fd CMakeFiles/main.dir/Users/shaelmurthy/me433/Pico/pico-sdk/src/rp2_common/hardware_i2c/i2c.c.obj

.debug_abbrev   0x00000000     0x4dfb
 .debug_abbrev  0x00000000      0x369 CMakeFiles/main.dir/main.c.obj
 .debug_abbrev  0x00000369      0x200 CMakeFiles/main.dir/ssd1306.c.obj
 .debug_abbrev  0x00000569      0x3a6 CMakeFiles/main.dir/Users/shaelmurthy/me433/Pico/pico-sdk/src/rp2_common/hardware_gpio/gpio.c.obj
 .debug_abbrev  0x0000090f       0xf8 CMakeFiles/main.dir/Users/shaelmurthy/me433/Pico/pico-sdk/src/rp2_common/pico_platform/platform.c.obj
 .debug_abbrev  0x00000a07      0x2ce CMakeFiles/main.dir/Users/shaelmurthy/me433/Pico/pico-sdk/src/rp2_common/hardware_claim/claim.c.obj
 .debug_abbrev  0x00000cd5      0x249 CMakeFiles/main.dir/Users/shaelmurthy/me433/Pico/pico-sdk/src/rp2_common/hardware_sync/sync.c.obj
 .debug_abbrev  0x00000f1e      0x500 CMakeFiles/main.dir/Users/shaelmurthy/me433/Pico/pico-sdk/src/rp2_common/hardware_irq/irq.c.obj