Archive member included to satisfy reference by file (symbol)

/Applications/ArmGNUToolchain/13.2.Rel1/arm-none-eabi/bin/../lib/gcc/arm-none-eabi/13.2.1/thumb/v6-m/nofp/libgcc.a(_dvmd_tls.o)
                              CMakeFiles/uart_advanced.dir/Users/shaelmurthy/me433/Pico/pico-sdk/src/rp2_common/pico_divider/divider.S.obj (__aeabi_idiv0)
/Applications/ArmGNUToolchain/13.2.Rel1/arm-none-eabi/bin/../lib/gcc/arm-none-eabi/13.2.1/../../../../arm-none-eabi/lib/thumb/v6-m/nofp/libg.a(libc_a-calloc.o)
                              CMakeFiles/uart_advanced.dir/Users/shaelmurthy/me433/Pico/pico-sdk/src/rp2_common/pico_malloc/pico_malloc.c.obj (calloc)
/Applications/ArmGNUToolchain/13.2.Rel1/arm-none-eabi/bin/../lib/gcc/arm-none-eabi/13.2.1/../../../../arm-none-eabi/lib/thumb/v6-m/nofp/libg.a(libc_a-callocr.o)
                              /Applications/ArmGNUToolchain/13.2.Rel1/arm-none-eabi/bin/../lib/gcc/arm-none-eabi/13.2.1/../../../../arm-none-eabi/lib/thumb/v6-m/nofp/libg.a(libc_a-calloc.o) (_calloc_r)
/Applications/ArmGNUToolchain/13.2.Rel1/arm-none-eabi/bin/../lib/gcc/arm-none-eabi/13.2.1/../../../../arm-none-eabi/lib/thumb/v6-m/nofp/libg.a(libc_a-malloc.o)
                              CMakeFiles/uart_advanced.dir/Users/shaelmurthy/me433/Pico/pico-sdk/src/rp2_common/pico_malloc/pico_malloc.c.obj (malloc)
/Applications/ArmGNUToolchain/13.2.Rel1/arm-none-eabi/bin/../lib/gcc/arm-none-eabi/13.2.1/../../../../arm-none-eabi/lib/thumb/v6-m/nofp/libg.a(libc_a-mallocr.o)
                              /Applications/ArmGNUToolchain/13.2.Rel1/arm-none-eabi/bin/../lib/gcc/arm-none-eabi/13.2.1/../../../../arm-none-eabi/lib/thumb/v6-m/nofp/libg.a(libc_a-callocr.o) (_malloc_r)
/Applications/ArmGNUToolchain/13.2.Rel1/arm-none-eabi/bin/../lib/gcc/arm-none-eabi/13.2.1/../../../../arm-none-eabi/lib/thumb/v6-m/nofp/libg.a(libc_a-mlock.o)
                              /Applications/ArmGNUToolchain/13.2.Rel1/arm-none-eabi/bin/../lib/gcc/arm-none-eabi/13.2.1/../../../../arm-none-eabi/lib/thumb/v6-m/nofp/libg.a(libc_a-mallocr.o) (__malloc_lock)
/Applications/ArmGNUToolchain/13.2.Rel1/arm-none-eabi/bin/../lib/gcc/arm-none-eabi/13.2.1/../../../../arm-none-eabi/lib/thumb/v6-m/nofp/libg.a(libc_a-realloc.o)
                              CMakeFiles/uart_advanced.dir/Users/shaelmurthy/me433/Pico/pico-sdk/src/rp2_common/pico_malloc/pico_malloc.c.obj (realloc)
/Applications/ArmGNUToolchain/13.2.Rel1/arm-none-eabi/bin/../lib/gcc/arm-none-eabi/13.2.1/../../../../arm-none-eabi/lib/thumb/v6-m/nofp/libg.a(libc_a-reallocr.o)
                              /Applications/ArmGNUToolchain/13.2.Rel1/arm-none-eabi/bin/../lib/gcc/arm-none-eabi/13.2.1/../../../../arm-none-eabi/lib/thumb/v6-m/nofp/libg.a(libc_a-realloc.o) (_realloc_r)
/Applications/ArmGNUToolchain/13.2.Rel1/arm-none-eabi/bin/../lib/gcc/arm-none-eabi/13.2.1/../../../../arm-none-eabi/lib/thumb/v6-m/nofp/libg.a(libc_a-memmove.o)
                              /Applications/ArmGNUToolchain/13.2.Rel1/arm-none-eabi/bin/../lib/gcc/arm-none-eabi/13.2.1/../../../../arm-none-eabi/lib/thumb/v6-m/nofp/libg.a(libc_a-reallocr.o) (memmove)
/Applications/ArmGNUToolchain/13.2.Rel1/arm-none-eabi/bin/../lib/gcc/arm-none-eabi/13.2.1/../../../../arm-none-eabi/lib/thumb/v6-m/nofp/libg.a(libc_a-impure.o)
                              /Applications/ArmGNUToolchain/13.2.Rel1/arm-none-eabi/bin/../lib/gcc/arm-none-eabi/13.2.1/../../../../arm-none-eabi/lib/thumb/v6-m/nofp/libg.a(libc_a-calloc.o) (_impure_ptr)
/Applications/ArmGNUToolchain/13.2.Rel1/arm-none-eabi/bin/../lib/gcc/arm-none-eabi/13.2.1/../../../../arm-none-eabi/lib/thumb/v6-m/nofp/libg.a(libc_a-sbrkr.o)
                              /Applications/ArmGNUToolchain/13.2.Rel1/arm-none-eabi/bin/../lib/gcc/arm-none-eabi/13.2.1/../../../../arm-none-eabi/lib/thumb/v6-m/nofp/libg.a(libc_a-mallocr.o) (_sbrk_r)
/Applications/ArmGNUToolchain/13.2.Rel1/arm-none-eabi/bin/../lib/gcc/arm-none-eabi/13.2.1/../../../../arm-none-eabi/lib/thumb/v6-m/nofp/libg.a(libc_a-errno.o)
                              /Applications/ArmGNUToolchain/13.2.Rel1/arm-none-eabi/bin/../lib/gcc/arm-none-eabi/13.2.1/../../../../arm-none-eabi/lib/thumb/v6-m/nofp/libg.a(libc_a-callocr.o) (__errno)
/Applications/ArmGNUToolchain/13.2.Rel1/arm-none-eabi/bin/../lib/gcc/arm-none-eabi/13.2.1/../../../../arm-none-eabi/lib/thumb/v6-m/nofp/libg.a(libc_a-sysconf.o)
                              /Applications/ArmGNUToolchain/13.2.Rel1/arm-none-eabi/bin/../lib/gcc/arm-none-eabi/13.2.1/../../../../arm-none-eabi/lib/thumb/v6-m/nofp/libg.a(libc_a-mallocr.o) (sysconf)
/Applications/ArmGNUToolchain/13.2.Rel1/arm-none-eabi/bin/../lib/gcc/arm-none-eabi/13.2.1/../../../../arm-none-eabi/lib/thumb/v6-m/nofp/libg.a(libc_a-init.o)
                              /Applications/ArmGNUToolchain/13.2.Rel1/arm-none-eabi/bin/../lib/gcc/arm-none-eabi/13.2.1/../../../../arm-none-eabi/lib/thumb/v6-m/nofp/crt0.o (__libc_init_array)
[...]
Memory Configuration

Name             Origin             Length             Attributes
FLASH            0x10000000         0x00200000         xr
RAM              0x20000000         0x00040000         xrw
SCRATCH_X        0x20040000         0x00001000         xrw
SCRATCH_Y        0x20041000         0x00001000         xrw
*default*        0x00000000         0xffffffff

Linker script and memory map

LOAD /Applications/ArmGNUToolchain/13.2.Rel1/arm-none-eabi/bin/../lib/gcc/arm-none-eabi/13.2.1/thumb/v6-m/nofp/crti.o
LOAD /Applications/ArmGNUToolchain/13.2.Rel1/arm-none-eabi/bin/../lib/gcc/arm-none-eabi/13.2.1/thumb/v6-m/nofp/crtbegin.o
LOAD /Applications/ArmGNUToolchain/13.2.Rel1/arm-none-eabi/bin/../lib/gcc/arm-none-eabi/13.2.1/../../../../arm-none-eabi/lib/thumb/v6-m/nofp/crt0.o

.flash_begin    0x10000000        0x0
                0x10000000                        __flash_binary_start = .

.boot2          0x10000000      0x100
                0x10000000                        __boot2_start__ = .
 *(.boot2)
 .boot2         0x10000000      0x100 /var/folders/f5/lb32ykv162z1ymk2m790j7j80000gp/T//ccKczndL.o
                0x10000100                        __boot2_end__ = .
                0x00000001                        ASSERT (((__boot2_end__ - __boot2_start__) == 0x100), ERROR: Pico second stage bootloader must be 256 bytes in size)

.text           0x10000100     0x4ac8
                0x10000100                        __logical_binary_start = .
 *(.vectors)
 .vectors       0x10000100       0xd4 CMakeFiles/uart_advanced.dir/Users/shaelmurthy/me433/Pico/pico-sdk/src/rp2_common/pico_standard_link/crt0.S.obj
                0x10000100                __VECTOR_TABLE
                0x10000100                __vectors
                0x100001c0                __default_isrs_start
                0x100001c0                isr_invalid
                0x100001c2                isr_nmi
                0x100001c4                isr_hardfault
                0x100001c6                isr_svcall
                0x100001c8                isr_pendsv
                0x100001ca                isr_systick
                0x100001cc                isr_irq28
                0x100001cc                isr_irq19
                0x100001cc                isr_irq0
                0x100001cc                isr_irq6
                0x100001cc                isr_irq22
                0x100001cc                isr_irq17
                0x100001cc                isr_irq14
                0x100001cc                isr_irq2
                0x100001cc                isr_irq10
                0x100001cc                isr_irq8
                0x100001cc                isr_irq24
                0x100001cc                isr_irq1
                0x100001cc                isr_irq7
                0x100001cc                isr_irq21
                0x100001cc                isr_irq20
                0x100001cc                isr_irq15
                0x100001cc                isr_irq25
                0x100001cc                isr_irq4
                0x100001cc                isr_irq16
                0x100001cc                isr_irq29
                0x100001cc                isr_irq26
                0x100001cc                __default_isrs_end
                0x100001cc                isr_irq3
                0x100001cc                isr_irq9
                0x100001cc                __unhandled_user_irq
                0x100001cc                isr_irq13
                0x100001cc                isr_irq27
                0x100001cc                isr_irq31
                0x100001cc                isr_irq5
                0x100001cc                isr_irq11
                0x100001cc                isr_irq23
                0x100001cc                isr_irq18
                0x100001cc                isr_irq30
                0x100001cc                isr_irq12
                0x100001d2                unhandled_user_irq_num_in_r0
 *(.binary_info_header)
 .binary_info_header
                0x100001d4       0x14 CMakeFiles/uart_advanced.dir/Users/shaelmurthy/me433/Pico/pico-sdk/src/rp2_common/pico_standard_link/crt0.S.obj
                0x100001e8                        __binary_info_header_end = .
 *(.reset)
 .reset         0x100001e8       0xa0 CMakeFiles/uart_advanced.dir/Users/shaelmurthy/me433/Pico/pico-sdk/src/rp2_common/pico_standard_link/crt0.S.obj
                0x100001e8                _entry_point
 .reset         0x10000288       0x30 CMakeFiles/uart_advanced.dir/Users/shaelmurthy/me433/Pico/pico-sdk/src/rp2_common/pico_standard_link/binary_info.c.obj
 *(.init)
 .init          0x100002b8        0x4 /Applications/ArmGNUToolchain/13.2.Rel1/arm-none-eabi/bin/../lib/gcc/arm-none-eabi/13.2.1/thumb/v6-m/nofp/crti.o
                0x100002b8                _init
 *(EXCLUDE_FILE(*libm.a: *libc.a:*lib_a-mem*.o *libgcc.a:) .text*)
 .text.register_tm_clones
                0x100002bc       0x28 /Applications/ArmGNUToolchain/13.2.Rel1/arm-none-eabi/bin/../lib/gcc/arm-none-eabi/13.2.1/thumb/v6-m/nofp/crtbegin.o
 .text.frame_dummy
                0x100002e4       0x24 /Applications/ArmGNUToolchain/13.2.Rel1/arm-none-eabi/bin/../lib/gcc/arm-none-eabi/13.2.1/thumb/v6-m/nofp/crtbegin.o
 .text.uart_putc
                0x10000308       0x60 CMakeFiles/uart_advanced.dir/uart_advanced.c.obj
 .text.uart_puts
                0x10000368       0x4a CMakeFiles/uart_advanced.dir/uart_advanced.c.obj
 .text.uart_getc
                0x100003b2       0x24 CMakeFiles/uart_advanced.dir/uart_advanced.c.obj
 *fill*         0x100003d6        0x2 
 .text.on_uart_rx
                0x100003d8       0x60 CMakeFiles/uart_advanced.dir/uart_advanced.c.obj
                0x100003d8                on_uart_rx
 .text.main     0x10000438       0xe0 CMakeFiles/uart_advanced.dir/uart_advanced.c.obj
                0x10000438                main
 .text.ssd1306_command
                0x10000518       0x28 CMakeFiles/uart_advanced.dir/ssd1306.c.obj
                0x10000518                ssd1306_command
 .text.ssd1306_update
                0x10000540       0x50 CMakeFiles/uart_advanced.dir/ssd1306.c.obj
                0x10000540                ssd1306_update
 .text.ssd1306_drawPixel
                0x10000590       0x4c CMakeFiles/uart_advanced.dir/ssd1306.c.obj
                0x10000590                ssd1306_drawPixel
 .text.drawChar
                0x100005dc       0x68 CMakeFiles/uart_advanced.dir/ssd1306.c.obj
                0x100005dc                drawChar
 .text.drawMessage
                0x10000644       0x22 CMakeFiles/uart_advanced.dir/ssd1306.c.obj
                0x10000644                drawMessage
 *fill*         0x10000666        0x2 
 .text.ssd1306_clear
                0x10000668       0x1c CMakeFiles/uart_advanced.dir/ssd1306.c.obj
                0x10000668                ssd1306_clear
 .text.ssd1306_setup
                0x10000684       0xa8 CMakeFiles/uart_advanced.dir/ssd1306.c.obj
                0x10000684                ssd1306_setup
 .text.gpio_set_function
                0x1000072c       0x30 CMakeFiles/uart_advanced.dir/Users/shaelmurthy/me433/Pico/pico-sdk/src/rp2_common/hardware_gpio/gpio.c.obj
                0x1000072c                gpio_set_function
 .text.gpio_init
                0x1000075c       0x16 CMakeFiles/uart_advanced.dir/Users/shaelmurthy/me433/Pico/pico-sdk/src/rp2_common/hardware_gpio/gpio.c.obj
                0x1000075c                gpio_init
 *fill*         0x10000772        0x2 
 .text.running_on_fpga
                0x10000774       0x14 CMakeFiles/uart_advanced.dir/Users/shaelmurthy/me433/Pico/pico-sdk/src/rp2_common/pico_platform/platform.c.obj
                0x10000774                running_on_fpga
 .text.hw_claim_lock
                0x10000788       0x18 CMakeFiles/uart_advanced.dir/Users/shaelmurthy/me433/Pico/pico-sdk/src/rp2_common/hardware_claim/claim.c.obj
                0x10000788                hw_claim_lock
 .text.hw_claim_unlock
                0x100007a0       0x14 CMakeFiles/uart_advanced.dir/Users/shaelmurthy/me433/Pico/pico-sdk/src/rp2_common/hardware_claim/claim.c.obj
                0x100007a0                hw_claim_unlock
 .text.hw_claim_or_assert
                0x100007b4       0x32 CMakeFiles/uart_advanced.dir/Users/shaelmurthy/me433/Pico/pico-sdk/src/rp2_common/hardware_claim/claim.c.obj
                0x100007b4                hw_claim_or_assert
 *fill*         0x100007e6        0x2 
 .text.spin_locks_reset
                0x100007e8       0x20 CMakeFiles/uart_advanced.dir/Users/shaelmurthy/me433/Pico/pico-sdk/src/rp2_common/hardware_sync/sync.c.obj
                0x100007e8                spin_locks_reset
 .text.next_striped_spin_lock_num
                0x10000808       0x1c CMakeFiles/uart_advanced.dir/Users/shaelmurthy/me433/Pico/pico-sdk/src/rp2_common/hardware_sync/sync.c.obj
                0x10000808                next_striped_spin_lock_num
 .text.set_raw_irq_handler_and_unlock
                0x10000824       0x28 CMakeFiles/uart_advanced.dir/Users/shaelmurthy/me433/Pico/pico-sdk/src/rp2_common/hardware_irq/irq.c.obj
 .text.resolve_branch
                0x1000084c       0x30 CMakeFiles/uart_advanced.dir/Users/shaelmurthy/me433/Pico/pico-sdk/src/rp2_common/hardware_irq/irq.c.obj
 .text.make_branch
                0x1000087c       0x48 CMakeFiles/uart_advanced.dir/Users/shaelmurthy/me433/Pico/pico-sdk/src/rp2_common/hardware_irq/irq.c.obj
 .text.insert_branch_and_link
                0x100008c4       0x40 CMakeFiles/uart_advanced.dir/Users/shaelmurthy/me433/Pico/pico-sdk/src/rp2_common/hardware_irq/irq.c.obj
 .text.irq_is_enabled
                0x10000904       0x18 CMakeFiles/uart_advanced.dir/Users/shaelmurthy/me433/Pico/pico-sdk/src/rp2_common/hardware_irq/irq.c.obj
                0x10000904                irq_is_enabled
 .text.irq_set_mask_enabled
                0x1000091c       0x20 CMakeFiles/uart_advanced.dir/Users/shaelmurthy/me433/Pico/pico-sdk/src/rp2_common/hardware_irq/irq.c.obj
                0x1000091c                irq_set_mask_enabled
 .text.irq_set_enabled
                0x1000093c        0xe CMakeFiles/uart_advanced.dir/Users/shaelmurthy/me433/Pico/pico-sdk/src/rp2_common/hardware_irq/irq.c.obj
                0x1000093c                irq_set_enabled
 *fill*         0x1000094a        0x2 
 .text.irq_get_vtable_handler
                0x1000094c       0x10 CMakeFiles/uart_advanced.dir/Users/shaelmurthy/me433/Pico/pico-sdk/src/rp2_common/hardware_irq/irq.c.obj
                0x1000094c                irq_get_vtable_handler
 .text.irq_set_exclusive_handler
                0x1000095c       0x54 CMakeFiles/uart_advanced.dir/Users/shaelmurthy/me433/Pico/pico-sdk/src/rp2_common/hardware_irq/irq.c.obj
                0x1000095c                irq_set_exclusive_handler
 .text.irq_remove_handler
                0x100009b0      0x188 CMakeFiles/uart_advanced.dir/Users/shaelmurthy/me433/Pico/pico-sdk/src/rp2_common/hardware_irq/irq.c.obj
                0x100009b0                irq_remove_handler
 .text.irq_add_tail_to_free_list
                0x10000b38       0xf0 CMakeFiles/uart_advanced.dir/Users/shaelmurthy/me433/Pico/pico-sdk/src/rp2_common/hardware_irq/irq.c.obj
                0x10000b38                irq_add_tail_to_free_list
 .text.irq_init_priorities
                0x10000c28       0x1c CMakeFiles/uart_advanced.dir/Users/shaelmurthy/me433/Pico/pico-sdk/src/rp2_common/hardware_irq/irq.c.obj
                0x10000c28                irq_init_priorities
 .text.lock_init
                0x10000c44       0x10 CMakeFiles/uart_advanced.dir/Users/shaelmurthy/me433/Pico/pico-sdk/src/common/pico_sync/lock_core.c.obj
                0x10000c44                lock_init
 .text.mutex_init
                0x10000c54       0x1a CMakeFiles/uart_advanced.dir/Users/shaelmurthy/me433/Pico/pico-sdk/src/common/pico_sync/mutex.c.obj
                0x10000c54                mutex_init
 .text.recursive_mutex_init
                0x10000c6e       0x1e CMakeFiles/uart_advanced.dir/Users/shaelmurthy/me433/Pico/pico-sdk/src/common/pico_sync/mutex.c.obj
                0x10000c6e                recursive_mutex_init
 .text.time_reached
                0x10000c8c       0x28 CMakeFiles/uart_advanced.dir/Users/shaelmurthy/me433/Pico/pico-sdk/src/common/pico_time/time.c.obj
 .text.get_entry
                0x10000cb4       0x38 CMakeFiles/uart_advanced.dir/Users/shaelmurthy/me433/Pico/pico-sdk/src/common/pico_time/time.c.obj
 .text.timer_pool_entry_comparator
                0x10000cec       0x2e CMakeFiles/uart_advanced.dir/Users/shaelmurthy/me433/Pico/pico-sdk/src/common/pico_time/time.c.obj
                0x10000cec                timer_pool_entry_comparator
 *fill*         0x10000d1a        0x2 
 .text.update_us_since_boot
                0x10000d1c       0x24 CMakeFiles/uart_advanced.dir/Users/shaelmurthy/me433/Pico/pico-sdk/src/common/pico_time/time.c.obj
 .text.delayed_by_us
                0x10000d40       0x34 CMakeFiles/uart_advanced.dir/Users/shaelmurthy/me433/Pico/pico-sdk/src/common/pico_time/time.c.obj
 .text.ph_get_node
                0x10000d74       0x30 CMakeFiles/uart_advanced.dir/Users/shaelmurthy/me433/Pico/pico-sdk/src/common/pico_time/time.c.obj
 .text.ph_contains_node
                0x10000da4       0x1e CMakeFiles/uart_advanced.dir/Users/shaelmurthy/me433/Pico/pico-sdk/src/common/pico_time/time.c.obj
 .text.ph_new_node
                0x10000dc2       0x28 CMakeFiles/uart_advanced.dir/Users/shaelmurthy/me433/Pico/pico-sdk/src/common/pico_time/time.c.obj
 *fill*         0x10000dea        0x2 
 .text.ph_add_child_node
                0x10000dec       0x6c CMakeFiles/uart_advanced.dir/Users/shaelmurthy/me433/Pico/pico-sdk/src/common/pico_time/time.c.obj
 .text.ph_merge_nodes
                0x10000e58       0x3e CMakeFiles/uart_advanced.dir/Users/shaelmurthy/me433/Pico/pico-sdk/src/common/pico_time/time.c.obj
 *fill*         0x10000e96        0x2 
 .text.ph_insert_node
                0x10000e98       0x3c CMakeFiles/uart_advanced.dir/Users/shaelmurthy/me433/Pico/pico-sdk/src/common/pico_time/time.c.obj
 .text.ph_free_node
                0x10000ed4       0x5c CMakeFiles/uart_advanced.dir/Users/shaelmurthy/me433/Pico/pico-sdk/src/common/pico_time/time.c.obj
 .text.get_entry_id_high
                0x10000f30       0x30 CMakeFiles/uart_advanced.dir/Users/shaelmurthy/me433/Pico/pico-sdk/src/common/pico_time/time.c.obj
 .text.alarm_pool_post_alloc_init
                0x10000f60       0x40 CMakeFiles/uart_advanced.dir/Users/shaelmurthy/me433/Pico/pico-sdk/src/common/pico_time/time.c.obj
 .text.sleep_until_callback
                0x10000fa0       0x30 CMakeFiles/uart_advanced.dir/Users/shaelmurthy/me433/Pico/pico-sdk/src/common/pico_time/time.c.obj
 .text.get_absolute_time
                0x10000fd0       0x22 CMakeFiles/uart_advanced.dir/Users/shaelmurthy/me433/Pico/pico-sdk/src/common/pico_time/time.c.obj
 .text.make_timeout_time_us
                0x10000ff2       0x24 CMakeFiles/uart_advanced.dir/Users/shaelmurthy/me433/Pico/pico-sdk/src/common/pico_time/time.c.obj
 *fill*         0x10001016        0x2 
 .text.add_alarm_under_lock
                0x10001018       0x94 CMakeFiles/uart_advanced.dir/Users/shaelmurthy/me433/Pico/pico-sdk/src/common/pico_time/time.c.obj
 .text.alarm_pool_alarm_callback
                0x100010ac      0x210 CMakeFiles/uart_advanced.dir/Users/shaelmurthy/me433/Pico/pico-sdk/src/common/pico_time/time.c.obj
 .text.alarm_pool_init_default
                0x100012bc       0x40 CMakeFiles/uart_advanced.dir/Users/shaelmurthy/me433/Pico/pico-sdk/src/common/pico_time/time.c.obj
                0x100012bc                alarm_pool_init_default
 .text.alarm_pool_get_default
                0x100012fc       0x2c CMakeFiles/uart_advanced.dir/Users/shaelmurthy/me433/Pico/pico-sdk/src/common/pico_time/time.c.obj
                0x100012fc                alarm_pool_get_default
 .text.alarm_pool_add_alarm_at
                0x10001328      0x10e CMakeFiles/uart_advanced.dir/Users/shaelmurthy/me433/Pico/pico-sdk/src/common/pico_time/time.c.obj
                0x10001328                alarm_pool_add_alarm_at
 .text.add_alarm_at
                0x10001436       0x2e CMakeFiles/uart_advanced.dir/Users/shaelmurthy/me433/Pico/pico-sdk/src/common/pico_time/time.c.obj
 .text.alarm_pool_cancel_alarm
                0x10001464       0xa8 CMakeFiles/uart_advanced.dir/Users/shaelmurthy/me433/Pico/pico-sdk/src/common/pico_time/time.c.obj
                0x10001464                alarm_pool_cancel_alarm
 .text.cancel_alarm
                0x1000150c       0x10 CMakeFiles/uart_advanced.dir/Users/shaelmurthy/me433/Pico/pico-sdk/src/common/pico_time/time.c.obj
 .text.sleep_until
                0x1000151c       0xb0 CMakeFiles/uart_advanced.dir/Users/shaelmurthy/me433/Pico/pico-sdk/src/common/pico_time/time.c.obj
                0x1000151c                sleep_until
 .text.sleep_us
                0x100015cc       0x1a CMakeFiles/uart_advanced.dir/Users/shaelmurthy/me433/Pico/pico-sdk/src/common/pico_time/time.c.obj
                0x100015cc                sleep_us
 .text.sleep_ms
                0x100015e6       0x14 CMakeFiles/uart_advanced.dir/Users/shaelmurthy/me433/Pico/pico-sdk/src/common/pico_time/time.c.obj
                0x100015e6                sleep_ms
 *fill*         0x100015fa        0x2 
 .text.best_effort_wfe_or_timeout
                0x100015fc       0x44 CMakeFiles/uart_advanced.dir/Users/shaelmurthy/me433/Pico/pico-sdk/src/common/pico_time/time.c.obj
                0x100015fc                best_effort_wfe_or_timeout
 .text.update_us_since_boot
                0x10001640       0x24 CMakeFiles/uart_advanced.dir/Users/shaelmurthy/me433/Pico/pico-sdk/src/rp2_common/hardware_timer/timer.c.obj
 .text.hardware_alarm_irq_handler
                0x10001664       0x8c CMakeFiles/uart_advanced.dir/Users/shaelmurthy/me433/Pico/pico-sdk/src/rp2_common/hardware_timer/timer.c.obj
 .text.hardware_alarm_claim
                0x100016f0       0x18 CMakeFiles/uart_advanced.dir/Users/shaelmurthy/me433/Pico/pico-sdk/src/rp2_common/hardware_timer/timer.c.obj
                0x100016f0                hardware_alarm_claim
 .text.time_us_64
                0x10001708       0x18 CMakeFiles/uart_advanced.dir/Users/shaelmurthy/me433/Pico/pico-sdk/src/rp2_common/hardware_timer/timer.c.obj
                0x10001708                time_us_64
 .text.busy_wait_until
                0x10001720       0x28 CMakeFiles/uart_advanced.dir/Users/shaelmurthy/me433/Pico/pico-sdk/src/rp2_common/hardware_timer/timer.c.obj
                0x10001720                busy_wait_until
 .text.busy_wait_us
                0x10001748       0x3a CMakeFiles/uart_advanced.dir/Users/shaelmurthy/me433/Pico/pico-sdk/src/rp2_common/hardware_timer/timer.c.obj
                0x10001748                busy_wait_us
 *fill*         0x10001782        0x2 
 .text.hardware_alarm_set_callback
                0x10001784       0x90 CMakeFiles/uart_advanced.dir/Users/shaelmurthy/me433/Pico/pico-sdk/src/rp2_common/hardware_timer/timer.c.obj
                0x10001784                hardware_alarm_set_callback
 .text.hardware_alarm_set_target
                0x10001814       0xe8 CMakeFiles/uart_advanced.dir/Users/shaelmurthy/me433/Pico/pico-sdk/src/rp2_common/hardware_timer/timer.c.obj
                0x10001814                hardware_alarm_set_target
 .text.hardware_alarm_cancel
                0x100018fc       0x40 CMakeFiles/uart_advanced.dir/Users/shaelmurthy/me433/Pico/pico-sdk/src/rp2_common/hardware_timer/timer.c.obj
                0x100018fc                hardware_alarm_cancel
 .text.ph_get_node
                0x1000193c       0x30 CMakeFiles/uart_advanced.dir/Users/shaelmurthy/me433/Pico/pico-sdk/src/common/pico_util/pheap.c.obj
 .text.ph_add_child_node
                0x1000196c       0x6c CMakeFiles/uart_advanced.dir/Users/shaelmurthy/me433/Pico/pico-sdk/src/common/pico_util/pheap.c.obj
 .text.ph_merge_nodes
                0x100019d8       0x3e CMakeFiles/uart_advanced.dir/Users/shaelmurthy/me433/Pico/pico-sdk/src/common/pico_util/pheap.c.obj
 .text.ph_clear
                0x10001a16       0x34 CMakeFiles/uart_advanced.dir/Users/shaelmurthy/me433/Pico/pico-sdk/src/common/pico_util/pheap.c.obj
                0x10001a16                ph_clear
 .text.ph_post_alloc_init
                0x10001a4a        0xe CMakeFiles/uart_advanced.dir/Users/shaelmurthy/me433/Pico/pico-sdk/src/common/pico_util/pheap.c.obj
                0x10001a4a                ph_post_alloc_init
 .text.ph_merge_two_pass
                0x10001a58       0x5c CMakeFiles/uart_advanced.dir/Users/shaelmurthy/me433/Pico/pico-sdk/src/common/pico_util/pheap.c.obj
                0x10001a58                ph_merge_two_pass
 .text.ph_remove_any_head
                0x10001ab4       0xc0 CMakeFiles/uart_advanced.dir/Users/shaelmurthy/me433/Pico/pico-sdk/src/common/pico_util/pheap.c.obj
 .text.ph_remove_head
                0x10001b74       0x14 CMakeFiles/uart_advanced.dir/Users/shaelmurthy/me433/Pico/pico-sdk/src/common/pico_util/pheap.c.obj
                0x10001b74                ph_remove_head
 .text.ph_remove_and_free_node
                0x10001b88       0xa0 CMakeFiles/uart_advanced.dir/Users/shaelmurthy/me433/Pico/pico-sdk/src/common/pico_util/pheap.c.obj
                0x10001b88                ph_remove_and_free_node
 .text.uart_disable_before_lcr_write
                0x10001c28       0x48 CMakeFiles/uart_advanced.dir/Users/shaelmurthy/me433/Pico/pico-sdk/src/rp2_common/hardware_uart/uart.c.obj
 .text.uart_write_lcr_bits_masked
                0x10001c70       0x22 CMakeFiles/uart_advanced.dir/Users/shaelmurthy/me433/Pico/pico-sdk/src/rp2_common/hardware_uart/uart.c.obj
 *fill*         0x10001c92        0x2 
 .text.uart_set_baudrate
                0x10001c94       0x5c CMakeFiles/uart_advanced.dir/Users/shaelmurthy/me433/Pico/pico-sdk/src/rp2_common/hardware_uart/uart.c.obj
                0x10001c94                uart_set_baudrate
 .text.uart_set_format
                0x10001cf0       0x2c CMakeFiles/uart_advanced.dir/Users/shaelmurthy/me433/Pico/pico-sdk/src/rp2_common/hardware_uart/uart.c.obj
                0x10001cf0                uart_set_format
 .text.uart_set_fifo_enabled
                0x10001d1c       0x10 CMakeFiles/uart_advanced.dir/Users/shaelmurthy/me433/Pico/pico-sdk/src/rp2_common/hardware_uart/uart.c.obj
                0x10001d1c                uart_set_fifo_enabled
 .text.uart_set_translate_crlf
                0x10001d2c       0x28 CMakeFiles/uart_advanced.dir/Users/shaelmurthy/me433/Pico/pico-sdk/src/rp2_common/hardware_uart/uart.c.obj
                0x10001d2c                uart_set_translate_crlf
 .text.uart_init
                0x10001d54       0x80 CMakeFiles/uart_advanced.dir/Users/shaelmurthy/me433/Pico/pico-sdk/src/rp2_common/hardware_uart/uart.c.obj
                0x10001d54                uart_init
 .text.clock_configure
                0x10001dd4      0x108 CMakeFiles/uart_advanced.dir/Users/shaelmurthy/me433/Pico/pico-sdk/src/rp2_common/hardware_clocks/clocks.c.obj
                0x10001dd4                clock_configure
 .text.clocks_init
                0x10001edc      0x100 CMakeFiles/uart_advanced.dir/Users/shaelmurthy/me433/Pico/pico-sdk/src/rp2_common/hardware_clocks/clocks.c.obj
                0x10001edc                clocks_init
 .text.clock_get_hz
                0x10001fdc        0xc CMakeFiles/uart_advanced.dir/Users/shaelmurthy/me433/Pico/pico-sdk/src/rp2_common/hardware_clocks/clocks.c.obj
                0x10001fdc                clock_get_hz
 .text.pll_init
                0x10001fe8      0x120 CMakeFiles/uart_advanced.dir/Users/shaelmurthy/me433/Pico/pico-sdk/src/rp2_common/hardware_pll/pll.c.obj
                0x10001fe8                pll_init
 .text.watchdog_start_tick
                0x10002108       0x10 CMakeFiles/uart_advanced.dir/Users/shaelmurthy/me433/Pico/pico-sdk/src/rp2_common/hardware_watchdog/watchdog.c.obj
                0x10002108                watchdog_start_tick
 .text.xosc_init
                0x10002118       0x28 CMakeFiles/uart_advanced.dir/Users/shaelmurthy/me433/Pico/pico-sdk/src/rp2_common/hardware_xosc/xosc.c.obj
                0x10002118                xosc_init
 .text._exit    0x10002140        0x4 CMakeFiles/uart_advanced.dir/Users/shaelmurthy/me433/Pico/pico-sdk/src/rp2_common/pico_runtime/runtime.c.obj
                0x10002140                _exit
 .text.exit     0x10002144        0x6 CMakeFiles/uart_advanced.dir/Users/shaelmurthy/me433/Pico/pico-sdk/src/rp2_common/pico_runtime/runtime.c.obj
                0x10002144                exit
 *fill*         0x1000214a        0x2 
 .text.__assert_func
                0x1000214c       0x38 CMakeFiles/uart_advanced.dir/Users/shaelmurthy/me433/Pico/pico-sdk/src/rp2_common/pico_runtime/runtime.c.obj
                0x1000214c                __assert_func
 .text.runtime_init
                0x10002184       0xf8 CMakeFiles/uart_advanced.dir/Users/shaelmurthy/me433/Pico/pico-sdk/src/rp2_common/pico_runtime/runtime.c.obj
                0x10002184                runtime_init
 .text.panic    0x1000227c       0x30 CMakeFiles/uart_advanced.dir/Users/shaelmurthy/me433/Pico/pico-sdk/src/rp2_common/pico_runtime/runtime.c.obj
                0x1000227c                panic
 .text._out_null
                0x100022ac        0x2 CMakeFiles/uart_advanced.dir/Users/shaelmurthy/me433/Pico/pico-sdk/src/rp2_common/pico_printf/printf.c.obj
 .text._out_fct
                0x100022ae        0xe CMakeFiles/uart_advanced.dir/Users/shaelmurthy/me433/Pico/pico-sdk/src/rp2_common/pico_printf/printf.c.obj
 .text._atoi    0x100022bc       0x24 CMakeFiles/uart_advanced.dir/Users/shaelmurthy/me433/Pico/pico-sdk/src/rp2_common/pico_printf/printf.c.obj
 .text._out_rev
                0x100022e0       0xae CMakeFiles/uart_advanced.dir/Users/shaelmurthy/me433/Pico/pico-sdk/src/rp2_common/pico_printf/printf.c.obj
 .text._ntoa_format
                0x1000238e      0x110 CMakeFiles/uart_advanced.dir/Users/shaelmurthy/me433/Pico/pico-sdk/src/rp2_common/pico_printf/printf.c.obj
 .text._ntoa_long
                0x1000249e       0xbc CMakeFiles/uart_advanced.dir/Users/shaelmurthy/me433/Pico/pico-sdk/src/rp2_common/pico_printf/printf.c.obj
 .text._ntoa_long_long
                0x1000255a      0x10e CMakeFiles/uart_advanced.dir/Users/shaelmurthy/me433/Pico/pico-sdk/src/rp2_common/pico_printf/printf.c.obj
 .text._etoa    0x10002668      0x420 CMakeFiles/uart_advanced.dir/Users/shaelmurthy/me433/Pico/pico-sdk/src/rp2_common/pico_printf/printf.c.obj
 .text._ftoa    0x10002a88      0x354 CMakeFiles/uart_advanced.dir/Users/shaelmurthy/me433/Pico/pico-sdk/src/rp2_common/pico_printf/printf.c.obj
 .text._vsnprintf
                0x10002ddc      0x668 CMakeFiles/uart_advanced.dir/Users/shaelmurthy/me433/Pico/pico-sdk/src/rp2_common/pico_printf/printf.c.obj
 .text.vfctprintf
                0x10003444       0x20 CMakeFiles/uart_advanced.dir/Users/shaelmurthy/me433/Pico/pico-sdk/src/rp2_common/pico_printf/printf.c.obj
                0x10003444                vfctprintf
 .text          0x10003464       0x10 CMakeFiles/uart_advanced.dir/Users/shaelmurthy/me433/Pico/pico-sdk/src/rp2_common/pico_bit_ops/bit_ops_aeabi.S.obj
 .text.rom_func_lookup
                0x10003474       0x10 CMakeFiles/uart_advanced.dir/Users/shaelmurthy/me433/Pico/pico-sdk/src/rp2_common/pico_bootrom/bootrom.c.obj
                0x10003474                rom_func_lookup
 .text.rom_data_lookup
                0x10003484       0x10 CMakeFiles/uart_advanced.dir/Users/shaelmurthy/me433/Pico/pico-sdk/src/rp2_common/pico_bootrom/bootrom.c.obj
                0x10003484                rom_data_lookup
 .text.rom_funcs_lookup
                0x10003494       0x36 CMakeFiles/uart_advanced.dir/Users/shaelmurthy/me433/Pico/pico-sdk/src/rp2_common/pico_bootrom/bootrom.c.obj
                0x10003494                rom_funcs_lookup
 *fill*         0x100034ca        0x2 
 .text.__wrap___aeabi_idiv
                0x100034cc       0x50 CMakeFiles/uart_advanced.dir/Users/shaelmurthy/me433/Pico/pico-sdk/src/rp2_common/pico_divider/divider.S.obj
                0x100034cc                __wrap___aeabi_idivmod
                0x100034cc                divmod_s32s32
                0x100034cc                div_s32s32
                0x100034cc                __wrap___aeabi_idiv
                0x100034d4                divmod_s32s32_unsafe
                0x10003500                divmod_s32s32_savestate
 .text.__wrap___aeabi_uidiv
                0x1000351c       0x4c CMakeFiles/uart_advanced.dir/Users/shaelmurthy/me433/Pico/pico-sdk/src/rp2_common/pico_divider/divider.S.obj
                0x1000351c                __wrap___aeabi_uidiv
                0x1000351c                __wrap___aeabi_uidivmod
                0x1000351c                div_u32u32
                0x1000351c                divmod_u32u32
                0x10003524                divmod_u32u32_unsafe
                0x1000354c                divmod_u32u32_savestate
 .text.__wrap___aeabi_ldiv
                0x10003568      0x424 CMakeFiles/uart_advanced.dir/Users/shaelmurthy/me433/Pico/pico-sdk/src/rp2_common/pico_divider/divider.S.obj
                0x10003568                __wrap___aeabi_ldivmod
                0x10003568                div_s64s64
                0x10003568                divmod_s64s64
                0x10003598                divmod_u64u64
                0x10003598                div_u64u64
                0x10003598                __wrap___aeabi_uldivmod
                0x100035a8                divmod_u64u64_savestate
                0x100035c8                divmod_s64s64_unsafe
                0x10003650                divmod_u64u64_unsafe
 .text.__wrap___aeabi_darithmetic
                0x1000398c       0x80 CMakeFiles/uart_advanced.dir/Users/shaelmurthy/me433/Pico/pico-sdk/src/rp2_common/pico_double/double_aeabi.S.obj
                0x1000398c                __wrap___aeabi_drsub
                0x10003992                __wrap___aeabi_dsub
                0x100039a4                __wrap___aeabi_dadd
                0x100039b6                __wrap___aeabi_ddiv
                0x100039f2                __wrap___aeabi_dmul
 .text.__wrap___aeabi_cdcmple
                0x10003a0c       0x6c CMakeFiles/uart_advanced.dir/Users/shaelmurthy/me433/Pico/pico-sdk/src/rp2_common/pico_double/double_aeabi.S.obj
                0x10003a0c                __wrap___aeabi_cdrcmple
                0x10003a1c                __wrap___aeabi_cdcmple
                0x10003a1c                __wrap___aeabi_cdcmpeq
 .text.__wrap___aeabi_dcmplt
                0x10003a78        0xc CMakeFiles/uart_advanced.dir/Users/shaelmurthy/me433/Pico/pico-sdk/src/rp2_common/pico_double/double_aeabi.S.obj
                0x10003a78                __wrap___aeabi_dcmplt
 .text.__wrap___aeabi_dcmple
                0x10003a84       0x10 CMakeFiles/uart_advanced.dir/Users/shaelmurthy/me433/Pico/pico-sdk/src/rp2_common/pico_double/double_aeabi.S.obj
                0x10003a84                __wrap___aeabi_dcmple
 .text.__wrap___aeabi_dcmpge
                0x10003a94       0x10 CMakeFiles/uart_advanced.dir/Users/shaelmurthy/me433/Pico/pico-sdk/src/rp2_common/pico_double/double_aeabi.S.obj
                0x10003a94                __wrap___aeabi_dcmpge
 .text.__wrap___aeabi_dcmpgt
                0x10003aa4        0xa CMakeFiles/uart_advanced.dir/Users/shaelmurthy/me433/Pico/pico-sdk/src/rp2_common/pico_double/double_aeabi.S.obj
                0x10003aa4                __wrap___aeabi_dcmpgt
 .text.__wrap___aeabi_dcmpun
                0x10003aae       0x1c CMakeFiles/uart_advanced.dir/Users/shaelmurthy/me433/Pico/pico-sdk/src/rp2_common/pico_double/double_aeabi.S.obj
                0x10003aae                __wrap___aeabi_dcmpun
 *fill*         0x10003aca        0x2 
 .text.__wrap___aeabi_i2d
                0x10003acc       0x38 CMakeFiles/uart_advanced.dir/Users/shaelmurthy/me433/Pico/pico-sdk/src/rp2_common/pico_double/double_aeabi.S.obj
                0x10003acc                __wrap___aeabi_ui2d
                0x10003ad4                __wrap___aeabi_i2d
 .text.__wrap___aeabi_d2iz
                0x10003b04       0x48 CMakeFiles/uart_advanced.dir/Users/shaelmurthy/me433/Pico/pico-sdk/src/rp2_common/pico_double/double_aeabi.S.obj
                0x10003b04                __wrap___aeabi_d2iz
                0x10003b04                double2int_z
 .text.__wrap___aeabi_d2uiz
                0x10003b4c       0x18 CMakeFiles/uart_advanced.dir/Users/shaelmurthy/me433/Pico/pico-sdk/src/rp2_common/pico_double/double_aeabi.S.obj
                0x10003b4c                double2uint
                0x10003b4c                __wrap___aeabi_d2uiz
 .text.__aeabi_double_init
                0x10003b64       0xcc CMakeFiles/uart_advanced.dir/Users/shaelmurthy/me433/Pico/pico-sdk/src/rp2_common/pico_double/double_init_rom.c.obj
                0x10003b64                __aeabi_double_init
 .text.double_table_shim_on_use_helper
                0x10003c30       0x34 CMakeFiles/uart_advanced.dir/Users/shaelmurthy/me433/Pico/pico-sdk/src/rp2_common/pico_double/double_v1_rom_shim.S.obj
                0x10003c30                double_table_shim_on_use_helper
 .text.__wrap___aeabi_dsub
                0x10003c64       0x10 CMakeFiles/uart_advanced.dir/Users/shaelmurthy/me433/Pico/pico-sdk/src/rp2_common/pico_double/double_v1_rom_shim.S.obj
                0x10003c64                drsub_shim
                0x10003c6a                dsub_shim
 .text.dadd_shim
                0x10003c74      0x15c CMakeFiles/uart_advanced.dir/Users/shaelmurthy/me433/Pico/pico-sdk/src/rp2_common/pico_double/double_v1_rom_shim.S.obj
                0x10003c74                dadd_shim
 .text.dmul_shim
                0x10003dd0      0x15c CMakeFiles/uart_advanced.dir/Users/shaelmurthy/me433/Pico/pico-sdk/src/rp2_common/pico_double/double_v1_rom_shim.S.obj
                0x10003dd0                dmul_shim
 .text.ddiv_shim
                0x10003f2c      0x1b0 CMakeFiles/uart_advanced.dir/Users/shaelmurthy/me433/Pico/pico-sdk/src/rp2_common/pico_double/double_v1_rom_shim.S.obj
                0x10003f2c                ddiv_shim
 .text.double2uint_shim
                0x100040dc        0xe CMakeFiles/uart_advanced.dir/Users/shaelmurthy/me433/Pico/pico-sdk/src/rp2_common/pico_double/double_v1_rom_shim.S.obj
                0x100040dc                double2uint_shim
                0x100040de                double2ufix_shim
 *fill*         0x100040ea        0x2 
 .text.double2uint64_shim
                0x100040ec       0x70 CMakeFiles/uart_advanced.dir/Users/shaelmurthy/me433/Pico/pico-sdk/src/rp2_common/pico_double/double_v1_rom_shim.S.obj
                0x100040ec                double2uint64_shim
                0x100040ee                double2ufix64_shim
                0x1000410e                d2fix_a
 .text.dunpacks
                0x1000415c       0x3c CMakeFiles/uart_advanced.dir/Users/shaelmurthy/me433/Pico/pico-sdk/src/rp2_common/pico_double/double_v1_rom_shim.S.obj
                0x1000415c                dunpacks
 .text.__aeabi_lmul
                0x10004198       0x32 CMakeFiles/uart_advanced.dir/Users/shaelmurthy/me433/Pico/pico-sdk/src/rp2_common/pico_int64_ops/pico_int64_ops_aeabi.S.obj
                0x10004198                __wrap___aeabi_lmul
 *fill*         0x100041ca        0x2 
 .text.__aeabi_float_init
                0x100041cc       0xfc CMakeFiles/uart_advanced.dir/Users/shaelmurthy/me433/Pico/pico-sdk/src/rp2_common/pico_float/float_init_rom.c.obj
                0x100041cc                __aeabi_float_init
 .text.float_table_shim_on_use_helper
                0x100042c8       0x34 CMakeFiles/uart_advanced.dir/Users/shaelmurthy/me433/Pico/pico-sdk/src/rp2_common/pico_float/float_v1_rom_shim.S.obj
                0x100042c8                float_table_shim_on_use_helper
 .text          0x100042fc       0x10 CMakeFiles/uart_advanced.dir/Users/shaelmurthy/me433/Pico/pico-sdk/src/rp2_common/pico_mem_ops/mem_ops_aeabi.S.obj
                0x100042fc                __aeabi_mem_init
 .text.memset   0x1000430c        0xc CMakeFiles/uart_advanced.dir/Users/shaelmurthy/me433/Pico/pico-sdk/src/rp2_common/pico_mem_ops/mem_ops_aeabi.S.obj
                0x1000430c                __wrap_memset
 .text.memcpy   0x10004318        0xc CMakeFiles/uart_advanced.dir/Users/shaelmurthy/me433/Pico/pico-sdk/src/rp2_common/pico_mem_ops/mem_ops_aeabi.S.obj
                0x10004318                __wrap___aeabi_memcpy
                0x10004318                __wrap_memcpy
 .text.stdio_out_chars_no_crlf
                0x10004324        0xe CMakeFiles/uart_advanced.dir/Users/shaelmurthy/me433/Pico/pico-sdk/src/rp2_common/pico_stdio/stdio.c.obj
 *fill*         0x10004332        0x2 
 .text.stdio_out_chars_crlf
                0x10004334       0x80 CMakeFiles/uart_advanced.dir/Users/shaelmurthy/me433/Pico/pico-sdk/src/rp2_common/pico_stdio/stdio.c.obj
 .text.stdio_stack_buffer_flush
                0x100043b4       0x44 CMakeFiles/uart_advanced.dir/Users/shaelmurthy/me433/Pico/pico-sdk/src/rp2_common/pico_stdio/stdio.c.obj
 .text.stdio_buffered_printer
                0x100043f8       0x20 CMakeFiles/uart_advanced.dir/Users/shaelmurthy/me433/Pico/pico-sdk/src/rp2_common/pico_stdio/stdio.c.obj
 .text.update_us_since_boot
                0x10004418       0x24 CMakeFiles/uart_advanced.dir/Users/shaelmurthy/me433/Pico/pico-sdk/src/rp2_common/pico_stdio/stdio.c.obj
 .text.get_absolute_time
                0x1000443c       0x22 CMakeFiles/uart_advanced.dir/Users/shaelmurthy/me433/Pico/pico-sdk/src/rp2_common/pico_stdio/stdio.c.obj
 *fill*         0x1000445e        0x2 
 .text.delayed_by_ms
                0x10004460       0x44 CMakeFiles/uart_advanced.dir/Users/shaelmurthy/me433/Pico/pico-sdk/src/rp2_common/pico_stdio/stdio.c.obj
 .text.make_timeout_time_ms
                0x100044a4       0x20 CMakeFiles/uart_advanced.dir/Users/shaelmurthy/me433/Pico/pico-sdk/src/rp2_common/pico_stdio/stdio.c.obj
 .text.stdout_serialize_begin
                0x100044c4       0x20 CMakeFiles/uart_advanced.dir/Users/shaelmurthy/me433/Pico/pico-sdk/src/rp2_common/pico_stdio/stdio.c.obj
                0x100044c4                stdout_serialize_begin
 .text.stdout_serialize_end
                0x100044e4       0x10 CMakeFiles/uart_advanced.dir/Users/shaelmurthy/me433/Pico/pico-sdk/src/rp2_common/pico_stdio/stdio.c.obj
                0x100044e4                stdout_serialize_end
 .text.stdio_put_string
                0x100044f4       0x98 CMakeFiles/uart_advanced.dir/Users/shaelmurthy/me433/Pico/pico-sdk/src/rp2_common/pico_stdio/stdio.c.obj
 .text.stdio_set_driver_enabled
                0x1000458c       0x2c CMakeFiles/uart_advanced.dir/Users/shaelmurthy/me433/Pico/pico-sdk/src/rp2_common/pico_stdio/stdio.c.obj
                0x1000458c                stdio_set_driver_enabled
 .text.stdio_flush
                0x100045b8       0x20 CMakeFiles/uart_advanced.dir/Users/shaelmurthy/me433/Pico/pico-sdk/src/rp2_common/pico_stdio/stdio.c.obj
                0x100045b8                stdio_flush
 .text.__wrap_puts
                0x100045d8       0x1e CMakeFiles/uart_advanced.dir/Users/shaelmurthy/me433/Pico/pico-sdk/src/rp2_common/pico_stdio/stdio.c.obj
                0x100045d8                __wrap_puts
 *fill*         0x100045f6        0x2 
 .text.__wrap_vprintf
                0x100045f8       0x40 CMakeFiles/uart_advanced.dir/Users/shaelmurthy/me433/Pico/pico-sdk/src/rp2_common/pico_stdio/stdio.c.obj
                0x100045f8                __wrap_vprintf
 .text.__wrap_printf
                0x10004638       0x18 CMakeFiles/uart_advanced.dir/Users/shaelmurthy/me433/Pico/pico-sdk/src/rp2_common/pico_stdio/stdio.c.obj
                0x10004638                __wrap_printf
 .text.stdio_init_all
                0x10004650        0xa CMakeFiles/uart_advanced.dir/Users/shaelmurthy/me433/Pico/pico-sdk/src/rp2_common/pico_stdio/stdio.c.obj
                0x10004650                stdio_init_all
 *fill*         0x1000465a        0x2 
 .text.uart_putc
                0x1000465c       0x60 CMakeFiles/uart_advanced.dir/Users/shaelmurthy/me433/Pico/pico-sdk/src/rp2_common/pico_stdio_uart/stdio_uart.c.obj
 .text.uart_getc
                0x100046bc       0x24 CMakeFiles/uart_advanced.dir/Users/shaelmurthy/me433/Pico/pico-sdk/src/rp2_common/pico_stdio_uart/stdio_uart.c.obj
 .text.stdio_uart_out_chars
                0x100046e0       0x20 CMakeFiles/uart_advanced.dir/Users/shaelmurthy/me433/Pico/pico-sdk/src/rp2_common/pico_stdio_uart/stdio_uart.c.obj
 .text.stdio_uart_in_chars
                0x10004700       0x5c CMakeFiles/uart_advanced.dir/Users/shaelmurthy/me433/Pico/pico-sdk/src/rp2_common/pico_stdio_uart/stdio_uart.c.obj
                0x10004700                stdio_uart_in_chars
 .text.on_uart_rx
                0x1000475c       0x28 CMakeFiles/uart_advanced.dir/Users/shaelmurthy/me433/Pico/pico-sdk/src/rp2_common/pico_stdio_uart/stdio_uart.c.obj
 .text.stdio_uart_set_chars_available_callback
                0x10004784       0x8c CMakeFiles/uart_advanced.dir/Users/shaelmurthy/me433/Pico/pico-sdk/src/rp2_common/pico_stdio_uart/stdio_uart.c.obj
 .text.stdio_uart_init_full
                0x10004810       0x44 CMakeFiles/uart_advanced.dir/Users/shaelmurthy/me433/Pico/pico-sdk/src/rp2_common/pico_stdio_uart/stdio_uart.c.obj
                0x10004810                stdio_uart_init_full
 .text.stdio_uart_init
                0x10004854       0x28 CMakeFiles/uart_advanced.dir/Users/shaelmurthy/me433/Pico/pico-sdk/src/rp2_common/pico_stdio_uart/stdio_uart.c.obj
                0x10004854                stdio_uart_init
 .text.i2c_write_blocking_internal
                0x1000487c      0x146 CMakeFiles/uart_advanced.dir/Users/shaelmurthy/me433/Pico/pico-sdk/src/rp2_common/hardware_i2c/i2c.c.obj
 *fill*         0x100049c2        0x2 
 .text.i2c_set_baudrate
                0x100049c4       0xf0 CMakeFiles/uart_advanced.dir/Users/shaelmurthy/me433/Pico/pico-sdk/src/rp2_common/hardware_i2c/i2c.c.obj
                0x100049c4                i2c_set_baudrate
 .text.i2c_init
                0x10004ab4       0x58 CMakeFiles/uart_advanced.dir/Users/shaelmurthy/me433/Pico/pico-sdk/src/rp2_common/hardware_i2c/i2c.c.obj
                0x10004ab4                i2c_init
 .text.i2c_write_blocking
                0x10004b0c       0x18 CMakeFiles/uart_advanced.dir/Users/shaelmurthy/me433/Pico/pico-sdk/src/rp2_common/hardware_i2c/i2c.c.obj
                0x10004b0c                i2c_write_blocking
 .text.strlen   0x10004b24       0x5c /Applications/ArmGNUToolchain/13.2.Rel1/arm-none-eabi/bin/../lib/gcc/arm-none-eabi/13.2.1/../../../../arm-none-eabi/lib/thumb/v6-m/nofp/libg.a(libc_a-strlen-stub.o)
                0x10004b24                strlen
 *(.fini)
 .fini          0x10004b80        0x4 /Applications/ArmGNUToolchain/13.2.Rel1/arm-none-eabi/bin/../lib/gcc/arm-none-eabi/13.2.1/thumb/v6-m/nofp/crti.o
                0x10004b80                _fini
 *fill*         0x10004b84        0x4 
 .fini.__stub   0x10004b88       0x40 linker stubs
 *crtbegin.o(.ctors)
 *crtbegin?.o(.ctors)
 *(EXCLUDE_FILE(*crtend.o *crtend?.o) .ctors)
 *(SORT_BY_NAME(.ctors.*))
 *(.ctors)
 *crtbegin.o(.dtors)
 *crtbegin?.o(.dtors)
 *(EXCLUDE_FILE(*crtend.o *crtend?.o) .dtors)
 *(SORT_BY_NAME(.dtors.*))
 *(.dtors)
 *(.eh_frame*)
 .eh_frame      0x10004bc8        0x0 /Applications/ArmGNUToolchain/13.2.Rel1/arm-none-eabi/bin/../lib/gcc/arm-none-eabi/13.2.1/thumb/v6-m/nofp/crtbegin.o
                0x10004bc8                        . = ALIGN (0x4)

.glue_7         0x10004bc8        0x0
 .glue_7        0x10004bc8        0x0 linker stubs

.glue_7t        0x10004bc8        0x0
 .glue_7t       0x10004bc8        0x0 linker stubs

.vfp11_veneer   0x10004bc8        0x0
 .vfp11_veneer  0x10004bc8        0x0 linker stubs

.v4_bx          0x10004bc8        0x0
 .v4_bx         0x10004bc8        0x0 linker stubs

.iplt           0x10004bc8        0x0
 .iplt          0x10004bc8        0x0 /Applications/ArmGNUToolchain/13.2.Rel1/arm-none-eabi/bin/../lib/gcc/arm-none-eabi/13.2.1/thumb/v6-m/nofp/crtbegin.o

.rodata         0x10004bc8     0x1138
 *(EXCLUDE_FILE(*libm.a: *libc.a:*lib_a-mem*.o *libgcc.a:) .rodata*)
 .rodata.main.str1.4
                0x10004bc8      0xaad CMakeFiles/uart_advanced.dir/uart_advanced.c.obj
                                 0x19 (size before relaxing)
 *fill*         0x10005675        0x3 
 .rodata.ASCII  0x10005678      0x1e0 CMakeFiles/uart_advanced.dir/ssd1306.c.obj
 .rodata.resolve_branch.str1.4
                0x10005858       0x61 CMakeFiles/uart_advanced.dir/Users/shaelmurthy/me433/Pico/pico-sdk/src/rp2_common/hardware_irq/irq.c.obj
 .rodata.make_branch.str1.4
                0x10005858       0x30 CMakeFiles/uart_advanced.dir/Users/shaelmurthy/me433/Pico/pico-sdk/src/rp2_common/hardware_irq/irq.c.obj
 .rodata.insert_branch_and_link.str1.4
                0x10005858       0x10 CMakeFiles/uart_advanced.dir/Users/shaelmurthy/me433/Pico/pico-sdk/src/rp2_common/hardware_irq/irq.c.obj
 .rodata.irq_set_exclusive_handler.str1.4
                0x10005858       0x36 CMakeFiles/uart_advanced.dir/Users/shaelmurthy/me433/Pico/pico-sdk/src/rp2_common/hardware_irq/irq.c.obj
 .rodata.irq_remove_handler.str1.4
                0x10005858       0x3a CMakeFiles/uart_advanced.dir/Users/shaelmurthy/me433/Pico/pico-sdk/src/rp2_common/hardware_irq/irq.c.obj
 .rodata.irq_add_tail_to_free_list.str1.4
                0x10005858       0x3a CMakeFiles/uart_advanced.dir/Users/shaelmurthy/me433/Pico/pico-sdk/src/rp2_common/hardware_irq/irq.c.obj
 .rodata.__func__.0
                0x10005858       0x1a CMakeFiles/uart_advanced.dir/Users/shaelmurthy/me433/Pico/pico-sdk/src/rp2_common/hardware_irq/irq.c.obj
 *fill*         0x10005872        0x2 
 .rodata.__func__.1
                0x10005874       0x17 CMakeFiles/uart_advanced.dir/Users/shaelmurthy/me433/Pico/pico-sdk/src/rp2_common/hardware_irq/irq.c.obj
 *fill*         0x1000588b        0x1 
 .rodata.__func__.2
                0x1000588c       0x13 CMakeFiles/uart_advanced.dir/Users/shaelmurthy/me433/Pico/pico-sdk/src/rp2_common/hardware_irq/irq.c.obj
 *fill*         0x1000589f        0x1 
 .rodata.__func__.3
                0x100058a0        0xc CMakeFiles/uart_advanced.dir/Users/shaelmurthy/me433/Pico/pico-sdk/src/rp2_common/hardware_irq/irq.c.obj
 .rodata.__func__.4
                0x100058ac        0xf CMakeFiles/uart_advanced.dir/Users/shaelmurthy/me433/Pico/pico-sdk/src/rp2_common/hardware_irq/irq.c.obj
 *fill*         0x100058bb        0x1 
 .rodata.__func__.6
                0x100058bc       0x1a CMakeFiles/uart_advanced.dir/Users/shaelmurthy/me433/Pico/pico-sdk/src/rp2_common/hardware_irq/irq.c.obj
 .rodata.str1.4
                0x100058d6       0x95 CMakeFiles/uart_advanced.dir/Users/shaelmurthy/me433/Pico/pico-sdk/src/common/pico_sync/mutex.c.obj
 *fill*         0x100058d6        0x2 
 .rodata.__func__.1
                0x100058d8        0xb CMakeFiles/uart_advanced.dir/Users/shaelmurthy/me433/Pico/pico-sdk/src/common/pico_sync/mutex.c.obj
 *fill*         0x100058e3        0x1 
 .rodata.__func__.3
                0x100058e4       0x18 CMakeFiles/uart_advanced.dir/Users/shaelmurthy/me433/Pico/pico-sdk/src/common/pico_sync/mutex.c.obj
 .rodata.get_entry.str1.4
                0x100058fc       0x67 CMakeFiles/uart_advanced.dir/Users/shaelmurthy/me433/Pico/pico-sdk/src/common/pico_time/time.c.obj
 .rodata.update_us_since_boot.str1.4
                0x100058fc       0x6d CMakeFiles/uart_advanced.dir/Users/shaelmurthy/me433/Pico/pico-sdk/src/common/pico_time/time.c.obj
 .rodata.ph_get_node.str1.4
                0x100058fc       0x72 CMakeFiles/uart_advanced.dir/Users/shaelmurthy/me433/Pico/pico-sdk/src/common/pico_time/time.c.obj
 .rodata.ph_add_child_node.str1.4
                0x100058fc       0x2e CMakeFiles/uart_advanced.dir/Users/shaelmurthy/me433/Pico/pico-sdk/src/common/pico_time/time.c.obj
 .rodata.ph_insert_node.str1.4
                0x100058fc        0x3 CMakeFiles/uart_advanced.dir/Users/shaelmurthy/me433/Pico/pico-sdk/src/common/pico_time/time.c.obj
 .rodata.ph_free_node.str1.4
                0x100058fc       0x38 CMakeFiles/uart_advanced.dir/Users/shaelmurthy/me433/Pico/pico-sdk/src/common/pico_time/time.c.obj
 .rodata.add_alarm_under_lock.str1.4
                0x100058fc       0x28 CMakeFiles/uart_advanced.dir/Users/shaelmurthy/me433/Pico/pico-sdk/src/common/pico_time/time.c.obj
 .rodata.alarm_pool_alarm_callback.str1.4
                0x100058fc       0x60 CMakeFiles/uart_advanced.dir/Users/shaelmurthy/me433/Pico/pico-sdk/src/common/pico_time/time.c.obj
 .rodata.alarm_pool_get_default.str1.4
                0x100058fc       0x21 CMakeFiles/uart_advanced.dir/Users/shaelmurthy/me433/Pico/pico-sdk/src/common/pico_time/time.c.obj
 .rodata.alarm_pool_cancel_alarm.str1.4
                0x100058fc       0x27 CMakeFiles/uart_advanced.dir/Users/shaelmurthy/me433/Pico/pico-sdk/src/common/pico_time/time.c.obj
 .rodata.sleep_until.str1.4
                0x100058fc       0x4d CMakeFiles/uart_advanced.dir/Users/shaelmurthy/me433/Pico/pico-sdk/src/common/pico_time/time.c.obj
 .rodata.__func__.1
                0x100058fc       0x18 CMakeFiles/uart_advanced.dir/Users/shaelmurthy/me433/Pico/pico-sdk/src/common/pico_time/time.c.obj
 .rodata.__func__.3
                0x10005914       0x17 CMakeFiles/uart_advanced.dir/Users/shaelmurthy/me433/Pico/pico-sdk/src/common/pico_time/time.c.obj
 *fill*         0x1000592b        0x1 
 .rodata.__func__.4
                0x1000592c       0x12 CMakeFiles/uart_advanced.dir/Users/shaelmurthy/me433/Pico/pico-sdk/src/common/pico_time/time.c.obj
 *fill*         0x1000593e        0x2 
 .rodata.__func__.5
                0x10005940        0xd CMakeFiles/uart_advanced.dir/Users/shaelmurthy/me433/Pico/pico-sdk/src/common/pico_time/time.c.obj
 *fill*         0x1000594d        0x3 
 .rodata.__func__.6
                0x10005950       0x12 CMakeFiles/uart_advanced.dir/Users/shaelmurthy/me433/Pico/pico-sdk/src/common/pico_time/time.c.obj
 *fill*         0x10005962        0x2 
 .rodata.__func__.7
                0x10005964        0xf CMakeFiles/uart_advanced.dir/Users/shaelmurthy/me433/Pico/pico-sdk/src/common/pico_time/time.c.obj
 *fill*         0x10005973        0x1 
 .rodata.__func__.8
                0x10005974        0xc CMakeFiles/uart_advanced.dir/Users/shaelmurthy/me433/Pico/pico-sdk/src/common/pico_time/time.c.obj
 .rodata.__func__.9
                0x10005980       0x15 CMakeFiles/uart_advanced.dir/Users/shaelmurthy/me433/Pico/pico-sdk/src/common/pico_time/time.c.obj
 *fill*         0x10005995        0x3 
 .rodata.__func__.10
                0x10005998       0x15 CMakeFiles/uart_advanced.dir/Users/shaelmurthy/me433/Pico/pico-sdk/src/common/pico_time/time.c.obj
 *fill*         0x100059ad        0x3 
 .rodata.__func__.11
                0x100059b0       0x1a CMakeFiles/uart_advanced.dir/Users/shaelmurthy/me433/Pico/pico-sdk/src/common/pico_time/time.c.obj
 *fill*         0x100059ca        0x2 
 .rodata.__func__.12
                0x100059cc        0xa CMakeFiles/uart_advanced.dir/Users/shaelmurthy/me433/Pico/pico-sdk/src/common/pico_time/time.c.obj
 .rodata.update_us_since_boot.str1.4
                0x100059d6       0x6d CMakeFiles/uart_advanced.dir/Users/shaelmurthy/me433/Pico/pico-sdk/src/rp2_common/hardware_timer/timer.c.obj
 .rodata.hardware_alarm_claim.str1.4
                0x100059d6       0x22 CMakeFiles/uart_advanced.dir/Users/shaelmurthy/me433/Pico/pico-sdk/src/rp2_common/hardware_timer/timer.c.obj
 .rodata.hardware_alarm_set_target.str1.4
                0x100059d6       0x71 CMakeFiles/uart_advanced.dir/Users/shaelmurthy/me433/Pico/pico-sdk/src/rp2_common/hardware_timer/timer.c.obj
 *fill*         0x100059d6        0x2 
 .rodata.__func__.0
                0x100059d8       0x1a CMakeFiles/uart_advanced.dir/Users/shaelmurthy/me433/Pico/pico-sdk/src/rp2_common/hardware_timer/timer.c.obj
 *fill*         0x100059f2        0x2 
 .rodata.__func__.1
                0x100059f4       0x15 CMakeFiles/uart_advanced.dir/Users/shaelmurthy/me433/Pico/pico-sdk/src/rp2_common/hardware_timer/timer.c.obj
 .rodata.ph_get_node.str1.4
                0x10005a09       0x72 CMakeFiles/uart_advanced.dir/Users/shaelmurthy/me433/Pico/pico-sdk/src/common/pico_util/pheap.c.obj
 .rodata.ph_add_child_node.str1.4
                0x10005a09       0x2e CMakeFiles/uart_advanced.dir/Users/shaelmurthy/me433/Pico/pico-sdk/src/common/pico_util/pheap.c.obj
 .rodata.ph_remove_any_head.str1.4
                0x10005a09       0xac CMakeFiles/uart_advanced.dir/Users/shaelmurthy/me433/Pico/pico-sdk/src/common/pico_util/pheap.c.obj
 .rodata.ph_remove_and_free_node.str1.4
                0x10005a09       0x26 CMakeFiles/uart_advanced.dir/Users/shaelmurthy/me433/Pico/pico-sdk/src/common/pico_util/pheap.c.obj
 *fill*         0x10005a09        0x3 
 .rodata.__func__.0
                0x10005a0c       0x18 CMakeFiles/uart_advanced.dir/Users/shaelmurthy/me433/Pico/pico-sdk/src/common/pico_util/pheap.c.obj
 .rodata.__func__.1
                0x10005a24       0x13 CMakeFiles/uart_advanced.dir/Users/shaelmurthy/me433/Pico/pico-sdk/src/common/pico_util/pheap.c.obj
 *fill*         0x10005a37        0x1 
 .rodata.__func__.2
                0x10005a38       0x12 CMakeFiles/uart_advanced.dir/Users/shaelmurthy/me433/Pico/pico-sdk/src/common/pico_util/pheap.c.obj
 *fill*         0x10005a4a        0x2 
 .rodata.__func__.3
                0x10005a4c        0xc CMakeFiles/uart_advanced.dir/Users/shaelmurthy/me433/Pico/pico-sdk/src/common/pico_util/pheap.c.obj
 .rodata.clock_configure.str1.4
                0x10005a58       0x63 CMakeFiles/uart_advanced.dir/Users/shaelmurthy/me433/Pico/pico-sdk/src/rp2_common/hardware_clocks/clocks.c.obj
 .rodata.__func__.1
                0x10005a58       0x10 CMakeFiles/uart_advanced.dir/Users/shaelmurthy/me433/Pico/pico-sdk/src/rp2_common/hardware_clocks/clocks.c.obj
 .rodata.pll_init.str1.4
                0x10005a68      0x130 CMakeFiles/uart_advanced.dir/Users/shaelmurthy/me433/Pico/pico-sdk/src/rp2_common/hardware_pll/pll.c.obj
 .rodata.__func__.0
                0x10005a68        0x9 CMakeFiles/uart_advanced.dir/Users/shaelmurthy/me433/Pico/pico-sdk/src/rp2_common/hardware_pll/pll.c.obj
 .rodata.__assert_func.str1.4
                0x10005a71       0x43 CMakeFiles/uart_advanced.dir/Users/shaelmurthy/me433/Pico/pico-sdk/src/rp2_common/pico_runtime/runtime.c.obj
 .rodata.runtime_init.str1.4
                0x10005a71       0x6d CMakeFiles/uart_advanced.dir/Users/shaelmurthy/me433/Pico/pico-sdk/src/rp2_common/pico_runtime/runtime.c.obj
 .rodata.panic.str1.4
                0x10005a71       0x12 CMakeFiles/uart_advanced.dir/Users/shaelmurthy/me433/Pico/pico-sdk/src/rp2_common/pico_runtime/runtime.c.obj
 *fill*         0x10005a71        0x3 
 .rodata.__func__.2
                0x10005a74        0xd CMakeFiles/uart_advanced.dir/Users/shaelmurthy/me433/Pico/pico-sdk/src/rp2_common/pico_runtime/runtime.c.obj
 .rodata._ftoa.str1.4
                0x10005a81       0x15 CMakeFiles/uart_advanced.dir/Users/shaelmurthy/me433/Pico/pico-sdk/src/rp2_common/pico_printf/printf.c.obj
 *fill*         0x10005a81        0x3 
 .rodata._vsnprintf
                0x10005a84      0x19c CMakeFiles/uart_advanced.dir/Users/shaelmurthy/me433/Pico/pico-sdk/src/rp2_common/pico_printf/printf.c.obj
 .rodata.pow10.0
                0x10005c20       0x50 CMakeFiles/uart_advanced.dir/Users/shaelmurthy/me433/Pico/pico-sdk/src/rp2_common/pico_printf/printf.c.obj
 .rodata.__aeabi_double_init.str1.4
                0x10005c70       0xa8 CMakeFiles/uart_advanced.dir/Users/shaelmurthy/me433/Pico/pico-sdk/src/rp2_common/pico_double/double_init_rom.c.obj
 .rodata.__func__.0
                0x10005c70       0x14 CMakeFiles/uart_advanced.dir/Users/shaelmurthy/me433/Pico/pico-sdk/src/rp2_common/pico_double/double_init_rom.c.obj
 .rodata.__aeabi_float_init.str1.4
                0x10005c84       0x8a CMakeFiles/uart_advanced.dir/Users/shaelmurthy/me433/Pico/pico-sdk/src/rp2_common/pico_float/float_init_rom.c.obj
 .rodata.__func__.0
                0x10005c84       0x13 CMakeFiles/uart_advanced.dir/Users/shaelmurthy/me433/Pico/pico-sdk/src/rp2_common/pico_float/float_init_rom.c.obj
 .rodata.str1.4
                0x10005c97       0x44 CMakeFiles/uart_advanced.dir/Users/shaelmurthy/me433/Pico/pico-sdk/src/rp2_common/pico_standard_link/binary_info.c.obj
 *fill*         0x10005c97        0x1 
 .rodata.__bi_81
                0x10005c98        0xc CMakeFiles/uart_advanced.dir/Users/shaelmurthy/me433/Pico/pico-sdk/src/rp2_common/pico_standard_link/binary_info.c.obj
 .rodata.__bi_75
                0x10005ca4        0xc CMakeFiles/uart_advanced.dir/Users/shaelmurthy/me433/Pico/pico-sdk/src/rp2_common/pico_standard_link/binary_info.c.obj
 .rodata.__bi_44
                0x10005cb0        0xc CMakeFiles/uart_advanced.dir/Users/shaelmurthy/me433/Pico/pico-sdk/src/rp2_common/pico_standard_link/binary_info.c.obj
 .rodata.update_us_since_boot.str1.4
                0x10005cbc       0x6d CMakeFiles/uart_advanced.dir/Users/shaelmurthy/me433/Pico/pico-sdk/src/rp2_common/pico_stdio/stdio.c.obj
 .rodata.crlf_str.2
                0x10005cbc        0x2 CMakeFiles/uart_advanced.dir/Users/shaelmurthy/me433/Pico/pico-sdk/src/rp2_common/pico_stdio/stdio.c.obj
 *fill*         0x10005cbe        0x2 
 .rodata.__func__.3
                0x10005cc0       0x15 CMakeFiles/uart_advanced.dir/Users/shaelmurthy/me433/Pico/pico-sdk/src/rp2_common/pico_stdio/stdio.c.obj
 .rodata.str1.4
                0x10005cd5       0x2c CMakeFiles/uart_advanced.dir/Users/shaelmurthy/me433/Pico/pico-sdk/src/rp2_common/pico_stdio_uart/stdio_uart.c.obj
 *fill*         0x10005cd5        0x3 
 .rodata.__bi_33.4
                0x10005cd8        0xc CMakeFiles/uart_advanced.dir/Users/shaelmurthy/me433/Pico/pico-sdk/src/rp2_common/pico_stdio_uart/stdio_uart.c.obj
 .rodata.__bi_34.5
                0x10005ce4        0x8 CMakeFiles/uart_advanced.dir/Users/shaelmurthy/me433/Pico/pico-sdk/src/rp2_common/pico_stdio_uart/stdio_uart.c.obj
 .rodata.i2c_set_baudrate.str1.4
                0x10005cec       0x69 CMakeFiles/uart_advanced.dir/Users/shaelmurthy/me433/Pico/pico-sdk/src/rp2_common/hardware_i2c/i2c.c.obj
 .rodata.__func__.0
                0x10005cec       0x11 CMakeFiles/uart_advanced.dir/Users/shaelmurthy/me433/Pico/pico-sdk/src/rp2_common/hardware_i2c/i2c.c.obj
                0x10005d58                        . = ALIGN (0x4)
 *fill*         0x10005cfd        0x3 
 *(SORT_BY_ALIGNMENT(SORT_BY_NAME(.flashdata*)))
                0x10005d00                        . = ALIGN (0x4)

.ARM.extab
 *(.ARM.extab* .gnu.linkonce.armextab.*)
                0x10005d00                        __exidx_start = .

.ARM.exidx
 *(.ARM.exidx* .gnu.linkonce.armexidx.*)
                0x10005d00                        __exidx_end = .
                0x10005d00                        . = ALIGN (0x4)
                0x10005d00                        __binary_info_start = .

.binary_info    0x10005d00       0x24
 *(.binary_info.keep.*)
 .binary_info.keep.__bi_ptr81
                0x10005d00        0x4 CMakeFiles/uart_advanced.dir/Users/shaelmurthy/me433/Pico/pico-sdk/src/rp2_common/pico_standard_link/binary_info.c.obj
 .binary_info.keep.__bi_ptr75
                0x10005d04        0x4 CMakeFiles/uart_advanced.dir/Users/shaelmurthy/me433/Pico/pico-sdk/src/rp2_common/pico_standard_link/binary_info.c.obj
 .binary_info.keep.__bi_ptr50
                0x10005d08        0x4 CMakeFiles/uart_advanced.dir/Users/shaelmurthy/me433/Pico/pico-sdk/src/rp2_common/pico_standard_link/binary_info.c.obj
 .binary_info.keep.__bi_ptr44
                0x10005d0c        0x4 CMakeFiles/uart_advanced.dir/Users/shaelmurthy/me433/Pico/pico-sdk/src/rp2_common/pico_standard_link/binary_info.c.obj
 .binary_info.keep.__bi_ptr38
                0x10005d10        0x4 CMakeFiles/uart_advanced.dir/Users/shaelmurthy/me433/Pico/pico-sdk/src/rp2_common/pico_standard_link/binary_info.c.obj
 .binary_info.keep.__bi_ptr30
                0x10005d14        0x4 CMakeFiles/uart_advanced.dir/Users/shaelmurthy/me433/Pico/pico-sdk/src/rp2_common/pico_standard_link/binary_info.c.obj
 .binary_info.keep.__bi_ptr22
                0x10005d18        0x4 CMakeFiles/uart_advanced.dir/Users/shaelmurthy/me433/Pico/pico-sdk/src/rp2_common/pico_standard_link/binary_info.c.obj
 *(.binary_info.*)
 .binary_info.__bi_ptr34
                0x10005d1c        0x4 CMakeFiles/uart_advanced.dir/Users/shaelmurthy/me433/Pico/pico-sdk/src/rp2_common/pico_stdio_uart/stdio_uart.c.obj
 .binary_info.__bi_ptr33
                0x10005d20        0x4 CMakeFiles/uart_advanced.dir/Users/shaelmurthy/me433/Pico/pico-sdk/src/rp2_common/pico_stdio_uart/stdio_uart.c.obj
                0x10005d24                        __binary_info_end = .

.rel.dyn        0x10005d24        0x0
 .rel.iplt      0x10005d24        0x0 /Applications/ArmGNUToolchain/13.2.Rel1/arm-none-eabi/bin/../lib/gcc/arm-none-eabi/13.2.1/thumb/v6-m/nofp/crtbegin.o
                0x10005d24                        . = ALIGN (0x4)

.ram_vector_table
                0x20000000       0xc0
 *(.ram_vector_table)
 .ram_vector_table
                0x20000000       0xc0 CMakeFiles/uart_advanced.dir/Users/shaelmurthy/me433/Pico/pico-sdk/src/rp2_common/pico_runtime/runtime.c.obj
                0x20000000                ram_vector_table

.data           0x200000c0      0x24c load address 0x10005d24
                0x200000c0                        __data_start__ = .
 *(vtable)
 *(.time_critical*)
 .time_critical.mutex_try_enter
                0x200000c0       0x46 CMakeFiles/uart_advanced.dir/Users/shaelmurthy/me433/Pico/pico-sdk/src/common/pico_sync/mutex.c.obj
                0x200000c0                mutex_try_enter
 *fill*         0x20000106        0x2 
 .time_critical.mutex_enter_block_until
                0x20000108       0x8c CMakeFiles/uart_advanced.dir/Users/shaelmurthy/me433/Pico/pico-sdk/src/common/pico_sync/mutex.c.obj
                0x20000108                mutex_enter_block_until
 .time_critical.mutex_try_enter_block_until
                0x20000194       0x34 CMakeFiles/uart_advanced.dir/Users/shaelmurthy/me433/Pico/pico-sdk/src/common/pico_sync/mutex.c.obj
                0x20000194                mutex_try_enter_block_until
 .time_critical.mutex_exit
                0x200001c8       0x4c CMakeFiles/uart_advanced.dir/Users/shaelmurthy/me433/Pico/pico-sdk/src/common/pico_sync/mutex.c.obj
                0x200001c8                mutex_exit
 *(.text*)
 .text          0x20000214        0x4 /Applications/ArmGNUToolchain/13.2.Rel1/arm-none-eabi/bin/../lib/gcc/arm-none-eabi/13.2.1/thumb/v6-m/nofp/libgcc.a(_dvmd_tls.o)
                0x20000214                __aeabi_ldiv0
                0x20000214                __aeabi_idiv0
 .text.__stub   0x20000218       0x20 linker stubs
                0x20000238                        . = ALIGN (0x4)
 *(.rodata*)
                0x20000238                        . = ALIGN (0x4)
 *(.data*)
 .data.SSD1306_ADDRESS
                0x20000238        0x1 CMakeFiles/uart_advanced.dir/ssd1306.c.obj
                0x20000238                SSD1306_ADDRESS
 .data.striped_spin_lock_num
                0x20000239        0x1 CMakeFiles/uart_advanced.dir/Users/shaelmurthy/me433/Pico/pico-sdk/src/rp2_common/hardware_sync/sync.c.obj
 *fill*         0x2000023a        0x2 
 .data          0x2000023c       0x48 CMakeFiles/uart_advanced.dir/Users/shaelmurthy/me433/Pico/pico-sdk/src/rp2_common/hardware_irq/irq_handler_chain.S.obj
                0x2000023c                irq_handler_chain_slots
                0x2000026c                irq_handler_chain_first_slot
                0x20000276                irq_handler_chain_remove_tail
 .data.default_alarm_pool
                0x20000284       0x18 CMakeFiles/uart_advanced.dir/Users/shaelmurthy/me433/Pico/pico-sdk/src/common/pico_time/time.c.obj
 .data.default_alarm_pool_heap
                0x2000029c       0x10 CMakeFiles/uart_advanced.dir/Users/shaelmurthy/me433/Pico/pico-sdk/src/common/pico_time/time.c.obj
 *fill*         0x200002ac        0x4 
 .data.aeabi_bits_funcs
                0x200002b0       0x10 CMakeFiles/uart_advanced.dir/Users/shaelmurthy/me433/Pico/pico-sdk/src/rp2_common/pico_bit_ops/bit_ops_aeabi.S.obj
                0x200002b0                aeabi_bits_funcs
                0x200002c0                aeabi_bits_funcs_end
 .data.aeabi_mem_funcs
                0x200002c0       0x10 CMakeFiles/uart_advanced.dir/Users/shaelmurthy/me433/Pico/pico-sdk/src/rp2_common/pico_mem_ops/mem_ops_aeabi.S.obj
                0x200002c0                aeabi_mem_funcs
                0x200002d0                aeabi_mem_funcs_end
 .data.stdio_uart
                0x200002d0       0x18 CMakeFiles/uart_advanced.dir/Users/shaelmurthy/me433/Pico/pico-sdk/src/rp2_common/pico_stdio_uart/stdio_uart.c.obj
                0x200002d0                stdio_uart
 .data.i2c0_inst
                0x200002e8        0x8 CMakeFiles/uart_advanced.dir/Users/shaelmurthy/me433/Pico/pico-sdk/src/rp2_common/hardware_i2c/i2c.c.obj
                0x200002e8                i2c0_inst
                0x200002f0                        . = ALIGN (0x4)
 *(.after_data.*)
                0x200002f0                        . = ALIGN (0x4)
                0x200002f0                        PROVIDE (__mutex_array_start = .)
 *(SORT_BY_NAME(.mutex_array.*))
 *(.mutex_array)
 .mutex_array   0x200002f0        0x8 CMakeFiles/uart_advanced.dir/Users/shaelmurthy/me433/Pico/pico-sdk/src/rp2_common/pico_stdio/stdio.c.obj
                0x200002f8                        PROVIDE (__mutex_array_end = .)
                0x200002f8                        . = ALIGN (0x4)
                0x200002f8                        PROVIDE (__preinit_array_start = .)
 *(SORT_BY_NAME(.preinit_array.*))
 .preinit_array.00001
                0x200002f8        0x4 CMakeFiles/uart_advanced.dir/Users/shaelmurthy/me433/Pico/pico-sdk/src/rp2_common/pico_mem_ops/mem_ops_aeabi.S.obj
 .preinit_array.00010
                0x200002fc        0x4 CMakeFiles/uart_advanced.dir/Users/shaelmurthy/me433/Pico/pico-sdk/src/rp2_common/pico_bit_ops/bit_ops_aeabi.S.obj
 .preinit_array.00020
                0x20000300        0x4 CMakeFiles/uart_advanced.dir/Users/shaelmurthy/me433/Pico/pico-sdk/src/rp2_common/pico_double/double_aeabi.S.obj
 .preinit_array.00020
                0x20000304        0x4 CMakeFiles/uart_advanced.dir/Users/shaelmurthy/me433/Pico/pico-sdk/src/rp2_common/pico_float/float_aeabi.S.obj
 *(.preinit_array)
                0x20000308                        PROVIDE (__preinit_array_end = .)
                0x20000308                        . = ALIGN (0x4)
                0x20000308                        PROVIDE (__init_array_start = .)
 *(SORT_BY_NAME(.init_array.*))
 *(.init_array)
 .init_array    0x20000308        0x4 /Applications/ArmGNUToolchain/13.2.Rel1/arm-none-eabi/bin/../lib/gcc/arm-none-eabi/13.2.1/thumb/v6-m/nofp/crtbegin.o
                0x2000030c                        PROVIDE (__init_array_end = .)
                0x2000030c                        . = ALIGN (0x4)
                [!provide]                        PROVIDE (__fini_array_start = .)
 *(SORT_BY_NAME(.fini_array.*))
 *(.fini_array)
                [!provide]                        PROVIDE (__fini_array_end = .)
 *(.jcr)
                0x2000030c                        . = ALIGN (0x4)
                0x2000030c                        __data_end__ = .
                0x10005d24                        __etext = LOADADDR (.data)

.tm_clone_table
                0x2000030c        0x0 load address 0x10005f70
 .tm_clone_table
                0x2000030c        0x0 /Applications/ArmGNUToolchain/13.2.Rel1/arm-none-eabi/bin/../lib/gcc/arm-none-eabi/13.2.1/thumb/v6-m/nofp/crtbegin.o
 .tm_clone_table
                0x2000030c        0x0 /Applications/ArmGNUToolchain/13.2.Rel1/arm-none-eabi/bin/../lib/gcc/arm-none-eabi/13.2.1/thumb/v6-m/nofp/crtend.o

.igot.plt       0x2000030c        0x0 load address 0x10005f70
 .igot.plt      0x2000030c        0x0 /Applications/ArmGNUToolchain/13.2.Rel1/arm-none-eabi/bin/../lib/gcc/arm-none-eabi/13.2.1/thumb/v6-m/nofp/crtbegin.o

.uninitialized_data
                0x2000030c        0x0 load address 0x10005f70
                0x2000030c                        . = ALIGN (0x4)
 *(.uninitialized_data*)

.scratch_x      0x20040000        0x0 load address 0x10005f70
                0x20040000                        __scratch_x_start__ = .
 *(.scratch_x.*)
                0x20040000                        . = ALIGN (0x4)
                0x20040000                        __scratch_x_end__ = .
                0x10005f70                        __scratch_x_source__ = LOADADDR (.scratch_x)

.scratch_y      0x20041000        0x0 load address 0x10005f70
                0x20041000                        __scratch_y_start__ = .
 *(.scratch_y.*)
                0x20041000                        . = ALIGN (0x4)
                0x20041000                        __scratch_y_end__ = .
                0x10005f70                        __scratch_y_source__ = LOADADDR (.scratch_y)

.bss            0x20000310      0x640
                0x20000310                        . = ALIGN (0x4)
                0x20000310                        __bss_start__ = .
 *(SORT_BY_ALIGNMENT(SORT_BY_NAME(.bss*)))
 .bss.default_alarm_pool_entries
                0x20000310      0x100 CMakeFiles/uart_advanced.dir/Users/shaelmurthy/me433/Pico/pico-sdk/src/common/pico_time/time.c.obj
 .bss.alarm_callbacks
                0x20000410       0x10 CMakeFiles/uart_advanced.dir/Users/shaelmurthy/me433/Pico/pico-sdk/src/rp2_common/hardware_timer/timer.c.obj
 .bss.chars_available_callback
                0x20000420        0x4 CMakeFiles/uart_advanced.dir/Users/shaelmurthy/me433/Pico/pico-sdk/src/rp2_common/pico_stdio_uart/stdio_uart.c.obj
 .bss.chars_available_param
                0x20000424        0x4 CMakeFiles/uart_advanced.dir/Users/shaelmurthy/me433/Pico/pico-sdk/src/rp2_common/pico_stdio_uart/stdio_uart.c.obj
 .bss.configured_freq
                0x20000428       0x28 CMakeFiles/uart_advanced.dir/Users/shaelmurthy/me433/Pico/pico-sdk/src/rp2_common/hardware_clocks/clocks.c.obj
 .bss.default_alarm_pool_entry_ids_high
                0x20000450       0x10 CMakeFiles/uart_advanced.dir/Users/shaelmurthy/me433/Pico/pico-sdk/src/common/pico_time/time.c.obj
 .bss.default_alarm_pool_heap_nodes
                0x20000460       0x30 CMakeFiles/uart_advanced.dir/Users/shaelmurthy/me433/Pico/pico-sdk/src/common/pico_time/time.c.obj
 .bss.drivers   0x20000490        0x4 CMakeFiles/uart_advanced.dir/Users/shaelmurthy/me433/Pico/pico-sdk/src/rp2_common/pico_stdio/stdio.c.obj
 .bss.filter    0x20000494        0x4 CMakeFiles/uart_advanced.dir/Users/shaelmurthy/me433/Pico/pico-sdk/src/rp2_common/pico_stdio/stdio.c.obj
 .bss.i         0x20000498        0x4 CMakeFiles/uart_advanced.dir/uart_advanced.c.obj
                0x20000498                i
 .bss.m         0x2000049c       0x64 CMakeFiles/uart_advanced.dir/uart_advanced.c.obj
                0x2000049c                m
 .bss.object.0  0x20000500       0x18 /Applications/ArmGNUToolchain/13.2.Rel1/arm-none-eabi/bin/../lib/gcc/arm-none-eabi/13.2.1/thumb/v6-m/nofp/crtbegin.o
 .bss.pools     0x20000518       0x10 CMakeFiles/uart_advanced.dir/Users/shaelmurthy/me433/Pico/pico-sdk/src/common/pico_time/time.c.obj
 .bss.sd_table  0x20000528      0x100 CMakeFiles/uart_advanced.dir/Users/shaelmurthy/me433/Pico/pico-sdk/src/rp2_common/pico_double/double_init_rom.c.obj
                0x20000528                sd_table
 .bss.sf_clz_func
                0x20000628        0x4 CMakeFiles/uart_advanced.dir/Users/shaelmurthy/me433/Pico/pico-sdk/src/rp2_common/pico_double/double_init_rom.c.obj
                0x20000628                sf_clz_func
 .bss.sf_table  0x2000062c      0x100 CMakeFiles/uart_advanced.dir/Users/shaelmurthy/me433/Pico/pico-sdk/src/rp2_common/pico_float/float_init_rom.c.obj
                0x2000062c                sf_table
 .bss.sleep_notifier
                0x2000072c        0x4 CMakeFiles/uart_advanced.dir/Users/shaelmurthy/me433/Pico/pico-sdk/src/common/pico_time/time.c.obj
 .bss.ssd1306_buffer
                0x20000730      0x201 CMakeFiles/uart_advanced.dir/ssd1306.c.obj
                0x20000730                ssd1306_buffer
 *fill*         0x20000931        0x3 
 .bss.target_hi
                0x20000934       0x10 CMakeFiles/uart_advanced.dir/Users/shaelmurthy/me433/Pico/pico-sdk/src/rp2_common/hardware_timer/timer.c.obj
 .bss.uart_char_to_line_feed
                0x20000944        0x4 CMakeFiles/uart_advanced.dir/Users/shaelmurthy/me433/Pico/pico-sdk/src/rp2_common/hardware_uart/uart.c.obj
                0x20000944                uart_char_to_line_feed
 .bss.uart_instance
                0x20000948        0x4 CMakeFiles/uart_advanced.dir/Users/shaelmurthy/me433/Pico/pico-sdk/src/rp2_common/pico_stdio_uart/stdio_uart.c.obj
 .bss.claimed   0x2000094c        0x1 CMakeFiles/uart_advanced.dir/Users/shaelmurthy/me433/Pico/pico-sdk/src/rp2_common/hardware_timer/timer.c.obj
 .bss.irq_hander_chain_free_slot_head
                0x2000094d        0x1 CMakeFiles/uart_advanced.dir/Users/shaelmurthy/me433/Pico/pico-sdk/src/rp2_common/hardware_irq/irq.c.obj
 .bss.timer_callbacks_pending
                0x2000094e        0x1 CMakeFiles/uart_advanced.dir/Users/shaelmurthy/me433/Pico/pico-sdk/src/rp2_common/hardware_timer/timer.c.obj
 *(COMMON)
                0x20000950                        . = ALIGN (0x4)
 *fill*         0x2000094f        0x1 
                0x20000950                        __bss_end__ = .

.heap           0x20000950      0x800
                0x20000950                        __end__ = .
                0x20000950                        end = __end__
 *(.heap*)
 .heap          0x20000950      0x800 CMakeFiles/uart_advanced.dir/Users/shaelmurthy/me433/Pico/pico-sdk/src/rp2_common/pico_standard_link/crt0.S.obj
                0x20001150                        __HeapLimit = .

.stack1_dummy
 *(.stack1*)

.stack_dummy    0x20041000      0x800
 *(.stack*)
 .stack         0x20041000      0x800 CMakeFiles/uart_advanced.dir/Users/shaelmurthy/me433/Pico/pico-sdk/src/rp2_common/pico_standard_link/crt0.S.obj

.flash_end      0x10005f70        0x0
                0x10005f70                        PROVIDE (__flash_binary_end = .)
                0x20040000                        __StackLimit = (ORIGIN (RAM) + LENGTH (RAM))
                0x20041000                        __StackOneTop = (ORIGIN (SCRATCH_X) + LENGTH (SCRATCH_X))
                0x20042000                        __StackTop = (ORIGIN (SCRATCH_Y) + LENGTH (SCRATCH_Y))
                0x20041000                        __StackOneBottom = (__StackOneTop - SIZEOF (.stack1_dummy))
                0x20041800                        __StackBottom = (__StackTop - SIZEOF (.stack_dummy))
                0x20042000                        PROVIDE (__stack = __StackTop)
                0x00000001                        ASSERT ((__StackLimit >= __HeapLimit), region RAM overflowed)
                0x00000001                        ASSERT (((__binary_info_header_end - __logical_binary_start) <= 0x100), Binary info must be in first 256 bytes of the binary)
LOAD CMakeFiles/uart_advanced.dir/uart_advanced.c.obj
LOAD CMakeFiles/uart_advanced.dir/ssd1306.c.obj
LOAD CMakeFiles/uart_advanced.dir/Users/shaelmurthy/me433/Pico/pico-sdk/src/rp2_common/pico_stdlib/stdlib.c.obj
LOAD CMakeFiles/uart_advanced.dir/Users/shaelmurthy/me433/Pico/pico-sdk/src/rp2_common/hardware_gpio/gpio.c.obj
LOAD CMakeFiles/uart_advanced.dir/Users/shaelmurthy/me433/Pico/pico-sdk/src/rp2_common/pico_platform/platform.c.obj
LOAD CMakeFiles/uart_advanced.dir/Users/shaelmurthy/me433/Pico/pico-sdk/src/rp2_common/hardware_claim/claim.c.obj
LOAD CMakeFiles/uart_advanced.dir/Users/shaelmurthy/me433/Pico/pico-sdk/src/rp2_common/hardware_sync/sync.c.obj
LOAD CMakeFiles/uart_advanced.dir/Users/shaelmurthy/me433/Pico/pico-sdk/src/rp2_common/hardware_irq/irq.c.obj
LOAD CMakeFiles/uart_advanced.dir/Users/shaelmurthy/me433/Pico/pico-sdk/src/rp2_common/hardware_irq/irq_handler_chain.S.obj
LOAD CMakeFiles/uart_advanced.dir/Users/shaelmurthy/me433/Pico/pico-sdk/src/common/pico_sync/sem.c.obj
LOAD CMakeFiles/uart_advanced.dir/Users/shaelmurthy/me433/Pico/pico-sdk/src/common/pico_sync/lock_core.c.obj
LOAD CMakeFiles/uart_advanced.dir/Users/shaelmurthy/me433/Pico/pico-sdk/src/common/pico_sync/mutex.c.obj
LOAD CMakeFiles/uart_advanced.dir/Users/shaelmurthy/me433/Pico/pico-sdk/src/common/pico_sync/critical_section.c.obj
LOAD CMakeFiles/uart_advanced.dir/Users/shaelmurthy/me433/Pico/pico-sdk/src/common/pico_time/time.c.obj
LOAD CMakeFiles/uart_advanced.dir/Users/shaelmurthy/me433/Pico/pico-sdk/src/common/pico_time/timeout_helper.c.obj
LOAD CMakeFiles/uart_advanced.dir/Users/shaelmurthy/me433/Pico/pico-sdk/src/rp2_common/hardware_timer/timer.c.obj
LOAD CMakeFiles/uart_advanced.dir/Users/shaelmurthy/me433/Pico/pico-sdk/src/common/pico_util/datetime.c.obj
LOAD CMakeFiles/uart_advanced.dir/Users/shaelmurthy/me433/Pico/pico-sdk/src/common/pico_util/pheap.c.obj
LOAD CMakeFiles/uart_advanced.dir/Users/shaelmurthy/me433/Pico/pico-sdk/src/common/pico_util/queue.c.obj
LOAD CMakeFiles/uart_advanced.dir/Users/shaelmurthy/me433/Pico/pico-sdk/src/rp2_common/hardware_uart/uart.c.obj
LOAD CMakeFiles/uart_advanced.dir/Users/shaelmurthy/me433/Pico/pico-sdk/src/rp2_common/hardware_clocks/clocks.c.obj
LOAD CMakeFiles/uart_advanced.dir/Users/shaelmurthy/me433/Pico/pico-sdk/src/rp2_common/hardware_pll/pll.c.obj
LOAD CMakeFiles/uart_advanced.dir/Users/shaelmurthy/me433/Pico/pico-sdk/src/rp2_common/hardware_vreg/vreg.c.obj
LOAD CMakeFiles/uart_advanced.dir/Users/shaelmurthy/me433/Pico/pico-sdk/src/rp2_common/hardware_watchdog/watchdog.c.obj
LOAD CMakeFiles/uart_advanced.dir/Users/shaelmurthy/me433/Pico/pico-sdk/src/rp2_common/hardware_xosc/xosc.c.obj
LOAD CMakeFiles/uart_advanced.dir/Users/shaelmurthy/me433/Pico/pico-sdk/src/rp2_common/hardware_divider/divider.S.obj
LOAD CMakeFiles/uart_advanced.dir/Users/shaelmurthy/me433/Pico/pico-sdk/src/rp2_common/pico_runtime/runtime.c.obj
LOAD CMakeFiles/uart_advanced.dir/Users/shaelmurthy/me433/Pico/pico-sdk/src/rp2_common/pico_printf/printf.c.obj
LOAD CMakeFiles/uart_advanced.dir/Users/shaelmurthy/me433/Pico/pico-sdk/src/rp2_common/pico_bit_ops/bit_ops_aeabi.S.obj
LOAD CMakeFiles/uart_advanced.dir/Users/shaelmurthy/me433/Pico/pico-sdk/src/rp2_common/pico_bootrom/bootrom.c.obj
LOAD CMakeFiles/uart_advanced.dir/Users/shaelmurthy/me433/Pico/pico-sdk/src/rp2_common/pico_divider/divider.S.obj
LOAD CMakeFiles/uart_advanced.dir/Users/shaelmurthy/me433/Pico/pico-sdk/src/rp2_common/pico_double/double_aeabi.S.obj
LOAD CMakeFiles/uart_advanced.dir/Users/shaelmurthy/me433/Pico/pico-sdk/src/rp2_common/pico_double/double_init_rom.c.obj
LOAD CMakeFiles/uart_advanced.dir/Users/shaelmurthy/me433/Pico/pico-sdk/src/rp2_common/pico_double/double_math.c.obj
LOAD CMakeFiles/uart_advanced.dir/Users/shaelmurthy/me433/Pico/pico-sdk/src/rp2_common/pico_double/double_v1_rom_shim.S.obj
LOAD CMakeFiles/uart_advanced.dir/Users/shaelmurthy/me433/Pico/pico-sdk/src/rp2_common/pico_int64_ops/pico_int64_ops_aeabi.S.obj
LOAD CMakeFiles/uart_advanced.dir/Users/shaelmurthy/me433/Pico/pico-sdk/src/rp2_common/pico_float/float_aeabi.S.obj
LOAD CMakeFiles/uart_advanced.dir/Users/shaelmurthy/me433/Pico/pico-sdk/src/rp2_common/pico_float/float_init_rom.c.obj
LOAD CMakeFiles/uart_advanced.dir/Users/shaelmurthy/me433/Pico/pico-sdk/src/rp2_common/pico_float/float_math.c.obj
LOAD CMakeFiles/uart_advanced.dir/Users/shaelmurthy/me433/Pico/pico-sdk/src/rp2_common/pico_float/float_v1_rom_shim.S.obj
LOAD CMakeFiles/uart_advanced.dir/Users/shaelmurthy/me433/Pico/pico-sdk/src/rp2_common/pico_malloc/pico_malloc.c.obj
LOAD CMakeFiles/uart_advanced.dir/Users/shaelmurthy/me433/Pico/pico-sdk/src/rp2_common/pico_mem_ops/mem_ops_aeabi.S.obj
LOAD CMakeFiles/uart_advanced.dir/Users/shaelmurthy/me433/Pico/pico-sdk/src/rp2_common/pico_standard_link/crt0.S.obj
LOAD CMakeFiles/uart_advanced.dir/Users/shaelmurthy/me433/Pico/pico-sdk/src/rp2_common/pico_standard_link/new_delete.cpp.obj
LOAD CMakeFiles/uart_advanced.dir/Users/shaelmurthy/me433/Pico/pico-sdk/src/rp2_common/pico_standard_link/binary_info.c.obj
LOAD CMakeFiles/uart_advanced.dir/Users/shaelmurthy/me433/Pico/pico-sdk/src/rp2_common/pico_stdio/stdio.c.obj
LOAD CMakeFiles/uart_advanced.dir/Users/shaelmurthy/me433/Pico/pico-sdk/src/rp2_common/pico_stdio_uart/stdio_uart.c.obj
LOAD CMakeFiles/uart_advanced.dir/Users/shaelmurthy/me433/Pico/pico-sdk/src/rp2_common/hardware_i2c/i2c.c.obj
LOAD /var/folders/f5/lb32ykv162z1ymk2m790j7j80000gp/T//ccKczndL.o
LOAD /Applications/ArmGNUToolchain/13.2.Rel1/arm-none-eabi/bin/../lib/gcc/arm-none-eabi/13.2.1/../../../../arm-none-eabi/lib/thumb/v6-m/nofp/libstdc++.a
LOAD /Applications/ArmGNUToolchain/13.2.Rel1/arm-none-eabi/bin/../lib/gcc/arm-none-eabi/13.2.1/../../../../arm-none-eabi/lib/thumb/v6-m/nofp/libm.a
START GROUP
LOAD /Applications/ArmGNUToolchain/13.2.Rel1/arm-none-eabi/bin/../lib/gcc/arm-none-eabi/13.2.1/thumb/v6-m/nofp/libgcc.a
LOAD /Applications/ArmGNUToolchain/13.2.Rel1/arm-none-eabi/bin/../lib/gcc/arm-none-eabi/13.2.1/../../../../arm-none-eabi/lib/thumb/v6-m/nofp/libg.a
LOAD /Applications/ArmGNUToolchain/13.2.Rel1/arm-none-eabi/bin/../lib/gcc/arm-none-eabi/13.2.1/../../../../arm-none-eabi/lib/thumb/v6-m/nofp/libc.a
END GROUP
START GROUP
LOAD /Applications/ArmGNUToolchain/13.2.Rel1/arm-none-eabi/bin/../lib/gcc/arm-none-eabi/13.2.1/thumb/v6-m/nofp/libgcc.a
LOAD /Applications/ArmGNUToolchain/13.2.Rel1/arm-none-eabi/bin/../lib/gcc/arm-none-eabi/13.2.1/../../../../arm-none-eabi/lib/thumb/v6-m/nofp/libc.a
LOAD /Applications/ArmGNUToolchain/13.2.Rel1/arm-none-eabi/bin/../lib/gcc/arm-none-eabi/13.2.1/../../../../arm-none-eabi/lib/thumb/v6-m/nofp/libnosys.a
END GROUP
LOAD /Applications/ArmGNUToolchain/13.2.Rel1/arm-none-eabi/bin/../lib/gcc/arm-none-eabi/13.2.1/thumb/v6-m/nofp/crtend.o
LOAD /Applications/ArmGNUToolchain/13.2.Rel1/arm-none-eabi/bin/../lib/gcc/arm-none-eabi/13.2.1/thumb/v6-m/nofp/crtn.o
OUTPUT(uart_advanced.elf elf32-littlearm)
LOAD linker stubs

.ARM.attributes
                0x00000000       0x28
 .ARM.attributes
                0x00000000       0x1e /Applications/ArmGNUToolchain/13.2.Rel1/arm-none-eabi/bin/../lib/gcc/arm-none-eabi/13.2.1/thumb/v6-m/nofp/crti.o
 .ARM.attributes
                0x0000001e       0x2c /Applications/ArmGNUToolchain/13.2.Rel1/arm-none-eabi/bin/../lib/gcc/arm-none-eabi/13.2.1/thumb/v6-m/nofp/crtbegin.o
 .ARM.attributes
                0x0000004a       0x2c CMakeFiles/uart_advanced.dir/uart_advanced.c.obj
 .ARM.attributes
                0x00000076       0x2c CMakeFiles/uart_advanced.dir/ssd1306.c.obj
 .ARM.attributes
                0x000000a2       0x2c CMakeFiles/uart_advanced.dir/Users/shaelmurthy/me433/Pico/pico-sdk/src/rp2_common/hardware_gpio/gpio.c.obj
 .ARM.attributes
                0x000000ce       0x2c CMakeFiles/uart_advanced.dir/Users/shaelmurthy/me433/Pico/pico-sdk/src/rp2_common/pico_platform/platform.c.obj
 .ARM.attributes
                0x000000fa       0x2c CMakeFiles/uart_advanced.dir/Users/shaelmurthy/me433/Pico/pico-sdk/src/rp2_common/hardware_claim/claim.c.obj
 .ARM.attributes
                0x00000126       0x2c CMakeFiles/uart_advanced.dir/Users/shaelmurthy/me433/Pico/pico-sdk/src/rp2_common/hardware_sync/sync.c.obj
 .ARM.attributes
                0x00000152       0x2c CMakeFiles/uart_advanced.dir/Users/shaelmurthy/me433/Pico/pico-sdk/src/rp2_common/hardware_irq/irq.c.obj
 .ARM.attributes
                0x0000017e       0x22 CMakeFiles/uart_advanced.dir/Users/shaelmurthy/me433/Pico/pico-sdk/src/rp2_common/hardware_irq/irq_handler_chain.S.obj
 .ARM.attributes
                0x000001a0       0x2c CMakeFiles/uart_advanced.dir/Users/shaelmurthy/me433/Pico/pico-sdk/src/common/pico_sync/lock_core.c.obj
 .ARM.attributes
                0x000001cc       0x2c CMakeFiles/uart_advanced.dir/Users/shaelmurthy/me433/Pico/pico-sdk/src/common/pico_sync/mutex.c.obj
 .ARM.attributes
                0x000001f8       0x2c CMakeFiles/uart_advanced.dir/Users/shaelmurthy/me433/Pico/pico-sdk/src/common/pico_time/time.c.obj
 .ARM.attributes
                0x00000224       0x2c CMakeFiles/uart_advanced.dir/Users/shaelmurthy/me433/Pico/pico-sdk/src/rp2_common/hardware_timer/timer.c.obj
 .ARM.attributes
                0x00000250       0x2c CMakeFiles/uart_advanced.dir/Users/shaelmurthy/me433/Pico/pico-sdk/src/common/pico_util/pheap.c.obj
 .ARM.attributes
                0x0000027c       0x2c CMakeFiles/uart_advanced.dir/Users/shaelmurthy/me433/Pico/pico-sdk/src/rp2_common/hardware_uart/uart.c.obj
 .ARM.attributes
                0x000002a8       0x2c CMakeFiles/uart_advanced.dir/Users/shaelmurthy/me433/Pico/pico-sdk/src/rp2_common/hardware_clocks/clocks.c.obj
 .ARM.attributes
                0x000002d4       0x2c CMakeFiles/uart_advanced.dir/Users/shaelmurthy/me433/Pico/pico-sdk/src/rp2_common/hardware_pll/pll.c.obj
 .ARM.attributes
                0x00000300       0x2c CMakeFiles/uart_advanced.dir/Users/shaelmurthy/me433/Pico/pico-sdk/src/rp2_common/hardware_watchdog/watchdog.c.obj
 .ARM.attributes
                0x0000032c       0x2c CMakeFiles/uart_advanced.dir/Users/shaelmurthy/me433/Pico/pico-sdk/src/rp2_common/hardware_xosc/xosc.c.obj
 .ARM.attributes
                0x00000358       0x2c CMakeFiles/uart_advanced.dir/Users/shaelmurthy/me433/Pico/pico-sdk/src/rp2_common/pico_runtime/runtime.c.obj
 .ARM.attributes
                0x00000384       0x2c CMakeFiles/uart_advanced.dir/Users/shaelmurthy/me433/Pico/pico-sdk/src/rp2_common/pico_printf/printf.c.obj
 .ARM.attributes
                0x000003b0       0x22 CMakeFiles/uart_advanced.dir/Users/shaelmurthy/me433/Pico/pico-sdk/src/rp2_common/pico_bit_ops/bit_ops_aeabi.S.obj
 .ARM.attributes
                0x000003d2       0x2c CMakeFiles/uart_advanced.dir/Users/shaelmurthy/me433/Pico/pico-sdk/src/rp2_common/pico_bootrom/bootrom.c.obj
 .ARM.attributes
                0x000003fe       0x22 CMakeFiles/uart_advanced.dir/Users/shaelmurthy/me433/Pico/pico-sdk/src/rp2_common/pico_divider/divider.S.obj
 .ARM.attributes
                0x00000420       0x22 CMakeFiles/uart_advanced.dir/Users/shaelmurthy/me433/Pico/pico-sdk/src/rp2_common/pico_double/double_aeabi.S.obj
 .ARM.attributes
                0x00000442       0x2c CMakeFiles/uart_advanced.dir/Users/shaelmurthy/me433/Pico/pico-sdk/src/rp2_common/pico_double/double_init_rom.c.obj
 .ARM.attributes
                0x0000046e       0x22 CMakeFiles/uart_advanced.dir/Users/shaelmurthy/me433/Pico/pico-sdk/src/rp2_common/pico_double/double_v1_rom_shim.S.obj
 .ARM.attributes
                0x00000490       0x22 CMakeFiles/uart_advanced.dir/Users/shaelmurthy/me433/Pico/pico-sdk/src/rp2_common/pico_int64_ops/pico_int64_ops_aeabi.S.obj
 .ARM.attributes
                0x000004b2       0x22 CMakeFiles/uart_advanced.dir/Users/shaelmurthy/me433/Pico/pico-sdk/src/rp2_common/pico_float/float_aeabi.S.obj
 .ARM.attributes
                0x000004d4       0x2c CMakeFiles/uart_advanced.dir/Users/shaelmurthy/me433/Pico/pico-sdk/src/rp2_common/pico_float/float_init_rom.c.obj
 .ARM.attributes
                0x00000500       0x22 CMakeFiles/uart_advanced.dir/Users/shaelmurthy/me433/Pico/pico-sdk/src/rp2_common/pico_float/float_v1_rom_shim.S.obj
 .ARM.attributes
                0x00000522       0x22 CMakeFiles/uart_advanced.dir/Users/shaelmurthy/me433/Pico/pico-sdk/src/rp2_common/pico_mem_ops/mem_ops_aeabi.S.obj
 .ARM.attributes
                0x00000544       0x22 CMakeFiles/uart_advanced.dir/Users/shaelmurthy/me433/Pico/pico-sdk/src/rp2_common/pico_standard_link/crt0.S.obj
 .ARM.attributes
                0x00000566       0x2c CMakeFiles/uart_advanced.dir/Users/shaelmurthy/me433/Pico/pico-sdk/src/rp2_common/pico_standard_link/binary_info.c.obj
 .ARM.attributes
                0x00000592       0x2c CMakeFiles/uart_advanced.dir/Users/shaelmurthy/me433/Pico/pico-sdk/src/rp2_common/pico_stdio/stdio.c.obj
 .ARM.attributes
                0x000005be       0x2c CMakeFiles/uart_advanced.dir/Users/shaelmurthy/me433/Pico/pico-sdk/src/rp2_common/pico_stdio_uart/stdio_uart.c.obj
 .ARM.attributes
                0x000005ea       0x2c CMakeFiles/uart_advanced.dir/Users/shaelmurthy/me433/Pico/pico-sdk/src/rp2_common/hardware_i2c/i2c.c.obj
 .ARM.attributes
                0x00000616       0x22 /var/folders/f5/lb32ykv162z1ymk2m790j7j80000gp/T//ccKczndL.o
 .ARM.attributes
                0x00000638       0x1e /Applications/ArmGNUToolchain/13.2.Rel1/arm-none-eabi/bin/../lib/gcc/arm-none-eabi/13.2.1/thumb/v6-m/nofp/libgcc.a(_dvmd_tls.o)
 .ARM.attributes
                0x00000656       0x2c /Applications/ArmGNUToolchain/13.2.Rel1/arm-none-eabi/bin/../lib/gcc/arm-none-eabi/13.2.1/../../../../arm-none-eabi/lib/thumb/v6-m/nofp/libg.a(libc_a-strlen-stub.o)
 .ARM.attributes
                0x00000682       0x2c /Applications/ArmGNUToolchain/13.2.Rel1/arm-none-eabi/bin/../lib/gcc/arm-none-eabi/13.2.1/thumb/v6-m/nofp/crtend.o

.comment        0x00000000       0x44
 .comment       0x00000000       0x44 CMakeFiles/uart_advanced.dir/uart_advanced.c.obj
                                 0x45 (size before relaxing)
 .comment       0x00000044       0x45 CMakeFiles/uart_advanced.dir/ssd1306.c.obj
 .comment       0x00000044       0x45 CMakeFiles/uart_advanced.dir/Users/shaelmurthy/me433/Pico/pico-sdk/src/rp2_common/hardware_gpio/gpio.c.obj
 .comment       0x00000044       0x45 CMakeFiles/uart_advanced.dir/Users/shaelmurthy/me433/Pico/pico-sdk/src/rp2_common/pico_platform/platform.c.obj
 .comment       0x00000044       0x45 CMakeFiles/uart_advanced.dir/Users/shaelmurthy/me433/Pico/pico-sdk/src/rp2_common/hardware_claim/claim.c.obj
 .comment       0x00000044       0x45 CMakeFiles/uart_advanced.dir/Users/shaelmurthy/me433/Pico/pico-sdk/src/rp2_common/hardware_sync/sync.c.obj
 .comment       0x00000044       0x45 CMakeFiles/uart_advanced.dir/Users/shaelmurthy/me433/Pico/pico-sdk/src/rp2_common/hardware_irq/irq.c.obj
 .comment       0x00000044       0x45 CMakeFiles/uart_advanced.dir/Users/shaelmurthy/me433/Pico/pico-sdk/src/common/pico_sync/lock_core.c.obj
 .comment       0x00000044       0x45 CMakeFiles/uart_advanced.dir/Users/shaelmurthy/me433/Pico/pico-sdk/src/common/pico_sync/mutex.c.obj
 .comment       0x00000044       0x45 CMakeFiles/uart_advanced.dir/Users/shaelmurthy/me433/Pico/pico-sdk/src/common/pico_time/time.c.obj
 .comment       0x00000044       0x45 CMakeFiles/uart_advanced.dir/Users/shaelmurthy/me433/Pico/pico-sdk/src/rp2_common/hardware_timer/timer.c.obj
 .comment       0x00000044       0x45 CMakeFiles/uart_advanced.dir/Users/shaelmurthy/me433/Pico/pico-sdk/src/common/pico_util/pheap.c.obj
 .comment       0x00000044       0x45 CMakeFiles/uart_advanced.dir/Users/shaelmurthy/me433/Pico/pico-sdk/src/rp2_common/hardware_uart/uart.c.obj
 .comment       0x00000044       0x45 CMakeFiles/uart_advanced.dir/Users/shaelmurthy/me433/Pico/pico-sdk/src/rp2_common/hardware_clocks/clocks.c.obj
 .comment       0x00000044       0x45 CMakeFiles/uart_advanced.dir/Users/shaelmurthy/me433/Pico/pico-sdk/src/rp2_common/hardware_pll/pll.c.obj
 .comment       0x00000044       0x45 CMakeFiles/uart_advanced.dir/Users/shaelmurthy/me433/Pico/pico-sdk/src/rp2_common/hardware_watchdog/watchdog.c.obj
 .comment       0x00000044       0x45 CMakeFiles/uart_advanced.dir/Users/shaelmurthy/me433/Pico/pico-sdk/src/rp2_common/hardware_xosc/xosc.c.obj
 .comment       0x00000044       0x45 CMakeFiles/uart_advanced.dir/Users/shaelmurthy/me433/Pico/pico-sdk/src/rp2_common/pico_runtime/runtime.c.obj
 .comment       0x00000044       0x45 CMakeFiles/uart_advanced.dir/Users/shaelmurthy/me433/Pico/pico-sdk/src/rp2_common/pico_printf/printf.c.obj
 .comment       0x00000044       0x45 CMakeFiles/uart_advanced.dir/Users/shaelmurthy/me433/Pico/pico-sdk/src/rp2_common/pico_bootrom/bootrom.c.obj
 .comment       0x00000044       0x45 CMakeFiles/uart_advanced.dir/Users/shaelmurthy/me433/Pico/pico-sdk/src/rp2_common/pico_double/double_init_rom.c.obj
 .comment       0x00000044       0x45 CMakeFiles/uart_advanced.dir/Users/shaelmurthy/me433/Pico/pico-sdk/src/rp2_common/pico_float/float_init_rom.c.obj
 .comment       0x00000044       0x45 CMakeFiles/uart_advanced.dir/Users/shaelmurthy/me433/Pico/pico-sdk/src/rp2_common/pico_standard_link/binary_info.c.obj
 .comment       0x00000044       0x45 CMakeFiles/uart_advanced.dir/Users/shaelmurthy/me433/Pico/pico-sdk/src/rp2_common/pico_stdio/stdio.c.obj
 .comment       0x00000044       0x45 CMakeFiles/uart_advanced.dir/Users/shaelmurthy/me433/Pico/pico-sdk/src/rp2_common/pico_stdio_uart/stdio_uart.c.obj
 .comment       0x00000044       0x45 CMakeFiles/uart_advanced.dir/Users/shaelmurthy/me433/Pico/pico-sdk/src/rp2_common/hardware_i2c/i2c.c.obj

.debug_info     0x00000000    0x1749a
 .debug_info    0x00000000     0x1508 CMakeFiles/uart_advanced.dir/uart_advanced.c.obj
 .debug_info    0x00001508      0x98e CMakeFiles/uart_advanced.dir/ssd1306.c.obj
 .debug_info    0x00001e96     0x184b CMakeFiles/uart_advanced.dir/Users/shaelmurthy/me433/Pico/pico-sdk/src/rp2_common/hardware_gpio/gpio.c.obj
 .debug_info    0x000036e1      0x1fb CMakeFiles/uart_advanced.dir/Users/shaelmurthy/me433/Pico/pico-sdk/src/rp2_common/pico_platform/platform.c.obj
 .debug_info    0x000038dc      0x69a CMakeFiles/uart_advanced.dir/Users/shaelmurthy/me433/Pico/pico-sdk/src/rp2_common/hardware_claim/claim.c.obj
 .debug_info    0x00003f76      0x5fa CMakeFiles/uart_advanced.dir/Users/shaelmurthy/me433/Pico/pico-sdk/src/rp2_common/hardware_sync/sync.c.obj
 .debug_info    0x00004570     0x1c43 CMakeFiles/uart_advanced.dir/Users/shaelmurthy/me433/Pico/pico-sdk/src/rp2_common/hardware_irq/irq.c.obj
 .debug_info    0x000061b3      0x1a3 CMakeFiles/uart_advanced.dir/Users/shaelmurthy/me433/Pico/pico-sdk/src/common/pico_sync/lock_core.c.obj
 .debug_info    0x00006356     0x1d29 CMakeFiles/uart_advanced.dir/Users/shaelmurthy/me433/Pico/pico-sdk/src/common/pico_sync/mutex.c.obj
 .debug_info    0x0000807f     0x33f9 CMakeFiles/uart_advanced.dir/Users/shaelmurthy/me433/Pico/pico-sdk/src/common/pico_time/time.c.obj
 .debug_info    0x0000b478     0x145b CMakeFiles/uart_advanced.dir/Users/shaelmurthy/me433/Pico/pico-sdk/src/rp2_common/hardware_timer/timer.c.obj
 .debug_info    0x0000c8d3      0xe82 CMakeFiles/uart_advanced.dir/Users/shaelmurthy/me433/Pico/pico-sdk/src/common/pico_util/pheap.c.obj
 .debug_info    0x0000d755      0xd98 CMakeFiles/uart_advanced.dir/Users/shaelmurthy/me433/Pico/pico-sdk/src/rp2_common/hardware_uart/uart.c.obj