Archive member included to satisfy reference by file (symbol)

/Applications/ArmGNUToolchain/13.2.Rel1/arm-none-eabi/bin/../lib/gcc/arm-none-eabi/13.2.1/thumb/v6-m/nofp/libgcc.a(_dvmd_tls.o)
                              CMakeFiles/bme280_spi.dir/Users/shaelmurthy/me433/Pico/pico-sdk/src/rp2_common/pico_divider/divider.S.obj (__aeabi_idiv0)
/Applications/ArmGNUToolchain/13.2.Rel1/arm-none-eabi/bin/../lib/gcc/arm-none-eabi/13.2.1/../../../../arm-none-eabi/lib/thumb/v6-m/nofp/libg.a(libc_a-calloc.o)
                              CMakeFiles/bme280_spi.dir/Users/shaelmurthy/me433/Pico/pico-sdk/src/rp2_common/pico_malloc/pico_malloc.c.obj (calloc)
/Applications/ArmGNUToolchain/13.2.Rel1/arm-none-eabi/bin/../lib/gcc/arm-none-eabi/13.2.1/../../../../arm-none-eabi/lib/thumb/v6-m/nofp/libg.a(libc_a-callocr.o)
                              /Applications/ArmGNUToolchain/13.2.Rel1/arm-none-eabi/bin/../lib/gcc/arm-none-eabi/13.2.1/../../../../arm-none-eabi/lib/thumb/v6-m/nofp/libg.a(libc_a-calloc.o) (_calloc_r)
/Applications/ArmGNUToolchain/13.2.Rel1/arm-none-eabi/bin/../lib/gcc/arm-none-eabi/13.2.1/../../../../arm-none-eabi/lib/thumb/v6-m/nofp/libg.a(libc_a-malloc.o)
                              CMakeFiles/bme280_spi.dir/Users/shaelmurthy/me433/Pico/pico-sdk/src/rp2_common/pico_malloc/pico_malloc.c.obj (malloc)
/Applications/ArmGNUToolchain/13.2.Rel1/arm-none-eabi/bin/../lib/gcc/arm-none-eabi/13.2.1/../../../../arm-none-eabi/lib/thumb/v6-m/nofp/libg.a(libc_a-mallocr.o)
                              /Applications/ArmGNUToolchain/13.2.Rel1/arm-none-eabi/bin/../lib/gcc/arm-none-eabi/13.2.1/../../../../arm-none-eabi/lib/thumb/v6-m/nofp/libg.a(libc_a-callocr.o) (_malloc_r)
/Applications/ArmGNUToolchain/13.2.Rel1/arm-none-eabi/bin/../lib/gcc/arm-none-eabi/13.2.1/../../../../arm-none-eabi/lib/thumb/v6-m/nofp/libg.a(libc_a-mlock.o)
                              /Applications/ArmGNUToolchain/13.2.Rel1/arm-none-eabi/bin/../lib/gcc/arm-none-eabi/13.2.1/../../../../arm-none-eabi/lib/thumb/v6-m/nofp/libg.a(libc_a-mallocr.o) (__malloc_lock)
/Applications/ArmGNUToolchain/13.2.Rel1/arm-none-eabi/bin/../lib/gcc/arm-none-eabi/13.2.1/../../../../arm-none-eabi/lib/thumb/v6-m/nofp/libg.a(libc_a-realloc.o)
                              CMakeFiles/bme280_spi.dir/Users/shaelmurthy/me433/Pico/pico-sdk/src/rp2_common/pico_malloc/pico_malloc.c.obj (realloc)
/Applications/ArmGNUToolchain/13.2.Rel1/arm-none-eabi/bin/../lib/gcc/arm-none-eabi/13.2.1/../../../../arm-none-eabi/lib/thumb/v6-m/nofp/libg.a(libc_a-reallocr.o)
                              /Applications/ArmGNUToolchain/13.2.Rel1/arm-none-eabi/bin/../lib/gcc/arm-none-eabi/13.2.1/../../../../arm-none-eabi/lib/thumb/v6-m/nofp/libg.a(libc_a-realloc.o) (_realloc_r)
/Applications/ArmGNUToolchain/13.2.Rel1/arm-none-eabi/bin/../lib/gcc/arm-none-eabi/13.2.1/../../../../arm-none-eabi/lib/thumb/v6-m/nofp/libg.a(libc_a-memmove.o)
                              /Applications/ArmGNUToolchain/13.2.Rel1/arm-none-eabi/bin/../lib/gcc/arm-none-eabi/13.2.1/../../../../arm-none-eabi/lib/thumb/v6-m/nofp/libg.a(libc_a-reallocr.o) (memmove)
/Applications/ArmGNUToolchain/13.2.Rel1/arm-none-eabi/bin/../lib/gcc/arm-none-eabi/13.2.1/../../../../arm-none-eabi/lib/thumb/v6-m/nofp/libg.a(libc_a-impure.o)
                              /Applications/ArmGNUToolchain/13.2.Rel1/arm-none-eabi/bin/../lib/gcc/arm-none-eabi/13.2.1/../../../../arm-none-eabi/lib/thumb/v6-m/nofp/libg.a(libc_a-calloc.o) (_impure_ptr)
/Applications/ArmGNUToolchain/13.2.Rel1/arm-none-eabi/bin/../lib/gcc/arm-none-eabi/13.2.1/../../../../arm-none-eabi/lib/thumb/v6-m/nofp/libg.a(libc_a-sbrkr.o)
                              /Applications/ArmGNUToolchain/13.2.Rel1/arm-none-eabi/bin/../lib/gcc/arm-none-eabi/13.2.1/../../../../arm-none-eabi/lib/thumb/v6-m/nofp/libg.a(libc_a-mallocr.o) (_sbrk_r)
/Applications/ArmGNUToolchain/13.2.Rel1/arm-none-eabi/bin/../lib/gcc/arm-none-eabi/13.2.1/../../../../arm-none-eabi/lib/thumb/v6-m/nofp/libg.a(libc_a-errno.o)
                              /Applications/ArmGNUToolchain/13.2.Rel1/arm-none-eabi/bin/../lib/gcc/arm-none-eabi/13.2.1/../../../../arm-none-eabi/lib/thumb/v6-m/nofp/libg.a(libc_a-callocr.o) (__errno)
/Applications/ArmGNUToolchain/13.2.Rel1/arm-none-eabi/bin/../lib/gcc/arm-none-eabi/13.2.1/../../../../arm-none-eabi/lib/thumb/v6-m/nofp/libg.a(libc_a-sysconf.o)
                              /Applications/ArmGNUToolchain/13.2.Rel1/arm-none-eabi/bin/../lib/gcc/arm-none-eabi/13.2.1/../../../../arm-none-eabi/lib/thumb/v6-m/nofp/libg.a(libc_a-mallocr.o) (sysconf)
/Applications/ArmGNUToolchain/13.2.Rel1/arm-none-eabi/bin/../lib/gcc/arm-none-eabi/13.2.1/../../../../arm-none-eabi/lib/thumb/v6-m/nofp/libg.a(libc_a-init.o)
                              /Applications/ArmGNUToolchain/13.2.Rel1/arm-none-eabi/bin/../lib/gcc/arm-none-eabi/13.2.1/../../../../arm-none-eabi/lib/thumb/v6-m/nofp/crt0.o (__libc_init_array)
[...]
Memory Configuration

Name             Origin             Length             Attributes
FLASH            0x10000000         0x00200000         xr
RAM              0x20000000         0x00040000         xrw
SCRATCH_X        0x20040000         0x00001000         xrw
SCRATCH_Y        0x20041000         0x00001000         xrw
*default*        0x00000000         0xffffffff

Linker script and memory map

LOAD /Applications/ArmGNUToolchain/13.2.Rel1/arm-none-eabi/bin/../lib/gcc/arm-none-eabi/13.2.1/thumb/v6-m/nofp/crti.o
LOAD /Applications/ArmGNUToolchain/13.2.Rel1/arm-none-eabi/bin/../lib/gcc/arm-none-eabi/13.2.1/thumb/v6-m/nofp/crtbegin.o
LOAD /Applications/ArmGNUToolchain/13.2.Rel1/arm-none-eabi/bin/../lib/gcc/arm-none-eabi/13.2.1/../../../../arm-none-eabi/lib/thumb/v6-m/nofp/crt0.o

.flash_begin    0x10000000        0x0
                0x10000000                        __flash_binary_start = .

.boot2          0x10000000      0x100
                0x10000000                        __boot2_start__ = .
 *(.boot2)
 .boot2         0x10000000      0x100 /var/folders/f5/lb32ykv162z1ymk2m790j7j80000gp/T//ccjiF3MC.o
                0x10000100                        __boot2_end__ = .
                0x00000001                        ASSERT (((__boot2_end__ - __boot2_start__) == 0x100), ERROR: Pico second stage bootloader must be 256 bytes in size)

.text           0x10000100     0x7890
                0x10000100                        __logical_binary_start = .
 *(.vectors)
 .vectors       0x10000100       0xd4 CMakeFiles/bme280_spi.dir/Users/shaelmurthy/me433/Pico/pico-sdk/src/rp2_common/pico_standard_link/crt0.S.obj
                0x10000100                __VECTOR_TABLE
                0x10000100                __vectors
                0x100001c0                __default_isrs_start
                0x100001c0                isr_invalid
                0x100001c2                isr_nmi
                0x100001c4                isr_hardfault
                0x100001c6                isr_svcall
                0x100001c8                isr_pendsv
                0x100001ca                isr_systick
                0x100001cc                isr_irq28
                0x100001cc                isr_irq19
                0x100001cc                isr_irq0
                0x100001cc                isr_irq6
                0x100001cc                isr_irq22
                0x100001cc                isr_irq17
                0x100001cc                isr_irq14
                0x100001cc                isr_irq2
                0x100001cc                isr_irq10
                0x100001cc                isr_irq8
                0x100001cc                isr_irq24
                0x100001cc                isr_irq1
                0x100001cc                isr_irq7
                0x100001cc                isr_irq21
                0x100001cc                isr_irq20
                0x100001cc                isr_irq15
                0x100001cc                isr_irq25
                0x100001cc                isr_irq4
                0x100001cc                isr_irq16
                0x100001cc                isr_irq29
                0x100001cc                isr_irq26
                0x100001cc                __default_isrs_end
                0x100001cc                isr_irq3
                0x100001cc                isr_irq9
                0x100001cc                __unhandled_user_irq
                0x100001cc                isr_irq13
                0x100001cc                isr_irq27
                0x100001cc                isr_irq31
                0x100001cc                isr_irq5
                0x100001cc                isr_irq11
                0x100001cc                isr_irq23
                0x100001cc                isr_irq18
                0x100001cc                isr_irq30
                0x100001cc                isr_irq12
                0x100001d2                unhandled_user_irq_num_in_r0
 *(.binary_info_header)
 .binary_info_header
                0x100001d4       0x14 CMakeFiles/bme280_spi.dir/Users/shaelmurthy/me433/Pico/pico-sdk/src/rp2_common/pico_standard_link/crt0.S.obj
                0x100001e8                        __binary_info_header_end = .
 *(.reset)
 .reset         0x100001e8       0xa0 CMakeFiles/bme280_spi.dir/Users/shaelmurthy/me433/Pico/pico-sdk/src/rp2_common/pico_standard_link/crt0.S.obj
                0x100001e8                _entry_point
 .reset         0x10000288       0x30 CMakeFiles/bme280_spi.dir/Users/shaelmurthy/me433/Pico/pico-sdk/src/rp2_common/pico_standard_link/binary_info.c.obj
 *(.init)
 .init          0x100002b8        0x4 /Applications/ArmGNUToolchain/13.2.Rel1/arm-none-eabi/bin/../lib/gcc/arm-none-eabi/13.2.1/thumb/v6-m/nofp/crti.o
                0x100002b8                _init
 *(EXCLUDE_FILE(*libm.a: *libc.a:*lib_a-mem*.o *libgcc.a:) .text*)
 .text.register_tm_clones
                0x100002bc       0x28 /Applications/ArmGNUToolchain/13.2.Rel1/arm-none-eabi/bin/../lib/gcc/arm-none-eabi/13.2.1/thumb/v6-m/nofp/crtbegin.o
 .text.frame_dummy
                0x100002e4       0x24 /Applications/ArmGNUToolchain/13.2.Rel1/arm-none-eabi/bin/../lib/gcc/arm-none-eabi/13.2.1/thumb/v6-m/nofp/crtbegin.o
 .text.write_register
                0x10000308       0x60 CMakeFiles/bme280_spi.dir/bme280_spi.c.obj
 .text.main     0x10000368      0x14c CMakeFiles/bme280_spi.dir/bme280_spi.c.obj
                0x10000368                main
 .text.gpio_set_function
                0x100004b4       0x30 CMakeFiles/bme280_spi.dir/Users/shaelmurthy/me433/Pico/pico-sdk/src/rp2_common/hardware_gpio/gpio.c.obj
                0x100004b4                gpio_set_function
 .text.gpio_init
                0x100004e4       0x16 CMakeFiles/bme280_spi.dir/Users/shaelmurthy/me433/Pico/pico-sdk/src/rp2_common/hardware_gpio/gpio.c.obj
                0x100004e4                gpio_init
 *fill*         0x100004fa        0x2 
 .text.running_on_fpga
                0x100004fc       0x14 CMakeFiles/bme280_spi.dir/Users/shaelmurthy/me433/Pico/pico-sdk/src/rp2_common/pico_platform/platform.c.obj
                0x100004fc                running_on_fpga
 .text.hw_claim_lock
                0x10000510       0x18 CMakeFiles/bme280_spi.dir/Users/shaelmurthy/me433/Pico/pico-sdk/src/rp2_common/hardware_claim/claim.c.obj
                0x10000510                hw_claim_lock
 .text.hw_claim_unlock
                0x10000528       0x14 CMakeFiles/bme280_spi.dir/Users/shaelmurthy/me433/Pico/pico-sdk/src/rp2_common/hardware_claim/claim.c.obj
                0x10000528                hw_claim_unlock
 .text.hw_claim_or_assert
                0x1000053c       0x32 CMakeFiles/bme280_spi.dir/Users/shaelmurthy/me433/Pico/pico-sdk/src/rp2_common/hardware_claim/claim.c.obj
                0x1000053c                hw_claim_or_assert
 .text.hw_claim_unused_from_range
                0x1000056e       0x50 CMakeFiles/bme280_spi.dir/Users/shaelmurthy/me433/Pico/pico-sdk/src/rp2_common/hardware_claim/claim.c.obj
                0x1000056e                hw_claim_unused_from_range
 *fill*         0x100005be        0x2 
 .text.spin_locks_reset
                0x100005c0       0x20 CMakeFiles/bme280_spi.dir/Users/shaelmurthy/me433/Pico/pico-sdk/src/rp2_common/hardware_sync/sync.c.obj
                0x100005c0                spin_locks_reset
 .text.next_striped_spin_lock_num
                0x100005e0       0x1c CMakeFiles/bme280_spi.dir/Users/shaelmurthy/me433/Pico/pico-sdk/src/rp2_common/hardware_sync/sync.c.obj
                0x100005e0                next_striped_spin_lock_num
 .text.spin_lock_claim_unused
                0x100005fc       0x24 CMakeFiles/bme280_spi.dir/Users/shaelmurthy/me433/Pico/pico-sdk/src/rp2_common/hardware_sync/sync.c.obj
                0x100005fc                spin_lock_claim_unused
 .text.set_raw_irq_handler_and_unlock
                0x10000620       0x28 CMakeFiles/bme280_spi.dir/Users/shaelmurthy/me433/Pico/pico-sdk/src/rp2_common/hardware_irq/irq.c.obj
 .text.resolve_branch
                0x10000648       0x30 CMakeFiles/bme280_spi.dir/Users/shaelmurthy/me433/Pico/pico-sdk/src/rp2_common/hardware_irq/irq.c.obj
 .text.make_branch
                0x10000678       0x48 CMakeFiles/bme280_spi.dir/Users/shaelmurthy/me433/Pico/pico-sdk/src/rp2_common/hardware_irq/irq.c.obj
 .text.insert_branch_and_link
                0x100006c0       0x40 CMakeFiles/bme280_spi.dir/Users/shaelmurthy/me433/Pico/pico-sdk/src/rp2_common/hardware_irq/irq.c.obj
 .text.irq_is_enabled
                0x10000700       0x18 CMakeFiles/bme280_spi.dir/Users/shaelmurthy/me433/Pico/pico-sdk/src/rp2_common/hardware_irq/irq.c.obj
                0x10000700                irq_is_enabled
 .text.irq_set_mask_enabled
                0x10000718       0x20 CMakeFiles/bme280_spi.dir/Users/shaelmurthy/me433/Pico/pico-sdk/src/rp2_common/hardware_irq/irq.c.obj
                0x10000718                irq_set_mask_enabled
 .text.irq_set_enabled
                0x10000738        0xe CMakeFiles/bme280_spi.dir/Users/shaelmurthy/me433/Pico/pico-sdk/src/rp2_common/hardware_irq/irq.c.obj
                0x10000738                irq_set_enabled
 *fill*         0x10000746        0x2 
 .text.irq_set_pending
                0x10000748       0x10 CMakeFiles/bme280_spi.dir/Users/shaelmurthy/me433/Pico/pico-sdk/src/rp2_common/hardware_irq/irq.c.obj
                0x10000748                irq_set_pending
 .text.irq_get_vtable_handler
                0x10000758       0x10 CMakeFiles/bme280_spi.dir/Users/shaelmurthy/me433/Pico/pico-sdk/src/rp2_common/hardware_irq/irq.c.obj
                0x10000758                irq_get_vtable_handler
 .text.irq_has_shared_handler
                0x10000768       0x24 CMakeFiles/bme280_spi.dir/Users/shaelmurthy/me433/Pico/pico-sdk/src/rp2_common/hardware_irq/irq.c.obj
                0x10000768                irq_has_shared_handler
 .text.irq_set_exclusive_handler
                0x1000078c       0x54 CMakeFiles/bme280_spi.dir/Users/shaelmurthy/me433/Pico/pico-sdk/src/rp2_common/hardware_irq/irq.c.obj
                0x1000078c                irq_set_exclusive_handler
 .text.irq_add_shared_handler
                0x100007e0      0x210 CMakeFiles/bme280_spi.dir/Users/shaelmurthy/me433/Pico/pico-sdk/src/rp2_common/hardware_irq/irq.c.obj
                0x100007e0                irq_add_shared_handler
 .text.irq_remove_handler
                0x100009f0      0x188 CMakeFiles/bme280_spi.dir/Users/shaelmurthy/me433/Pico/pico-sdk/src/rp2_common/hardware_irq/irq.c.obj
                0x100009f0                irq_remove_handler
 .text.irq_add_tail_to_free_list
                0x10000b78       0xf0 CMakeFiles/bme280_spi.dir/Users/shaelmurthy/me433/Pico/pico-sdk/src/rp2_common/hardware_irq/irq.c.obj
                0x10000b78                irq_add_tail_to_free_list
 .text.irq_init_priorities
                0x10000c68       0x1c CMakeFiles/bme280_spi.dir/Users/shaelmurthy/me433/Pico/pico-sdk/src/rp2_common/hardware_irq/irq.c.obj
                0x10000c68                irq_init_priorities
 .text.user_irq_claim_unused
                0x10000c84       0x2c CMakeFiles/bme280_spi.dir/Users/shaelmurthy/me433/Pico/pico-sdk/src/rp2_common/hardware_irq/irq.c.obj
                0x10000c84                user_irq_claim_unused
 .text.lock_init
                0x10000cb0       0x10 CMakeFiles/bme280_spi.dir/Users/shaelmurthy/me433/Pico/pico-sdk/src/common/pico_sync/lock_core.c.obj
                0x10000cb0                lock_init
 .text.update_us_since_boot
                0x10000cc0       0x24 CMakeFiles/bme280_spi.dir/Users/shaelmurthy/me433/Pico/pico-sdk/src/common/pico_sync/mutex.c.obj
 .text.delayed_by_ms
                0x10000ce4       0x44 CMakeFiles/bme280_spi.dir/Users/shaelmurthy/me433/Pico/pico-sdk/src/common/pico_sync/mutex.c.obj
 .text.get_absolute_time
                0x10000d28       0x22 CMakeFiles/bme280_spi.dir/Users/shaelmurthy/me433/Pico/pico-sdk/src/common/pico_sync/mutex.c.obj
 .text.make_timeout_time_ms
                0x10000d4a       0x20 CMakeFiles/bme280_spi.dir/Users/shaelmurthy/me433/Pico/pico-sdk/src/common/pico_sync/mutex.c.obj
 .text.mutex_init
                0x10000d6a       0x1a CMakeFiles/bme280_spi.dir/Users/shaelmurthy/me433/Pico/pico-sdk/src/common/pico_sync/mutex.c.obj
                0x10000d6a                mutex_init
 .text.recursive_mutex_init
                0x10000d84       0x1e CMakeFiles/bme280_spi.dir/Users/shaelmurthy/me433/Pico/pico-sdk/src/common/pico_sync/mutex.c.obj
                0x10000d84                recursive_mutex_init
 *fill*         0x10000da2        0x2 
 .text.critical_section_init_with_lock_num
                0x10000da4       0x14 CMakeFiles/bme280_spi.dir/Users/shaelmurthy/me433/Pico/pico-sdk/src/common/pico_sync/critical_section.c.obj
                0x10000da4                critical_section_init_with_lock_num
 .text.critical_section_init
                0x10000db8       0x14 CMakeFiles/bme280_spi.dir/Users/shaelmurthy/me433/Pico/pico-sdk/src/common/pico_sync/critical_section.c.obj
                0x10000db8                critical_section_init
 .text.time_reached
                0x10000dcc       0x28 CMakeFiles/bme280_spi.dir/Users/shaelmurthy/me433/Pico/pico-sdk/src/common/pico_time/time.c.obj
 .text.get_entry
                0x10000df4       0x38 CMakeFiles/bme280_spi.dir/Users/shaelmurthy/me433/Pico/pico-sdk/src/common/pico_time/time.c.obj
 .text.timer_pool_entry_comparator
                0x10000e2c       0x2e CMakeFiles/bme280_spi.dir/Users/shaelmurthy/me433/Pico/pico-sdk/src/common/pico_time/time.c.obj
                0x10000e2c                timer_pool_entry_comparator
 *fill*         0x10000e5a        0x2 
 .text.update_us_since_boot
                0x10000e5c       0x24 CMakeFiles/bme280_spi.dir/Users/shaelmurthy/me433/Pico/pico-sdk/src/common/pico_time/time.c.obj
 .text.delayed_by_us
                0x10000e80       0x34 CMakeFiles/bme280_spi.dir/Users/shaelmurthy/me433/Pico/pico-sdk/src/common/pico_time/time.c.obj
 .text.ph_get_node
                0x10000eb4       0x30 CMakeFiles/bme280_spi.dir/Users/shaelmurthy/me433/Pico/pico-sdk/src/common/pico_time/time.c.obj
 .text.ph_contains_node
                0x10000ee4       0x1e CMakeFiles/bme280_spi.dir/Users/shaelmurthy/me433/Pico/pico-sdk/src/common/pico_time/time.c.obj
 .text.ph_new_node
                0x10000f02       0x28 CMakeFiles/bme280_spi.dir/Users/shaelmurthy/me433/Pico/pico-sdk/src/common/pico_time/time.c.obj
 *fill*         0x10000f2a        0x2 
 .text.ph_add_child_node
                0x10000f2c       0x6c CMakeFiles/bme280_spi.dir/Users/shaelmurthy/me433/Pico/pico-sdk/src/common/pico_time/time.c.obj
 .text.ph_merge_nodes
                0x10000f98       0x3e CMakeFiles/bme280_spi.dir/Users/shaelmurthy/me433/Pico/pico-sdk/src/common/pico_time/time.c.obj
 *fill*         0x10000fd6        0x2 
 .text.ph_insert_node
                0x10000fd8       0x3c CMakeFiles/bme280_spi.dir/Users/shaelmurthy/me433/Pico/pico-sdk/src/common/pico_time/time.c.obj
 .text.ph_free_node
                0x10001014       0x5c CMakeFiles/bme280_spi.dir/Users/shaelmurthy/me433/Pico/pico-sdk/src/common/pico_time/time.c.obj
 .text.get_entry_id_high
                0x10001070       0x30 CMakeFiles/bme280_spi.dir/Users/shaelmurthy/me433/Pico/pico-sdk/src/common/pico_time/time.c.obj
 .text.alarm_pool_post_alloc_init
                0x100010a0       0x40 CMakeFiles/bme280_spi.dir/Users/shaelmurthy/me433/Pico/pico-sdk/src/common/pico_time/time.c.obj
 .text.sleep_until_callback
                0x100010e0       0x30 CMakeFiles/bme280_spi.dir/Users/shaelmurthy/me433/Pico/pico-sdk/src/common/pico_time/time.c.obj
 .text.get_absolute_time
                0x10001110       0x22 CMakeFiles/bme280_spi.dir/Users/shaelmurthy/me433/Pico/pico-sdk/src/common/pico_time/time.c.obj
 .text.make_timeout_time_us
                0x10001132       0x24 CMakeFiles/bme280_spi.dir/Users/shaelmurthy/me433/Pico/pico-sdk/src/common/pico_time/time.c.obj
 *fill*         0x10001156        0x2 
 .text.add_alarm_under_lock
                0x10001158       0x94 CMakeFiles/bme280_spi.dir/Users/shaelmurthy/me433/Pico/pico-sdk/src/common/pico_time/time.c.obj
 .text.alarm_pool_alarm_callback
                0x100011ec      0x210 CMakeFiles/bme280_spi.dir/Users/shaelmurthy/me433/Pico/pico-sdk/src/common/pico_time/time.c.obj
 .text.alarm_pool_init_default
                0x100013fc       0x40 CMakeFiles/bme280_spi.dir/Users/shaelmurthy/me433/Pico/pico-sdk/src/common/pico_time/time.c.obj
                0x100013fc                alarm_pool_init_default
 .text.alarm_pool_get_default
                0x1000143c       0x2c CMakeFiles/bme280_spi.dir/Users/shaelmurthy/me433/Pico/pico-sdk/src/common/pico_time/time.c.obj
                0x1000143c                alarm_pool_get_default
 .text.alarm_pool_add_alarm_at
                0x10001468      0x10e CMakeFiles/bme280_spi.dir/Users/shaelmurthy/me433/Pico/pico-sdk/src/common/pico_time/time.c.obj
                0x10001468                alarm_pool_add_alarm_at
 .text.add_alarm_at
                0x10001576       0x2e CMakeFiles/bme280_spi.dir/Users/shaelmurthy/me433/Pico/pico-sdk/src/common/pico_time/time.c.obj
 .text.alarm_pool_cancel_alarm
                0x100015a4       0xa8 CMakeFiles/bme280_spi.dir/Users/shaelmurthy/me433/Pico/pico-sdk/src/common/pico_time/time.c.obj
                0x100015a4                alarm_pool_cancel_alarm
 .text.cancel_alarm
                0x1000164c       0x10 CMakeFiles/bme280_spi.dir/Users/shaelmurthy/me433/Pico/pico-sdk/src/common/pico_time/time.c.obj
 .text.alarm_pool_core_num
                0x1000165c        0x4 CMakeFiles/bme280_spi.dir/Users/shaelmurthy/me433/Pico/pico-sdk/src/common/pico_time/time.c.obj
                0x1000165c                alarm_pool_core_num
 .text.sleep_until
                0x10001660       0xb0 CMakeFiles/bme280_spi.dir/Users/shaelmurthy/me433/Pico/pico-sdk/src/common/pico_time/time.c.obj
                0x10001660                sleep_until
 .text.sleep_us
                0x10001710       0x1a CMakeFiles/bme280_spi.dir/Users/shaelmurthy/me433/Pico/pico-sdk/src/common/pico_time/time.c.obj
                0x10001710                sleep_us
 .text.sleep_ms
                0x1000172a       0x14 CMakeFiles/bme280_spi.dir/Users/shaelmurthy/me433/Pico/pico-sdk/src/common/pico_time/time.c.obj
                0x1000172a                sleep_ms
 *fill*         0x1000173e        0x2 
 .text.best_effort_wfe_or_timeout
                0x10001740       0x44 CMakeFiles/bme280_spi.dir/Users/shaelmurthy/me433/Pico/pico-sdk/src/common/pico_time/time.c.obj
                0x10001740                best_effort_wfe_or_timeout
 .text.hardware_alarm_irq_handler
                0x10001784       0x8c CMakeFiles/bme280_spi.dir/Users/shaelmurthy/me433/Pico/pico-sdk/src/rp2_common/hardware_timer/timer.c.obj
 .text.hardware_alarm_claim
                0x10001810       0x18 CMakeFiles/bme280_spi.dir/Users/shaelmurthy/me433/Pico/pico-sdk/src/rp2_common/hardware_timer/timer.c.obj
                0x10001810                hardware_alarm_claim
 .text.time_us_64
                0x10001828       0x18 CMakeFiles/bme280_spi.dir/Users/shaelmurthy/me433/Pico/pico-sdk/src/rp2_common/hardware_timer/timer.c.obj
                0x10001828                time_us_64
 .text.busy_wait_until
                0x10001840       0x28 CMakeFiles/bme280_spi.dir/Users/shaelmurthy/me433/Pico/pico-sdk/src/rp2_common/hardware_timer/timer.c.obj
                0x10001840                busy_wait_until
 .text.hardware_alarm_set_callback
                0x10001868       0x90 CMakeFiles/bme280_spi.dir/Users/shaelmurthy/me433/Pico/pico-sdk/src/rp2_common/hardware_timer/timer.c.obj
                0x10001868                hardware_alarm_set_callback
 .text.hardware_alarm_set_target
                0x100018f8       0xe8 CMakeFiles/bme280_spi.dir/Users/shaelmurthy/me433/Pico/pico-sdk/src/rp2_common/hardware_timer/timer.c.obj
                0x100018f8                hardware_alarm_set_target
 .text.hardware_alarm_cancel
                0x100019e0       0x40 CMakeFiles/bme280_spi.dir/Users/shaelmurthy/me433/Pico/pico-sdk/src/rp2_common/hardware_timer/timer.c.obj
                0x100019e0                hardware_alarm_cancel
 .text.ph_get_node
                0x10001a20       0x30 CMakeFiles/bme280_spi.dir/Users/shaelmurthy/me433/Pico/pico-sdk/src/common/pico_util/pheap.c.obj
 .text.ph_add_child_node
                0x10001a50       0x6c CMakeFiles/bme280_spi.dir/Users/shaelmurthy/me433/Pico/pico-sdk/src/common/pico_util/pheap.c.obj
 .text.ph_merge_nodes
                0x10001abc       0x3e CMakeFiles/bme280_spi.dir/Users/shaelmurthy/me433/Pico/pico-sdk/src/common/pico_util/pheap.c.obj
 .text.ph_clear
                0x10001afa       0x34 CMakeFiles/bme280_spi.dir/Users/shaelmurthy/me433/Pico/pico-sdk/src/common/pico_util/pheap.c.obj
                0x10001afa                ph_clear
 .text.ph_post_alloc_init
                0x10001b2e        0xe CMakeFiles/bme280_spi.dir/Users/shaelmurthy/me433/Pico/pico-sdk/src/common/pico_util/pheap.c.obj
                0x10001b2e                ph_post_alloc_init
 .text.ph_merge_two_pass
                0x10001b3c       0x5c CMakeFiles/bme280_spi.dir/Users/shaelmurthy/me433/Pico/pico-sdk/src/common/pico_util/pheap.c.obj
                0x10001b3c                ph_merge_two_pass
 .text.ph_remove_any_head
                0x10001b98       0xc0 CMakeFiles/bme280_spi.dir/Users/shaelmurthy/me433/Pico/pico-sdk/src/common/pico_util/pheap.c.obj
 .text.ph_remove_head
                0x10001c58       0x14 CMakeFiles/bme280_spi.dir/Users/shaelmurthy/me433/Pico/pico-sdk/src/common/pico_util/pheap.c.obj
                0x10001c58                ph_remove_head
 .text.ph_remove_and_free_node
                0x10001c6c       0xa0 CMakeFiles/bme280_spi.dir/Users/shaelmurthy/me433/Pico/pico-sdk/src/common/pico_util/pheap.c.obj
                0x10001c6c                ph_remove_and_free_node
 .text.clock_configure
                0x10001d0c      0x108 CMakeFiles/bme280_spi.dir/Users/shaelmurthy/me433/Pico/pico-sdk/src/rp2_common/hardware_clocks/clocks.c.obj
                0x10001d0c                clock_configure
 .text.clocks_init
                0x10001e14      0x100 CMakeFiles/bme280_spi.dir/Users/shaelmurthy/me433/Pico/pico-sdk/src/rp2_common/hardware_clocks/clocks.c.obj
                0x10001e14                clocks_init
 .text.clock_get_hz
                0x10001f14        0xc CMakeFiles/bme280_spi.dir/Users/shaelmurthy/me433/Pico/pico-sdk/src/rp2_common/hardware_clocks/clocks.c.obj
                0x10001f14                clock_get_hz
 .text.pll_init
                0x10001f20      0x120 CMakeFiles/bme280_spi.dir/Users/shaelmurthy/me433/Pico/pico-sdk/src/rp2_common/hardware_pll/pll.c.obj
                0x10001f20                pll_init
 .text.watchdog_start_tick
                0x10002040       0x10 CMakeFiles/bme280_spi.dir/Users/shaelmurthy/me433/Pico/pico-sdk/src/rp2_common/hardware_watchdog/watchdog.c.obj
                0x10002040                watchdog_start_tick
 .text.watchdog_update
                0x10002050       0x14 CMakeFiles/bme280_spi.dir/Users/shaelmurthy/me433/Pico/pico-sdk/src/rp2_common/hardware_watchdog/watchdog.c.obj
                0x10002050                watchdog_update
 .text._watchdog_enable
                0x10002064       0x78 CMakeFiles/bme280_spi.dir/Users/shaelmurthy/me433/Pico/pico-sdk/src/rp2_common/hardware_watchdog/watchdog.c.obj
                0x10002064                _watchdog_enable
 .text.watchdog_reboot
                0x100020dc       0x48 CMakeFiles/bme280_spi.dir/Users/shaelmurthy/me433/Pico/pico-sdk/src/rp2_common/hardware_watchdog/watchdog.c.obj
                0x100020dc                watchdog_reboot
 .text.xosc_init
                0x10002124       0x28 CMakeFiles/bme280_spi.dir/Users/shaelmurthy/me433/Pico/pico-sdk/src/rp2_common/hardware_xosc/xosc.c.obj
                0x10002124                xosc_init
 .text._exit    0x1000214c        0x4 CMakeFiles/bme280_spi.dir/Users/shaelmurthy/me433/Pico/pico-sdk/src/rp2_common/pico_runtime/runtime.c.obj
                0x1000214c                _exit
 .text.exit     0x10002150        0x6 CMakeFiles/bme280_spi.dir/Users/shaelmurthy/me433/Pico/pico-sdk/src/rp2_common/pico_runtime/runtime.c.obj
                0x10002150                exit
 *fill*         0x10002156        0x2 
 .text.__assert_func
                0x10002158       0x38 CMakeFiles/bme280_spi.dir/Users/shaelmurthy/me433/Pico/pico-sdk/src/rp2_common/pico_runtime/runtime.c.obj
                0x10002158                __assert_func
 .text.runtime_init
                0x10002190       0xf8 CMakeFiles/bme280_spi.dir/Users/shaelmurthy/me433/Pico/pico-sdk/src/rp2_common/pico_runtime/runtime.c.obj
                0x10002190                runtime_init
 .text.panic    0x10002288       0x30 CMakeFiles/bme280_spi.dir/Users/shaelmurthy/me433/Pico/pico-sdk/src/rp2_common/pico_runtime/runtime.c.obj
                0x10002288                panic
 .text._out_null
                0x100022b8        0x2 CMakeFiles/bme280_spi.dir/Users/shaelmurthy/me433/Pico/pico-sdk/src/rp2_common/pico_printf/printf.c.obj
 .text._out_fct
                0x100022ba        0xe CMakeFiles/bme280_spi.dir/Users/shaelmurthy/me433/Pico/pico-sdk/src/rp2_common/pico_printf/printf.c.obj
 .text._atoi    0x100022c8       0x24 CMakeFiles/bme280_spi.dir/Users/shaelmurthy/me433/Pico/pico-sdk/src/rp2_common/pico_printf/printf.c.obj
 .text._out_rev
                0x100022ec       0xae CMakeFiles/bme280_spi.dir/Users/shaelmurthy/me433/Pico/pico-sdk/src/rp2_common/pico_printf/printf.c.obj
 .text._ntoa_format
                0x1000239a      0x110 CMakeFiles/bme280_spi.dir/Users/shaelmurthy/me433/Pico/pico-sdk/src/rp2_common/pico_printf/printf.c.obj
 .text._ntoa_long
                0x100024aa       0xbc CMakeFiles/bme280_spi.dir/Users/shaelmurthy/me433/Pico/pico-sdk/src/rp2_common/pico_printf/printf.c.obj
 .text._ntoa_long_long
                0x10002566      0x10e CMakeFiles/bme280_spi.dir/Users/shaelmurthy/me433/Pico/pico-sdk/src/rp2_common/pico_printf/printf.c.obj
 .text._etoa    0x10002674      0x420 CMakeFiles/bme280_spi.dir/Users/shaelmurthy/me433/Pico/pico-sdk/src/rp2_common/pico_printf/printf.c.obj
 .text._ftoa    0x10002a94      0x354 CMakeFiles/bme280_spi.dir/Users/shaelmurthy/me433/Pico/pico-sdk/src/rp2_common/pico_printf/printf.c.obj
 .text._vsnprintf
                0x10002de8      0x668 CMakeFiles/bme280_spi.dir/Users/shaelmurthy/me433/Pico/pico-sdk/src/rp2_common/pico_printf/printf.c.obj
 .text.vfctprintf
                0x10003450       0x20 CMakeFiles/bme280_spi.dir/Users/shaelmurthy/me433/Pico/pico-sdk/src/rp2_common/pico_printf/printf.c.obj
                0x10003450                vfctprintf
 .text          0x10003470       0x10 CMakeFiles/bme280_spi.dir/Users/shaelmurthy/me433/Pico/pico-sdk/src/rp2_common/pico_bit_ops/bit_ops_aeabi.S.obj
 .text.rom_func_lookup
                0x10003480       0x10 CMakeFiles/bme280_spi.dir/Users/shaelmurthy/me433/Pico/pico-sdk/src/rp2_common/pico_bootrom/bootrom.c.obj
                0x10003480                rom_func_lookup
 .text.rom_data_lookup
                0x10003490       0x10 CMakeFiles/bme280_spi.dir/Users/shaelmurthy/me433/Pico/pico-sdk/src/rp2_common/pico_bootrom/bootrom.c.obj
                0x10003490                rom_data_lookup
 .text.rom_funcs_lookup
                0x100034a0       0x36 CMakeFiles/bme280_spi.dir/Users/shaelmurthy/me433/Pico/pico-sdk/src/rp2_common/pico_bootrom/bootrom.c.obj
                0x100034a0                rom_funcs_lookup
 *fill*         0x100034d6        0x2 
 .text.__wrap___aeabi_idiv
                0x100034d8       0x50 CMakeFiles/bme280_spi.dir/Users/shaelmurthy/me433/Pico/pico-sdk/src/rp2_common/pico_divider/divider.S.obj
                0x100034d8                __wrap___aeabi_idivmod
                0x100034d8                divmod_s32s32
                0x100034d8                div_s32s32
                0x100034d8                __wrap___aeabi_idiv
                0x100034e0                divmod_s32s32_unsafe
                0x1000350c                divmod_s32s32_savestate
 .text.__wrap___aeabi_uidiv
                0x10003528       0x4c CMakeFiles/bme280_spi.dir/Users/shaelmurthy/me433/Pico/pico-sdk/src/rp2_common/pico_divider/divider.S.obj
                0x10003528                __wrap___aeabi_uidiv
                0x10003528                __wrap___aeabi_uidivmod
                0x10003528                div_u32u32
                0x10003528                divmod_u32u32
                0x10003530                divmod_u32u32_unsafe
                0x10003558                divmod_u32u32_savestate
 .text.__wrap___aeabi_ldiv
                0x10003574      0x424 CMakeFiles/bme280_spi.dir/Users/shaelmurthy/me433/Pico/pico-sdk/src/rp2_common/pico_divider/divider.S.obj
                0x10003574                __wrap___aeabi_ldivmod
                0x10003574                div_s64s64
                0x10003574                divmod_s64s64
                0x100035a4                divmod_u64u64
                0x100035a4                div_u64u64
                0x100035a4                __wrap___aeabi_uldivmod
                0x100035b4                divmod_u64u64_savestate
                0x100035d4                divmod_s64s64_unsafe
                0x1000365c                divmod_u64u64_unsafe
 .text.push_r8_r11
                0x10003998        0xc CMakeFiles/bme280_spi.dir/Users/shaelmurthy/me433/Pico/pico-sdk/src/rp2_common/pico_double/double_aeabi.S.obj
                0x10003998                push_r8_r11
 .text.pop_r8_r11
                0x100039a4        0xc CMakeFiles/bme280_spi.dir/Users/shaelmurthy/me433/Pico/pico-sdk/src/rp2_common/pico_double/double_aeabi.S.obj
                0x100039a4                pop_r8_r11
 .text.__wrap___aeabi_darithmetic
                0x100039b0       0x80 CMakeFiles/bme280_spi.dir/Users/shaelmurthy/me433/Pico/pico-sdk/src/rp2_common/pico_double/double_aeabi.S.obj
                0x100039b0                __wrap___aeabi_drsub
                0x100039b6                __wrap___aeabi_dsub
                0x100039c8                __wrap___aeabi_dadd
                0x100039da                __wrap___aeabi_ddiv
                0x10003a16                __wrap___aeabi_dmul
 .text.__wrap___aeabi_cdcmple
                0x10003a30       0x6c CMakeFiles/bme280_spi.dir/Users/shaelmurthy/me433/Pico/pico-sdk/src/rp2_common/pico_double/double_aeabi.S.obj
                0x10003a30                __wrap___aeabi_cdrcmple
                0x10003a40                __wrap___aeabi_cdcmple
                0x10003a40                __wrap___aeabi_cdcmpeq
 .text.__wrap___aeabi_dcmplt
                0x10003a9c        0xc CMakeFiles/bme280_spi.dir/Users/shaelmurthy/me433/Pico/pico-sdk/src/rp2_common/pico_double/double_aeabi.S.obj
                0x10003a9c                __wrap___aeabi_dcmplt
 .text.__wrap___aeabi_dcmple
                0x10003aa8       0x10 CMakeFiles/bme280_spi.dir/Users/shaelmurthy/me433/Pico/pico-sdk/src/rp2_common/pico_double/double_aeabi.S.obj
                0x10003aa8                __wrap___aeabi_dcmple
 .text.__wrap___aeabi_dcmpge
                0x10003ab8       0x10 CMakeFiles/bme280_spi.dir/Users/shaelmurthy/me433/Pico/pico-sdk/src/rp2_common/pico_double/double_aeabi.S.obj
                0x10003ab8                __wrap___aeabi_dcmpge
 .text.__wrap___aeabi_dcmpgt
                0x10003ac8        0xa CMakeFiles/bme280_spi.dir/Users/shaelmurthy/me433/Pico/pico-sdk/src/rp2_common/pico_double/double_aeabi.S.obj
                0x10003ac8                __wrap___aeabi_dcmpgt
 .text.__wrap___aeabi_dcmpun
                0x10003ad2       0x1c CMakeFiles/bme280_spi.dir/Users/shaelmurthy/me433/Pico/pico-sdk/src/rp2_common/pico_double/double_aeabi.S.obj
                0x10003ad2                __wrap___aeabi_dcmpun
 *fill*         0x10003aee        0x2 
 .text.__wrap___aeabi_i2d
                0x10003af0       0x38 CMakeFiles/bme280_spi.dir/Users/shaelmurthy/me433/Pico/pico-sdk/src/rp2_common/pico_double/double_aeabi.S.obj
                0x10003af0                __wrap___aeabi_ui2d
                0x10003af8                __wrap___aeabi_i2d
 .text.__wrap___aeabi_d2iz
                0x10003b28       0x48 CMakeFiles/bme280_spi.dir/Users/shaelmurthy/me433/Pico/pico-sdk/src/rp2_common/pico_double/double_aeabi.S.obj
                0x10003b28                __wrap___aeabi_d2iz
                0x10003b28                double2int_z
 .text.__wrap___aeabi_d2uiz
                0x10003b70       0x18 CMakeFiles/bme280_spi.dir/Users/shaelmurthy/me433/Pico/pico-sdk/src/rp2_common/pico_double/double_aeabi.S.obj
                0x10003b70                double2uint
                0x10003b70                __wrap___aeabi_d2uiz
 .text.fix642double
                0x10003b88       0x18 CMakeFiles/bme280_spi.dir/Users/shaelmurthy/me433/Pico/pico-sdk/src/rp2_common/pico_double/double_aeabi.S.obj
                0x10003b88                fix642double
 .text.__wrap___aeabi_d2f
                0x10003ba0       0x18 CMakeFiles/bme280_spi.dir/Users/shaelmurthy/me433/Pico/pico-sdk/src/rp2_common/pico_double/double_aeabi.S.obj
                0x10003ba0                __wrap___aeabi_d2f
 .text.__wrap_sincostan_remainder
                0x10003bb8       0x14 CMakeFiles/bme280_spi.dir/Users/shaelmurthy/me433/Pico/pico-sdk/src/rp2_common/pico_double/double_aeabi.S.obj
                0x10003bb8                sincostan_remainder
 .text.__wrap_sin
                0x10003bcc       0x2c CMakeFiles/bme280_spi.dir/Users/shaelmurthy/me433/Pico/pico-sdk/src/rp2_common/pico_double/double_aeabi.S.obj
                0x10003bcc                __wrap_sin
 .text.__aeabi_double_init
                0x10003bf8       0xcc CMakeFiles/bme280_spi.dir/Users/shaelmurthy/me433/Pico/pico-sdk/src/rp2_common/pico_double/double_init_rom.c.obj
                0x10003bf8                __aeabi_double_init
 .text.drem_0   0x10003cc4      0x122 CMakeFiles/bme280_spi.dir/Users/shaelmurthy/me433/Pico/pico-sdk/src/rp2_common/pico_double/double_math.c.obj
 *fill*         0x10003de6        0x2 
 .text.__wrap_floor
                0x10003de8       0x98 CMakeFiles/bme280_spi.dir/Users/shaelmurthy/me433/Pico/pico-sdk/src/rp2_common/pico_double/double_math.c.obj
                0x10003de8                __wrap_floor
 .text.__wrap_remquo
                0x10003e80      0x164 CMakeFiles/bme280_spi.dir/Users/shaelmurthy/me433/Pico/pico-sdk/src/rp2_common/pico_double/double_math.c.obj
                0x10003e80                __wrap_remquo
 .text.__wrap_remainder
                0x10003fe4       0x10 CMakeFiles/bme280_spi.dir/Users/shaelmurthy/me433/Pico/pico-sdk/src/rp2_common/pico_double/double_math.c.obj
                0x10003fe4                __wrap_remainder
 .text.double_table_shim_on_use_helper
                0x10003ff4       0x34 CMakeFiles/bme280_spi.dir/Users/shaelmurthy/me433/Pico/pico-sdk/src/rp2_common/pico_double/double_v1_rom_shim.S.obj
                0x10003ff4                double_table_shim_on_use_helper
 .text.__wrap___aeabi_dsub
                0x10004028       0x10 CMakeFiles/bme280_spi.dir/Users/shaelmurthy/me433/Pico/pico-sdk/src/rp2_common/pico_double/double_v1_rom_shim.S.obj
                0x10004028                drsub_shim
                0x1000402e                dsub_shim
 .text.dadd_shim
                0x10004038      0x15c CMakeFiles/bme280_spi.dir/Users/shaelmurthy/me433/Pico/pico-sdk/src/rp2_common/pico_double/double_v1_rom_shim.S.obj
                0x10004038                dadd_shim
 .text.dmul_shim
                0x10004194      0x15c CMakeFiles/bme280_spi.dir/Users/shaelmurthy/me433/Pico/pico-sdk/src/rp2_common/pico_double/double_v1_rom_shim.S.obj
                0x10004194                dmul_shim
 .text.ddiv_shim
                0x100042f0      0x1b0 CMakeFiles/bme280_spi.dir/Users/shaelmurthy/me433/Pico/pico-sdk/src/rp2_common/pico_double/double_v1_rom_shim.S.obj
                0x100042f0                ddiv_shim
 .text.dcordic_vec_step
                0x100044a0        0xe CMakeFiles/bme280_spi.dir/Users/shaelmurthy/me433/Pico/pico-sdk/src/rp2_common/pico_double/double_v1_rom_shim.S.obj
                0x100044a0                dcordic_vec_step
 .text.dcordic_rot_step
                0x100044ae       0x76 CMakeFiles/bme280_spi.dir/Users/shaelmurthy/me433/Pico/pico-sdk/src/rp2_common/pico_double/double_v1_rom_shim.S.obj
                0x100044ae                dcordic_rot_step
 .text.double2uint_shim
                0x10004524        0xe CMakeFiles/bme280_spi.dir/Users/shaelmurthy/me433/Pico/pico-sdk/src/rp2_common/pico_double/double_v1_rom_shim.S.obj
                0x10004524                double2uint_shim
                0x10004526                double2ufix_shim
 .text.double2int64_shim
                0x10004532       0x1a CMakeFiles/bme280_spi.dir/Users/shaelmurthy/me433/Pico/pico-sdk/src/rp2_common/pico_double/double_v1_rom_shim.S.obj
                0x10004532                double2int64_shim
                0x10004534                double2fix64_shim
 .text.double2uint64_shim
                0x1000454c       0x70 CMakeFiles/bme280_spi.dir/Users/shaelmurthy/me433/Pico/pico-sdk/src/rp2_common/pico_double/double_v1_rom_shim.S.obj
                0x1000454c                double2uint64_shim
                0x1000454e                double2ufix64_shim
                0x1000456e                d2fix_a
 .text.double2float_shim
                0x100045bc       0x5c CMakeFiles/bme280_spi.dir/Users/shaelmurthy/me433/Pico/pico-sdk/src/rp2_common/pico_double/double_v1_rom_shim.S.obj
                0x100045bc                double2float_shim
 .text.x2double_shims
                0x10004618       0x90 CMakeFiles/bme280_spi.dir/Users/shaelmurthy/me433/Pico/pico-sdk/src/rp2_common/pico_double/double_v1_rom_shim.S.obj
                0x10004618                uint2double_shim
                0x1000461a                ufix2double_shim
                0x10004620                int2double_shim
                0x10004622                fix2double_shim
                0x10004628                uint642double_shim
                0x1000462a                ufix642double_shim
                0x10004630                int642double_shim
                0x10004632                fix642double_shim
 .text.dunpacks
                0x100046a8       0x3c CMakeFiles/bme280_spi.dir/Users/shaelmurthy/me433/Pico/pico-sdk/src/rp2_common/pico_double/double_v1_rom_shim.S.obj
                0x100046a8                dunpacks
 .text.dreduce  0x100046e4       0x82 CMakeFiles/bme280_spi.dir/Users/shaelmurthy/me433/Pico/pico-sdk/src/rp2_common/pico_double/double_v1_rom_shim.S.obj
                0x100046e4                dreduce
 .text.dsin_shim
                0x10004766       0x14 CMakeFiles/bme280_spi.dir/Users/shaelmurthy/me433/Pico/pico-sdk/src/rp2_common/pico_double/double_v1_rom_shim.S.obj
                0x10004766                dsin_shim
 *fill*         0x1000477a        0x2 
 .text.dtrig_guts
                0x1000477c      0x2ec CMakeFiles/bme280_spi.dir/Users/shaelmurthy/me433/Pico/pico-sdk/src/rp2_common/pico_double/double_v1_rom_shim.S.obj
                0x10004854                datan2_shim
 .text.__aeabi_lmul
                0x10004a68       0x32 CMakeFiles/bme280_spi.dir/Users/shaelmurthy/me433/Pico/pico-sdk/src/rp2_common/pico_int64_ops/pico_int64_ops_aeabi.S.obj
                0x10004a68                __wrap___aeabi_lmul
 *fill*         0x10004a9a        0x2 
 .text.__wrap___aeabi_farithmetic
                0x10004a9c       0x58 CMakeFiles/bme280_spi.dir/Users/shaelmurthy/me433/Pico/pico-sdk/src/rp2_common/pico_float/float_aeabi.S.obj
                0x10004a9c                __wrap___aeabi_frsub
                0x10004aa2                __wrap___aeabi_fsub
                0x10004aac                __wrap___aeabi_fadd
                0x10004ab6                __wrap___aeabi_fdiv
                0x10004ae2                __wrap___aeabi_fmul
 .text.__wrap___aeabi_cfcmple
                0x10004af4       0x50 CMakeFiles/bme280_spi.dir/Users/shaelmurthy/me433/Pico/pico-sdk/src/rp2_common/pico_float/float_aeabi.S.obj
                0x10004af4                __wrap___aeabi_cfrcmple
                0x10004b00                __wrap___aeabi_cfcmpeq
                0x10004b00                __wrap___aeabi_cfcmple
 .text.__wrap___aeabi_fcmpgt
                0x10004b44        0xa CMakeFiles/bme280_spi.dir/Users/shaelmurthy/me433/Pico/pico-sdk/src/rp2_common/pico_float/float_aeabi.S.obj
                0x10004b44                __wrap___aeabi_fcmpgt
 *fill*         0x10004b4e        0x2 
 .text.__wrap___aeabi_i2f
                0x10004b50       0x44 CMakeFiles/bme280_spi.dir/Users/shaelmurthy/me433/Pico/pico-sdk/src/rp2_common/pico_float/float_aeabi.S.obj
                0x10004b50                __wrap___aeabi_i2f
 .text.__wrap___aeabi_f2iz
                0x10004b94       0x4e CMakeFiles/bme280_spi.dir/Users/shaelmurthy/me433/Pico/pico-sdk/src/rp2_common/pico_float/float_aeabi.S.obj
                0x10004b94                __wrap___aeabi_f2iz
                0x10004b94                float2int_z
 *fill*         0x10004be2        0x2 
 .text.float2int
                0x10004be4       0x14 CMakeFiles/bme280_spi.dir/Users/shaelmurthy/me433/Pico/pico-sdk/src/rp2_common/pico_float/float_aeabi.S.obj
                0x10004be4                float2int
 .text.__wrap___aeabi_f2uiz
                0x10004bf8       0x10 CMakeFiles/bme280_spi.dir/Users/shaelmurthy/me433/Pico/pico-sdk/src/rp2_common/pico_float/float_aeabi.S.obj
                0x10004bf8                __wrap___aeabi_f2uiz
 .text.__wrap___aeabi_f2d
                0x10004c08       0x14 CMakeFiles/bme280_spi.dir/Users/shaelmurthy/me433/Pico/pico-sdk/src/rp2_common/pico_float/float_aeabi.S.obj
                0x10004c08                __wrap___aeabi_f2d
 .text.__aeabi_float_init
                0x10004c1c       0xfc CMakeFiles/bme280_spi.dir/Users/shaelmurthy/me433/Pico/pico-sdk/src/rp2_common/pico_float/float_init_rom.c.obj
                0x10004c1c                __aeabi_float_init
 .text.float_table_shim_on_use_helper
                0x10004d18       0x34 CMakeFiles/bme280_spi.dir/Users/shaelmurthy/me433/Pico/pico-sdk/src/rp2_common/pico_float/float_v1_rom_shim.S.obj
                0x10004d18                float_table_shim_on_use_helper
 .text.float232_shims
                0x10004d4c       0x18 CMakeFiles/bme280_spi.dir/Users/shaelmurthy/me433/Pico/pico-sdk/src/rp2_common/pico_float/float_v1_rom_shim.S.obj
                0x10004d4c                float2int_shim
                0x10004d4e                float2fix_shim
 .text.float2double_shim
                0x10004d64       0x30 CMakeFiles/bme280_spi.dir/Users/shaelmurthy/me433/Pico/pico-sdk/src/rp2_common/pico_float/float_v1_rom_shim.S.obj
                0x10004d64                float2double_shim
 .text          0x10004d94       0x10 CMakeFiles/bme280_spi.dir/Users/shaelmurthy/me433/Pico/pico-sdk/src/rp2_common/pico_mem_ops/mem_ops_aeabi.S.obj
                0x10004d94                __aeabi_mem_init
 .text.memset   0x10004da4        0xc CMakeFiles/bme280_spi.dir/Users/shaelmurthy/me433/Pico/pico-sdk/src/rp2_common/pico_mem_ops/mem_ops_aeabi.S.obj
                0x10004da4                __wrap_memset
 .text.memcpy   0x10004db0        0xc CMakeFiles/bme280_spi.dir/Users/shaelmurthy/me433/Pico/pico-sdk/src/rp2_common/pico_mem_ops/mem_ops_aeabi.S.obj
                0x10004db0                __wrap___aeabi_memcpy
                0x10004db0                __wrap_memcpy
 .text.stdio_out_chars_no_crlf
                0x10004dbc        0xe CMakeFiles/bme280_spi.dir/Users/shaelmurthy/me433/Pico/pico-sdk/src/rp2_common/pico_stdio/stdio.c.obj
 *fill*         0x10004dca        0x2 
 .text.stdio_out_chars_crlf
                0x10004dcc       0x80 CMakeFiles/bme280_spi.dir/Users/shaelmurthy/me433/Pico/pico-sdk/src/rp2_common/pico_stdio/stdio.c.obj
 .text.stdio_stack_buffer_flush
                0x10004e4c       0x44 CMakeFiles/bme280_spi.dir/Users/shaelmurthy/me433/Pico/pico-sdk/src/rp2_common/pico_stdio/stdio.c.obj
 .text.stdio_buffered_printer
                0x10004e90       0x20 CMakeFiles/bme280_spi.dir/Users/shaelmurthy/me433/Pico/pico-sdk/src/rp2_common/pico_stdio/stdio.c.obj
 .text.update_us_since_boot
                0x10004eb0       0x24 CMakeFiles/bme280_spi.dir/Users/shaelmurthy/me433/Pico/pico-sdk/src/rp2_common/pico_stdio/stdio.c.obj
 .text.get_absolute_time
                0x10004ed4       0x22 CMakeFiles/bme280_spi.dir/Users/shaelmurthy/me433/Pico/pico-sdk/src/rp2_common/pico_stdio/stdio.c.obj
 *fill*         0x10004ef6        0x2 
 .text.delayed_by_ms
                0x10004ef8       0x44 CMakeFiles/bme280_spi.dir/Users/shaelmurthy/me433/Pico/pico-sdk/src/rp2_common/pico_stdio/stdio.c.obj
 .text.make_timeout_time_ms
                0x10004f3c       0x20 CMakeFiles/bme280_spi.dir/Users/shaelmurthy/me433/Pico/pico-sdk/src/rp2_common/pico_stdio/stdio.c.obj
 .text.stdout_serialize_begin
                0x10004f5c       0x20 CMakeFiles/bme280_spi.dir/Users/shaelmurthy/me433/Pico/pico-sdk/src/rp2_common/pico_stdio/stdio.c.obj
                0x10004f5c                stdout_serialize_begin
 .text.stdout_serialize_end
                0x10004f7c       0x10 CMakeFiles/bme280_spi.dir/Users/shaelmurthy/me433/Pico/pico-sdk/src/rp2_common/pico_stdio/stdio.c.obj
                0x10004f7c                stdout_serialize_end
 .text.stdio_put_string
                0x10004f8c       0x98 CMakeFiles/bme280_spi.dir/Users/shaelmurthy/me433/Pico/pico-sdk/src/rp2_common/pico_stdio/stdio.c.obj
 .text.stdio_set_driver_enabled
                0x10005024       0x2c CMakeFiles/bme280_spi.dir/Users/shaelmurthy/me433/Pico/pico-sdk/src/rp2_common/pico_stdio/stdio.c.obj
                0x10005024                stdio_set_driver_enabled
 .text.stdio_flush
                0x10005050       0x20 CMakeFiles/bme280_spi.dir/Users/shaelmurthy/me433/Pico/pico-sdk/src/rp2_common/pico_stdio/stdio.c.obj
                0x10005050                stdio_flush
 .text.__wrap_puts
                0x10005070       0x1e CMakeFiles/bme280_spi.dir/Users/shaelmurthy/me433/Pico/pico-sdk/src/rp2_common/pico_stdio/stdio.c.obj
                0x10005070                __wrap_puts
 *fill*         0x1000508e        0x2 
 .text.__wrap_vprintf
                0x10005090       0x40 CMakeFiles/bme280_spi.dir/Users/shaelmurthy/me433/Pico/pico-sdk/src/rp2_common/pico_stdio/stdio.c.obj
                0x10005090                __wrap_vprintf
 .text.__wrap_printf
                0x100050d0       0x18 CMakeFiles/bme280_spi.dir/Users/shaelmurthy/me433/Pico/pico-sdk/src/rp2_common/pico_stdio/stdio.c.obj
                0x100050d0                __wrap_printf
 .text.stdio_init_all
                0x100050e8        0x8 CMakeFiles/bme280_spi.dir/Users/shaelmurthy/me433/Pico/pico-sdk/src/rp2_common/pico_stdio/stdio.c.obj
                0x100050e8                stdio_init_all
 .text.resetd_init
                0x100050f0        0x2 CMakeFiles/bme280_spi.dir/Users/shaelmurthy/me433/Pico/pico-sdk/src/rp2_common/pico_stdio_usb/reset_interface.c.obj
 *fill*         0x100050f2        0x2 
 .text.resetd_reset
                0x100050f4        0xc CMakeFiles/bme280_spi.dir/Users/shaelmurthy/me433/Pico/pico-sdk/src/rp2_common/pico_stdio_usb/reset_interface.c.obj
 .text.resetd_open
                0x10005100       0x34 CMakeFiles/bme280_spi.dir/Users/shaelmurthy/me433/Pico/pico-sdk/src/rp2_common/pico_stdio_usb/reset_interface.c.obj
 .text.resetd_xfer_cb
                0x10005134        0x4 CMakeFiles/bme280_spi.dir/Users/shaelmurthy/me433/Pico/pico-sdk/src/rp2_common/pico_stdio_usb/reset_interface.c.obj
 .text.reset_usb_boot
                0x10005138       0x18 CMakeFiles/bme280_spi.dir/Users/shaelmurthy/me433/Pico/pico-sdk/src/rp2_common/pico_stdio_usb/reset_interface.c.obj
 .text.resetd_control_xfer_cb
                0x10005150       0x5c CMakeFiles/bme280_spi.dir/Users/shaelmurthy/me433/Pico/pico-sdk/src/rp2_common/pico_stdio_usb/reset_interface.c.obj
 .text.usbd_app_driver_get_cb
                0x100051ac        0xc CMakeFiles/bme280_spi.dir/Users/shaelmurthy/me433/Pico/pico-sdk/src/rp2_common/pico_stdio_usb/reset_interface.c.obj
                0x100051ac                usbd_app_driver_get_cb
 .text.tud_cdc_line_coding_cb
                0x100051b8       0x28 CMakeFiles/bme280_spi.dir/Users/shaelmurthy/me433/Pico/pico-sdk/src/rp2_common/pico_stdio_usb/reset_interface.c.obj
                0x100051b8                tud_cdc_line_coding_cb
 .text.stdio_usb_set_chars_available_callback
                0x100051e0       0x14 CMakeFiles/bme280_spi.dir/Users/shaelmurthy/me433/Pico/pico-sdk/src/rp2_common/pico_stdio_usb/stdio_usb.c.obj
                0x100051e0                stdio_usb_set_chars_available_callback
 .text.update_us_since_boot
                0x100051f4       0x24 CMakeFiles/bme280_spi.dir/Users/shaelmurthy/me433/Pico/pico-sdk/src/rp2_common/pico_stdio_usb/stdio_usb.c.obj
 .text.get_absolute_time
                0x10005218       0x22 CMakeFiles/bme280_spi.dir/Users/shaelmurthy/me433/Pico/pico-sdk/src/rp2_common/pico_stdio_usb/stdio_usb.c.obj
 *fill*         0x1000523a        0x2 
 .text.delayed_by_ms
                0x1000523c       0x44 CMakeFiles/bme280_spi.dir/Users/shaelmurthy/me433/Pico/pico-sdk/src/rp2_common/pico_stdio_usb/stdio_usb.c.obj
 .text.make_timeout_time_ms
                0x10005280       0x20 CMakeFiles/bme280_spi.dir/Users/shaelmurthy/me433/Pico/pico-sdk/src/rp2_common/pico_stdio_usb/stdio_usb.c.obj
 .text.delayed_by_us
                0x100052a0       0x34 CMakeFiles/bme280_spi.dir/Users/shaelmurthy/me433/Pico/pico-sdk/src/rp2_common/pico_stdio_usb/stdio_usb.c.obj
 .text.usb_irq  0x100052d4       0x10 CMakeFiles/bme280_spi.dir/Users/shaelmurthy/me433/Pico/pico-sdk/src/rp2_common/pico_stdio_usb/stdio_usb.c.obj
 .text.critical_section_enter_blocking
                0x100052e4       0x16 CMakeFiles/bme280_spi.dir/Users/shaelmurthy/me433/Pico/pico-sdk/src/rp2_common/pico_stdio_usb/stdio_usb.c.obj
 *fill*         0x100052fa        0x2 
 .text.timer_task
                0x100052fc       0x4c CMakeFiles/bme280_spi.dir/Users/shaelmurthy/me433/Pico/pico-sdk/src/rp2_common/pico_stdio_usb/stdio_usb.c.obj
 .text.alarm_pool_add_alarm_in_us
                0x10005348       0x3a CMakeFiles/bme280_spi.dir/Users/shaelmurthy/me433/Pico/pico-sdk/src/rp2_common/pico_stdio_usb/stdio_usb.c.obj
 .text.add_alarm_in_us
                0x10005382       0x2e CMakeFiles/bme280_spi.dir/Users/shaelmurthy/me433/Pico/pico-sdk/src/rp2_common/pico_stdio_usb/stdio_usb.c.obj
 .text.low_priority_worker_irq
                0x100053b0       0x7c CMakeFiles/bme280_spi.dir/Users/shaelmurthy/me433/Pico/pico-sdk/src/rp2_common/pico_stdio_usb/stdio_usb.c.obj
 .text.tud_cdc_rx_cb
                0x1000542c       0x20 CMakeFiles/bme280_spi.dir/Users/shaelmurthy/me433/Pico/pico-sdk/src/rp2_common/pico_stdio_usb/stdio_usb.c.obj
                0x1000542c                tud_cdc_rx_cb
 .text.stdio_usb_init
                0x1000544c       0xd0 CMakeFiles/bme280_spi.dir/Users/shaelmurthy/me433/Pico/pico-sdk/src/rp2_common/pico_stdio_usb/stdio_usb.c.obj
                0x1000544c                stdio_usb_init
 .text.stdio_usb_connected
                0x1000551c        0xa CMakeFiles/bme280_spi.dir/Users/shaelmurthy/me433/Pico/pico-sdk/src/rp2_common/pico_stdio_usb/stdio_usb.c.obj
                0x1000551c                stdio_usb_connected
 *fill*         0x10005526        0x2 
 .text.stdio_usb_in_chars
                0x10005528       0x88 CMakeFiles/bme280_spi.dir/Users/shaelmurthy/me433/Pico/pico-sdk/src/rp2_common/pico_stdio_usb/stdio_usb.c.obj
                0x10005528                stdio_usb_in_chars
 .text.stdio_usb_out_chars
                0x100055b0       0xd8 CMakeFiles/bme280_spi.dir/Users/shaelmurthy/me433/Pico/pico-sdk/src/rp2_common/pico_stdio_usb/stdio_usb.c.obj
 .text.tud_descriptor_device_cb
                0x10005688        0x8 CMakeFiles/bme280_spi.dir/Users/shaelmurthy/me433/Pico/pico-sdk/src/rp2_common/pico_stdio_usb/stdio_usb_descriptors.c.obj
                0x10005688                tud_descriptor_device_cb
 .text.tud_descriptor_configuration_cb
                0x10005690        0x8 CMakeFiles/bme280_spi.dir/Users/shaelmurthy/me433/Pico/pico-sdk/src/rp2_common/pico_stdio_usb/stdio_usb_descriptors.c.obj
                0x10005690                tud_descriptor_configuration_cb
 .text.tud_descriptor_string_cb
                0x10005698       0x6c CMakeFiles/bme280_spi.dir/Users/shaelmurthy/me433/Pico/pico-sdk/src/rp2_common/pico_stdio_usb/stdio_usb_descriptors.c.obj
                0x10005698                tud_descriptor_string_cb
 .text._retrieve_unique_id_on_boot
                0x10005704       0x10 CMakeFiles/bme280_spi.dir/Users/shaelmurthy/me433/Pico/pico-sdk/src/rp2_common/pico_unique_id/unique_id.c.obj
 .text.pico_get_unique_board_id_string
                0x10005714       0x5c CMakeFiles/bme280_spi.dir/Users/shaelmurthy/me433/Pico/pico-sdk/src/rp2_common/pico_unique_id/unique_id.c.obj
                0x10005714                pico_get_unique_board_id_string
 .text.flash_get_unique_id
                0x10005770       0x40 CMakeFiles/bme280_spi.dir/Users/shaelmurthy/me433/Pico/pico-sdk/src/rp2_common/hardware_flash/flash.c.obj
                0x10005770                flash_get_unique_id
 .text.hw_endpoint_get_by_addr
                0x100057b0       0x18 CMakeFiles/bme280_spi.dir/Users/shaelmurthy/me433/Pico/pico-sdk/lib/tinyusb/src/portable/raspberrypi/rp2040/dcd_rp2040.c.obj
 .text._hw_endpoint_alloc
                0x100057c8       0x70 CMakeFiles/bme280_spi.dir/Users/shaelmurthy/me433/Pico/pico-sdk/lib/tinyusb/src/portable/raspberrypi/rp2040/dcd_rp2040.c.obj
 .text.hw_endpoint_init
                0x10005838       0x88 CMakeFiles/bme280_spi.dir/Users/shaelmurthy/me433/Pico/pico-sdk/lib/tinyusb/src/portable/raspberrypi/rp2040/dcd_rp2040.c.obj
 .text.dcd_event_sof
                0x100058c0       0x2c CMakeFiles/bme280_spi.dir/Users/shaelmurthy/me433/Pico/pico-sdk/lib/tinyusb/src/portable/raspberrypi/rp2040/dcd_rp2040.c.obj
 .text.hw_endpoint_xfer
                0x100058ec       0x14 CMakeFiles/bme280_spi.dir/Users/shaelmurthy/me433/Pico/pico-sdk/lib/tinyusb/src/portable/raspberrypi/rp2040/dcd_rp2040.c.obj
 .text.dcd_int_enable
                0x10005900       0x2c CMakeFiles/bme280_spi.dir/Users/shaelmurthy/me433/Pico/pico-sdk/lib/tinyusb/src/portable/raspberrypi/rp2040/dcd_rp2040.c.obj
                0x10005900                dcd_int_enable
 .text.dcd_set_address
                0x1000592c       0x2c CMakeFiles/bme280_spi.dir/Users/shaelmurthy/me433/Pico/pico-sdk/lib/tinyusb/src/portable/raspberrypi/rp2040/dcd_rp2040.c.obj
                0x1000592c                dcd_set_address
 .text.dcd_connect
                0x10005958       0x10 CMakeFiles/bme280_spi.dir/Users/shaelmurthy/me433/Pico/pico-sdk/lib/tinyusb/src/portable/raspberrypi/rp2040/dcd_rp2040.c.obj
                0x10005958                dcd_connect
 .text.dcd_init
                0x10005968       0x80 CMakeFiles/bme280_spi.dir/Users/shaelmurthy/me433/Pico/pico-sdk/lib/tinyusb/src/portable/raspberrypi/rp2040/dcd_rp2040.c.obj
                0x10005968                dcd_init
 .text.dcd_edpt0_status_complete
                0x100059e8       0x1c CMakeFiles/bme280_spi.dir/Users/shaelmurthy/me433/Pico/pico-sdk/lib/tinyusb/src/portable/raspberrypi/rp2040/dcd_rp2040.c.obj
                0x100059e8                dcd_edpt0_status_complete
 .text.dcd_edpt_open
                0x10005a04       0x40 CMakeFiles/bme280_spi.dir/Users/shaelmurthy/me433/Pico/pico-sdk/lib/tinyusb/src/portable/raspberrypi/rp2040/dcd_rp2040.c.obj
                0x10005a04                dcd_edpt_open
 .text.dcd_edpt_close_all
                0x10005a44        0x8 CMakeFiles/bme280_spi.dir/Users/shaelmurthy/me433/Pico/pico-sdk/lib/tinyusb/src/portable/raspberrypi/rp2040/dcd_rp2040.c.obj
                0x10005a44                dcd_edpt_close_all
 .text.dcd_edpt_xfer
                0x10005a4c       0x34 CMakeFiles/bme280_spi.dir/Users/shaelmurthy/me433/Pico/pico-sdk/lib/tinyusb/src/portable/raspberrypi/rp2040/dcd_rp2040.c.obj
                0x10005a4c                dcd_edpt_xfer
 .text.dcd_edpt_stall
                0x10005a80       0x2c CMakeFiles/bme280_spi.dir/Users/shaelmurthy/me433/Pico/pico-sdk/lib/tinyusb/src/portable/raspberrypi/rp2040/dcd_rp2040.c.obj
                0x10005a80                dcd_edpt_stall
 .text.dcd_edpt_clear_stall
                0x10005aac       0x20 CMakeFiles/bme280_spi.dir/Users/shaelmurthy/me433/Pico/pico-sdk/lib/tinyusb/src/portable/raspberrypi/rp2040/dcd_rp2040.c.obj
                0x10005aac                dcd_edpt_clear_stall
 .text.rp2040_usb_init
                0x10005acc       0x4c CMakeFiles/bme280_spi.dir/Users/shaelmurthy/me433/Pico/pico-sdk/lib/tinyusb/src/portable/raspberrypi/rp2040/rp2040_usb.c.obj
                0x10005acc                rp2040_usb_init
 .text.hw_endpoint_xfer_start
                0x10005b18       0x50 CMakeFiles/bme280_spi.dir/Users/shaelmurthy/me433/Pico/pico-sdk/lib/tinyusb/src/portable/raspberrypi/rp2040/rp2040_usb.c.obj
                0x10005b18                hw_endpoint_xfer_start
 .text.configuration_reset
                0x10005b68       0x84 CMakeFiles/bme280_spi.dir/Users/shaelmurthy/me433/Pico/pico-sdk/lib/tinyusb/src/device/usbd.c.obj
 .text.critical_section_enter_blocking
                0x10005bec       0x16 CMakeFiles/bme280_spi.dir/Users/shaelmurthy/me433/Pico/pico-sdk/lib/tinyusb/src/device/usbd.c.obj
 .text.usbd_reset
                0x10005c02        0xc CMakeFiles/bme280_spi.dir/Users/shaelmurthy/me433/Pico/pico-sdk/lib/tinyusb/src/device/usbd.c.obj
 .text.invoke_class_control
                0x10005c0e       0x1a CMakeFiles/bme280_spi.dir/Users/shaelmurthy/me433/Pico/pico-sdk/lib/tinyusb/src/device/usbd.c.obj
 .text.process_set_config
                0x10005c28      0x178 CMakeFiles/bme280_spi.dir/Users/shaelmurthy/me433/Pico/pico-sdk/lib/tinyusb/src/device/usbd.c.obj
 .text.process_get_descriptor
                0x10005da0       0xdc CMakeFiles/bme280_spi.dir/Users/shaelmurthy/me433/Pico/pico-sdk/lib/tinyusb/src/device/usbd.c.obj
 .text.tud_mounted
                0x10005e7c       0x10 CMakeFiles/bme280_spi.dir/Users/shaelmurthy/me433/Pico/pico-sdk/lib/tinyusb/src/device/usbd.c.obj
                0x10005e7c                tud_mounted
 .text.tud_suspended
                0x10005e8c       0x10 CMakeFiles/bme280_spi.dir/Users/shaelmurthy/me433/Pico/pico-sdk/lib/tinyusb/src/device/usbd.c.obj
                0x10005e8c                tud_suspended
 .text.tud_inited
                0x10005e9c       0x14 CMakeFiles/bme280_spi.dir/Users/shaelmurthy/me433/Pico/pico-sdk/lib/tinyusb/src/device/usbd.c.obj
                0x10005e9c                tud_inited
 .text.tud_init
                0x10005eb0       0xcc CMakeFiles/bme280_spi.dir/Users/shaelmurthy/me433/Pico/pico-sdk/lib/tinyusb/src/device/usbd.c.obj
                0x10005eb0                tud_init
 .text.usbd_defer_func
                0x10005f7c       0x2a CMakeFiles/bme280_spi.dir/Users/shaelmurthy/me433/Pico/pico-sdk/lib/tinyusb/src/device/usbd.c.obj
                0x10005f7c                usbd_defer_func
 *fill*         0x10005fa6        0x2 
 .text.usbd_edpt_open
                0x10005fa8       0x34 CMakeFiles/bme280_spi.dir/Users/shaelmurthy/me433/Pico/pico-sdk/lib/tinyusb/src/device/usbd.c.obj
                0x10005fa8                usbd_edpt_open
 .text.usbd_open_edpt_pair
                0x10005fdc       0x62 CMakeFiles/bme280_spi.dir/Users/shaelmurthy/me433/Pico/pico-sdk/lib/tinyusb/src/device/usbd.c.obj
                0x10005fdc                usbd_open_edpt_pair
 *fill*         0x1000603e        0x2 
 .text.usbd_edpt_claim
                0x10006040       0x28 CMakeFiles/bme280_spi.dir/Users/shaelmurthy/me433/Pico/pico-sdk/lib/tinyusb/src/device/usbd.c.obj
                0x10006040                usbd_edpt_claim
 .text.usbd_edpt_release
                0x10006068       0x28 CMakeFiles/bme280_spi.dir/Users/shaelmurthy/me433/Pico/pico-sdk/lib/tinyusb/src/device/usbd.c.obj
                0x10006068                usbd_edpt_release
 .text.usbd_edpt_xfer
                0x10006090       0x78 CMakeFiles/bme280_spi.dir/Users/shaelmurthy/me433/Pico/pico-sdk/lib/tinyusb/src/device/usbd.c.obj
                0x10006090                usbd_edpt_xfer
 .text.usbd_edpt_stall
                0x10006108       0x48 CMakeFiles/bme280_spi.dir/Users/shaelmurthy/me433/Pico/pico-sdk/lib/tinyusb/src/device/usbd.c.obj
                0x10006108                usbd_edpt_stall
 .text.usbd_edpt_clear_stall
                0x10006150       0x48 CMakeFiles/bme280_spi.dir/Users/shaelmurthy/me433/Pico/pico-sdk/lib/tinyusb/src/device/usbd.c.obj
                0x10006150                usbd_edpt_clear_stall
 .text.usbd_edpt_stalled
                0x10006198       0x1c CMakeFiles/bme280_spi.dir/Users/shaelmurthy/me433/Pico/pico-sdk/lib/tinyusb/src/device/usbd.c.obj
                0x10006198                usbd_edpt_stalled
 .text.process_control_request
                0x100061b4      0x374 CMakeFiles/bme280_spi.dir/Users/shaelmurthy/me433/Pico/pico-sdk/lib/tinyusb/src/device/usbd.c.obj
 .text.tud_task_ext
                0x10006528      0x1a8 CMakeFiles/bme280_spi.dir/Users/shaelmurthy/me433/Pico/pico-sdk/lib/tinyusb/src/device/usbd.c.obj
                0x10006528                tud_task_ext
 .text._status_stage_xact
                0x100066d0       0x1a CMakeFiles/bme280_spi.dir/Users/shaelmurthy/me433/Pico/pico-sdk/lib/tinyusb/src/device/usbd_control.c.obj
 *fill*         0x100066ea        0x2 
 .text._data_stage_xact
                0x100066ec       0x58 CMakeFiles/bme280_spi.dir/Users/shaelmurthy/me433/Pico/pico-sdk/lib/tinyusb/src/device/usbd_control.c.obj
 .text.tud_control_status
                0x10006744       0x28 CMakeFiles/bme280_spi.dir/Users/shaelmurthy/me433/Pico/pico-sdk/lib/tinyusb/src/device/usbd_control.c.obj
                0x10006744                tud_control_status
 .text.tud_control_xfer
                0x1000676c       0x68 CMakeFiles/bme280_spi.dir/Users/shaelmurthy/me433/Pico/pico-sdk/lib/tinyusb/src/device/usbd_control.c.obj
                0x1000676c                tud_control_xfer
 .text.usbd_control_reset
                0x100067d4       0x14 CMakeFiles/bme280_spi.dir/Users/shaelmurthy/me433/Pico/pico-sdk/lib/tinyusb/src/device/usbd_control.c.obj
                0x100067d4                usbd_control_reset
 .text.usbd_control_set_complete_callback
                0x100067e8        0xc CMakeFiles/bme280_spi.dir/Users/shaelmurthy/me433/Pico/pico-sdk/lib/tinyusb/src/device/usbd_control.c.obj
                0x100067e8                usbd_control_set_complete_callback
 .text.usbd_control_set_request
                0x100067f4       0x1c CMakeFiles/bme280_spi.dir/Users/shaelmurthy/me433/Pico/pico-sdk/lib/tinyusb/src/device/usbd_control.c.obj
                0x100067f4                usbd_control_set_request
 .text.usbd_control_xfer_cb
                0x10006810       0xbc CMakeFiles/bme280_spi.dir/Users/shaelmurthy/me433/Pico/pico-sdk/lib/tinyusb/src/device/usbd_control.c.obj
                0x10006810                usbd_control_xfer_cb
 .text._prep_out_transaction
                0x100068cc       0x4a CMakeFiles/bme280_spi.dir/Users/shaelmurthy/me433/Pico/pico-sdk/lib/tinyusb/src/class/cdc/cdc_device.c.obj
 *fill*         0x10006916        0x2 
 .text.tud_cdc_n_connected
                0x10006918       0x38 CMakeFiles/bme280_spi.dir/Users/shaelmurthy/me433/Pico/pico-sdk/lib/tinyusb/src/class/cdc/cdc_device.c.obj
                0x10006918                tud_cdc_n_connected
 .text.tud_cdc_n_available
                0x10006950       0x18 CMakeFiles/bme280_spi.dir/Users/shaelmurthy/me433/Pico/pico-sdk/lib/tinyusb/src/class/cdc/cdc_device.c.obj
                0x10006950                tud_cdc_n_available
 .text.tud_cdc_n_read
                0x10006968       0x28 CMakeFiles/bme280_spi.dir/Users/shaelmurthy/me433/Pico/pico-sdk/lib/tinyusb/src/class/cdc/cdc_device.c.obj
                0x10006968                tud_cdc_n_read
 .text.tud_cdc_n_write_flush
                0x10006990       0xb8 CMakeFiles/bme280_spi.dir/Users/shaelmurthy/me433/Pico/pico-sdk/lib/tinyusb/src/class/cdc/cdc_device.c.obj
                0x10006990                tud_cdc_n_write_flush
 .text.tud_cdc_n_write
                0x10006a48       0x38 CMakeFiles/bme280_spi.dir/Users/shaelmurthy/me433/Pico/pico-sdk/lib/tinyusb/src/class/cdc/cdc_device.c.obj
                0x10006a48                tud_cdc_n_write
 .text.tud_cdc_n_write_available
                0x10006a80       0x1c CMakeFiles/bme280_spi.dir/Users/shaelmurthy/me433/Pico/pico-sdk/lib/tinyusb/src/class/cdc/cdc_device.c.obj
                0x10006a80                tud_cdc_n_write_available
 .text.cdcd_init
                0x10006a9c       0xbc CMakeFiles/bme280_spi.dir/Users/shaelmurthy/me433/Pico/pico-sdk/lib/tinyusb/src/class/cdc/cdc_device.c.obj
                0x10006a9c                cdcd_init
 .text.cdcd_reset
                0x10006b58       0x44 CMakeFiles/bme280_spi.dir/Users/shaelmurthy/me433/Pico/pico-sdk/lib/tinyusb/src/class/cdc/cdc_device.c.obj
                0x10006b58                cdcd_reset
 .text.cdcd_open
                0x10006b9c       0xc4 CMakeFiles/bme280_spi.dir/Users/shaelmurthy/me433/Pico/pico-sdk/lib/tinyusb/src/class/cdc/cdc_device.c.obj
                0x10006b9c                cdcd_open
 .text.cdcd_control_xfer_cb
                0x10006c60      0x134 CMakeFiles/bme280_spi.dir/Users/shaelmurthy/me433/Pico/pico-sdk/lib/tinyusb/src/class/cdc/cdc_device.c.obj
                0x10006c60                cdcd_control_xfer_cb
 .text.cdcd_xfer_cb
                0x10006d94      0x130 CMakeFiles/bme280_spi.dir/Users/shaelmurthy/me433/Pico/pico-sdk/lib/tinyusb/src/class/cdc/cdc_device.c.obj
                0x10006d94                cdcd_xfer_cb
 .text.tusb_init
                0x10006ec4        0xa CMakeFiles/bme280_spi.dir/Users/shaelmurthy/me433/Pico/pico-sdk/lib/tinyusb/src/tusb.c.obj
                0x10006ec4                tusb_init
 .text.tusb_inited
                0x10006ece        0xe CMakeFiles/bme280_spi.dir/Users/shaelmurthy/me433/Pico/pico-sdk/lib/tinyusb/src/tusb.c.obj
                0x10006ece                tusb_inited
 .text.tu_edpt_claim
                0x10006edc       0x50 CMakeFiles/bme280_spi.dir/Users/shaelmurthy/me433/Pico/pico-sdk/lib/tinyusb/src/tusb.c.obj
                0x10006edc                tu_edpt_claim
 .text.tu_edpt_release
                0x10006f2c       0x38 CMakeFiles/bme280_spi.dir/Users/shaelmurthy/me433/Pico/pico-sdk/lib/tinyusb/src/tusb.c.obj
                0x10006f2c                tu_edpt_release
 .text.tu_edpt_validate
                0x10006f64       0x78 CMakeFiles/bme280_spi.dir/Users/shaelmurthy/me433/Pico/pico-sdk/lib/tinyusb/src/tusb.c.obj
                0x10006f64                tu_edpt_validate
 .text.tu_edpt_bind_driver
                0x10006fdc       0x26 CMakeFiles/bme280_spi.dir/Users/shaelmurthy/me433/Pico/pico-sdk/lib/tinyusb/src/tusb.c.obj
                0x10006fdc                tu_edpt_bind_driver
 .text.advance_index
                0x10007002       0x1a CMakeFiles/bme280_spi.dir/Users/shaelmurthy/me433/Pico/pico-sdk/lib/tinyusb/src/common/tusb_fifo.c.obj
 .text._tu_fifo_peek
                0x1000701c       0x56 CMakeFiles/bme280_spi.dir/Users/shaelmurthy/me433/Pico/pico-sdk/lib/tinyusb/src/common/tusb_fifo.c.obj
 .text._ff_pull_const_addr
                0x10007072       0x4c CMakeFiles/bme280_spi.dir/Users/shaelmurthy/me433/Pico/pico-sdk/lib/tinyusb/src/common/tusb_fifo.c.obj
 .text._ff_pull_n
                0x100070be      0x110 CMakeFiles/bme280_spi.dir/Users/shaelmurthy/me433/Pico/pico-sdk/lib/tinyusb/src/common/tusb_fifo.c.obj
 .text._tu_fifo_peek_n
                0x100071ce       0x6a CMakeFiles/bme280_spi.dir/Users/shaelmurthy/me433/Pico/pico-sdk/lib/tinyusb/src/common/tusb_fifo.c.obj
 .text._tu_fifo_read_n
                0x10007238       0x4e CMakeFiles/bme280_spi.dir/Users/shaelmurthy/me433/Pico/pico-sdk/lib/tinyusb/src/common/tusb_fifo.c.obj
 .text._ff_push_const_addr
                0x10007286       0x40 CMakeFiles/bme280_spi.dir/Users/shaelmurthy/me433/Pico/pico-sdk/lib/tinyusb/src/common/tusb_fifo.c.obj
 .text._ff_push_n
                0x100072c6      0x10c CMakeFiles/bme280_spi.dir/Users/shaelmurthy/me433/Pico/pico-sdk/lib/tinyusb/src/common/tusb_fifo.c.obj
 .text._tu_fifo_write_n
                0x100073d2       0xf0 CMakeFiles/bme280_spi.dir/Users/shaelmurthy/me433/Pico/pico-sdk/lib/tinyusb/src/common/tusb_fifo.c.obj
 .text.tu_fifo_config
                0x100074c2       0x7c CMakeFiles/bme280_spi.dir/Users/shaelmurthy/me433/Pico/pico-sdk/lib/tinyusb/src/common/tusb_fifo.c.obj
                0x100074c2                tu_fifo_config
 .text.tu_fifo_count
                0x1000753e       0x2a CMakeFiles/bme280_spi.dir/Users/shaelmurthy/me433/Pico/pico-sdk/lib/tinyusb/src/common/tusb_fifo.c.obj
                0x1000753e                tu_fifo_count
 .text.tu_fifo_empty
                0x10007568        0xe CMakeFiles/bme280_spi.dir/Users/shaelmurthy/me433/Pico/pico-sdk/lib/tinyusb/src/common/tusb_fifo.c.obj
                0x10007568                tu_fifo_empty
 .text.tu_fifo_full
                0x10007576       0x28 CMakeFiles/bme280_spi.dir/Users/shaelmurthy/me433/Pico/pico-sdk/lib/tinyusb/src/common/tusb_fifo.c.obj
                0x10007576                tu_fifo_full
 .text.tu_fifo_remaining
                0x1000759e       0x2c CMakeFiles/bme280_spi.dir/Users/shaelmurthy/me433/Pico/pico-sdk/lib/tinyusb/src/common/tusb_fifo.c.obj
                0x1000759e                tu_fifo_remaining
 .text.tu_fifo_read
                0x100075ca       0x42 CMakeFiles/bme280_spi.dir/Users/shaelmurthy/me433/Pico/pico-sdk/lib/tinyusb/src/common/tusb_fifo.c.obj
                0x100075ca                tu_fifo_read
 .text.tu_fifo_read_n
                0x1000760c        0xa CMakeFiles/bme280_spi.dir/Users/shaelmurthy/me433/Pico/pico-sdk/lib/tinyusb/src/common/tusb_fifo.c.obj
                0x1000760c                tu_fifo_read_n
 .text.tu_fifo_write
                0x10007616       0x64 CMakeFiles/bme280_spi.dir/Users/shaelmurthy/me433/Pico/pico-sdk/lib/tinyusb/src/common/tusb_fifo.c.obj
                0x10007616                tu_fifo_write
 .text.tu_fifo_write_n
                0x1000767a        0xa CMakeFiles/bme280_spi.dir/Users/shaelmurthy/me433/Pico/pico-sdk/lib/tinyusb/src/common/tusb_fifo.c.obj
                0x1000767a                tu_fifo_write_n
 .text.tu_fifo_clear
                0x10007684       0x3e CMakeFiles/bme280_spi.dir/Users/shaelmurthy/me433/Pico/pico-sdk/lib/tinyusb/src/common/tusb_fifo.c.obj
                0x10007684                tu_fifo_clear
 .text.tu_fifo_set_overwritable
                0x100076c2       0x46 CMakeFiles/bme280_spi.dir/Users/shaelmurthy/me433/Pico/pico-sdk/lib/tinyusb/src/common/tusb_fifo.c.obj
                0x100076c2                tu_fifo_set_overwritable
 .text.spi_set_baudrate
                0x10007708       0xc2 CMakeFiles/bme280_spi.dir/Users/shaelmurthy/me433/Pico/pico-sdk/src/rp2_common/hardware_spi/spi.c.obj
                0x10007708                spi_set_baudrate
 *fill*         0x100077ca        0x2 
 .text.spi_init
                0x100077cc       0x74 CMakeFiles/bme280_spi.dir/Users/shaelmurthy/me433/Pico/pico-sdk/src/rp2_common/hardware_spi/spi.c.obj
                0x100077cc                spi_init
 .text.strlen   0x10007840       0x5c /Applications/ArmGNUToolchain/13.2.Rel1/arm-none-eabi/bin/../lib/gcc/arm-none-eabi/13.2.1/../../../../arm-none-eabi/lib/thumb/v6-m/nofp/libg.a(libc_a-strlen-stub.o)
                0x10007840                strlen
 *(.fini)
 .fini          0x1000789c        0x4 /Applications/ArmGNUToolchain/13.2.Rel1/arm-none-eabi/bin/../lib/gcc/arm-none-eabi/13.2.1/thumb/v6-m/nofp/crti.o
                0x1000789c                _fini
 .fini.__stub   0x100078a0       0xf0 linker stubs
 *crtbegin.o(.ctors)
 *crtbegin?.o(.ctors)
 *(EXCLUDE_FILE(*crtend.o *crtend?.o) .ctors)
 *(SORT_BY_NAME(.ctors.*))
 *(.ctors)
 *crtbegin.o(.dtors)
 *crtbegin?.o(.dtors)
 *(EXCLUDE_FILE(*crtend.o *crtend?.o) .dtors)
 *(SORT_BY_NAME(.dtors.*))
 *(.dtors)
 *(.eh_frame*)
 .eh_frame      0x10007990        0x0 /Applications/ArmGNUToolchain/13.2.Rel1/arm-none-eabi/bin/../lib/gcc/arm-none-eabi/13.2.1/thumb/v6-m/nofp/crtbegin.o
                0x10007990                        . = ALIGN (0x4)

.glue_7         0x10007990        0x0
 .glue_7        0x10007990        0x0 linker stubs

.glue_7t        0x10007990        0x0
 .glue_7t       0x10007990        0x0 linker stubs

.vfp11_veneer   0x10007990        0x0
 .vfp11_veneer  0x10007990        0x0 linker stubs

.v4_bx          0x10007990        0x0
 .v4_bx         0x10007990        0x0 linker stubs

.iplt           0x10007990        0x0
 .iplt          0x10007990        0x0 /Applications/ArmGNUToolchain/13.2.Rel1/arm-none-eabi/bin/../lib/gcc/arm-none-eabi/13.2.1/thumb/v6-m/nofp/crtbegin.o

.rodata         0x10007990     0x1620
 *(EXCLUDE_FILE(*libm.a: *libc.a:*lib_a-mem*.o *libgcc.a:) .rodata*)
 .rodata.main.str1.4
                0x10007990      0xf5f CMakeFiles/bme280_spi.dir/bme280_spi.c.obj
                                 0x33 (size before relaxing)
 *fill*         0x100088ef        0x1 
 .rodata.__bi_105.0
                0x100088f0        0x8 CMakeFiles/bme280_spi.dir/bme280_spi.c.obj
 .rodata.str1.4
                0x100088f8        0x7 CMakeFiles/bme280_spi.dir/bme280_spi.c.obj
 .rodata.__bi_112.1
                0x100088f8        0xc CMakeFiles/bme280_spi.dir/bme280_spi.c.obj
 .rodata.spin_lock_claim_unused.str1.4
                0x10008904       0x1b CMakeFiles/bme280_spi.dir/Users/shaelmurthy/me433/Pico/pico-sdk/src/rp2_common/hardware_sync/sync.c.obj
 .rodata.resolve_branch.str1.4
                0x10008904       0x61 CMakeFiles/bme280_spi.dir/Users/shaelmurthy/me433/Pico/pico-sdk/src/rp2_common/hardware_irq/irq.c.obj
 .rodata.make_branch.str1.4
                0x10008904       0x30 CMakeFiles/bme280_spi.dir/Users/shaelmurthy/me433/Pico/pico-sdk/src/rp2_common/hardware_irq/irq.c.obj
 .rodata.insert_branch_and_link.str1.4
                0x10008904       0x10 CMakeFiles/bme280_spi.dir/Users/shaelmurthy/me433/Pico/pico-sdk/src/rp2_common/hardware_irq/irq.c.obj
 .rodata.irq_set_exclusive_handler.str1.4
                0x10008904       0x36 CMakeFiles/bme280_spi.dir/Users/shaelmurthy/me433/Pico/pico-sdk/src/rp2_common/hardware_irq/irq.c.obj
 .rodata.irq_add_shared_handler.str1.4
                0x10008904       0xc2 CMakeFiles/bme280_spi.dir/Users/shaelmurthy/me433/Pico/pico-sdk/src/rp2_common/hardware_irq/irq.c.obj
 .rodata.irq_remove_handler.str1.4
                0x10008904       0x3a CMakeFiles/bme280_spi.dir/Users/shaelmurthy/me433/Pico/pico-sdk/src/rp2_common/hardware_irq/irq.c.obj
 .rodata.irq_add_tail_to_free_list.str1.4
                0x10008904       0x3a CMakeFiles/bme280_spi.dir/Users/shaelmurthy/me433/Pico/pico-sdk/src/rp2_common/hardware_irq/irq.c.obj
 .rodata.user_irq_claim_unused.str1.4
                0x10008904       0x1b CMakeFiles/bme280_spi.dir/Users/shaelmurthy/me433/Pico/pico-sdk/src/rp2_common/hardware_irq/irq.c.obj
 .rodata.__func__.0
                0x10008904       0x1a CMakeFiles/bme280_spi.dir/Users/shaelmurthy/me433/Pico/pico-sdk/src/rp2_common/hardware_irq/irq.c.obj
 *fill*         0x1000891e        0x2 
 .rodata.__func__.1
                0x10008920       0x17 CMakeFiles/bme280_spi.dir/Users/shaelmurthy/me433/Pico/pico-sdk/src/rp2_common/hardware_irq/irq.c.obj
 *fill*         0x10008937        0x1 
 .rodata.__func__.2
                0x10008938       0x13 CMakeFiles/bme280_spi.dir/Users/shaelmurthy/me433/Pico/pico-sdk/src/rp2_common/hardware_irq/irq.c.obj
 *fill*         0x1000894b        0x1 
 .rodata.__func__.3
                0x1000894c        0xc CMakeFiles/bme280_spi.dir/Users/shaelmurthy/me433/Pico/pico-sdk/src/rp2_common/hardware_irq/irq.c.obj
 .rodata.__func__.4
                0x10008958        0xf CMakeFiles/bme280_spi.dir/Users/shaelmurthy/me433/Pico/pico-sdk/src/rp2_common/hardware_irq/irq.c.obj
 *fill*         0x10008967        0x1 
 .rodata.__func__.5
                0x10008968       0x17 CMakeFiles/bme280_spi.dir/Users/shaelmurthy/me433/Pico/pico-sdk/src/rp2_common/hardware_irq/irq.c.obj
 *fill*         0x1000897f        0x1 
 .rodata.__func__.6
                0x10008980       0x1a CMakeFiles/bme280_spi.dir/Users/shaelmurthy/me433/Pico/pico-sdk/src/rp2_common/hardware_irq/irq.c.obj
 .rodata.update_us_since_boot.str1.4
                0x1000899a       0x6d CMakeFiles/bme280_spi.dir/Users/shaelmurthy/me433/Pico/pico-sdk/src/common/pico_sync/mutex.c.obj
 .rodata.str1.4
                0x1000899a       0x95 CMakeFiles/bme280_spi.dir/Users/shaelmurthy/me433/Pico/pico-sdk/src/common/pico_sync/mutex.c.obj
 *fill*         0x1000899a        0x2 
 .rodata.__func__.1
                0x1000899c        0xb CMakeFiles/bme280_spi.dir/Users/shaelmurthy/me433/Pico/pico-sdk/src/common/pico_sync/mutex.c.obj
 *fill*         0x100089a7        0x1 
 .rodata.__func__.3
                0x100089a8       0x18 CMakeFiles/bme280_spi.dir/Users/shaelmurthy/me433/Pico/pico-sdk/src/common/pico_sync/mutex.c.obj
 .rodata.__func__.4
                0x100089c0       0x15 CMakeFiles/bme280_spi.dir/Users/shaelmurthy/me433/Pico/pico-sdk/src/common/pico_sync/mutex.c.obj
 .rodata.get_entry.str1.4
                0x100089d5       0x67 CMakeFiles/bme280_spi.dir/Users/shaelmurthy/me433/Pico/pico-sdk/src/common/pico_time/time.c.obj
 .rodata.update_us_since_boot.str1.4
                0x100089d5       0x6d CMakeFiles/bme280_spi.dir/Users/shaelmurthy/me433/Pico/pico-sdk/src/common/pico_time/time.c.obj
 .rodata.ph_get_node.str1.4
                0x100089d5       0x72 CMakeFiles/bme280_spi.dir/Users/shaelmurthy/me433/Pico/pico-sdk/src/common/pico_time/time.c.obj
 .rodata.ph_add_child_node.str1.4
                0x100089d5       0x2e CMakeFiles/bme280_spi.dir/Users/shaelmurthy/me433/Pico/pico-sdk/src/common/pico_time/time.c.obj
 .rodata.ph_insert_node.str1.4
                0x100089d5        0x3 CMakeFiles/bme280_spi.dir/Users/shaelmurthy/me433/Pico/pico-sdk/src/common/pico_time/time.c.obj
 .rodata.ph_free_node.str1.4
                0x100089d5       0x38 CMakeFiles/bme280_spi.dir/Users/shaelmurthy/me433/Pico/pico-sdk/src/common/pico_time/time.c.obj
 .rodata.add_alarm_under_lock.str1.4
                0x100089d5       0x28 CMakeFiles/bme280_spi.dir/Users/shaelmurthy/me433/Pico/pico-sdk/src/common/pico_time/time.c.obj
 .rodata.alarm_pool_alarm_callback.str1.4
                0x100089d5       0x60 CMakeFiles/bme280_spi.dir/Users/shaelmurthy/me433/Pico/pico-sdk/src/common/pico_time/time.c.obj
 .rodata.alarm_pool_get_default.str1.4
                0x100089d5       0x21 CMakeFiles/bme280_spi.dir/Users/shaelmurthy/me433/Pico/pico-sdk/src/common/pico_time/time.c.obj
 .rodata.alarm_pool_cancel_alarm.str1.4
                0x100089d5       0x27 CMakeFiles/bme280_spi.dir/Users/shaelmurthy/me433/Pico/pico-sdk/src/common/pico_time/time.c.obj
 .rodata.sleep_until.str1.4
                0x100089d5       0x4d CMakeFiles/bme280_spi.dir/Users/shaelmurthy/me433/Pico/pico-sdk/src/common/pico_time/time.c.obj
 *fill*         0x100089d5        0x3 
 .rodata.__func__.1
                0x100089d8       0x18 CMakeFiles/bme280_spi.dir/Users/shaelmurthy/me433/Pico/pico-sdk/src/common/pico_time/time.c.obj
 .rodata.__func__.3
                0x100089f0       0x17 CMakeFiles/bme280_spi.dir/Users/shaelmurthy/me433/Pico/pico-sdk/src/common/pico_time/time.c.obj
 *fill*         0x10008a07        0x1 
 .rodata.__func__.4
                0x10008a08       0x12 CMakeFiles/bme280_spi.dir/Users/shaelmurthy/me433/Pico/pico-sdk/src/common/pico_time/time.c.obj
 *fill*         0x10008a1a        0x2 
 .rodata.__func__.5
                0x10008a1c        0xd CMakeFiles/bme280_spi.dir/Users/shaelmurthy/me433/Pico/pico-sdk/src/common/pico_time/time.c.obj
 *fill*         0x10008a29        0x3 
 .rodata.__func__.6
                0x10008a2c       0x12 CMakeFiles/bme280_spi.dir/Users/shaelmurthy/me433/Pico/pico-sdk/src/common/pico_time/time.c.obj
 *fill*         0x10008a3e        0x2 
 .rodata.__func__.7
                0x10008a40        0xf CMakeFiles/bme280_spi.dir/Users/shaelmurthy/me433/Pico/pico-sdk/src/common/pico_time/time.c.obj
 *fill*         0x10008a4f        0x1 
 .rodata.__func__.8
                0x10008a50        0xc CMakeFiles/bme280_spi.dir/Users/shaelmurthy/me433/Pico/pico-sdk/src/common/pico_time/time.c.obj
 .rodata.__func__.9
                0x10008a5c       0x15 CMakeFiles/bme280_spi.dir/Users/shaelmurthy/me433/Pico/pico-sdk/src/common/pico_time/time.c.obj
 *fill*         0x10008a71        0x3 
 .rodata.__func__.10
                0x10008a74       0x15 CMakeFiles/bme280_spi.dir/Users/shaelmurthy/me433/Pico/pico-sdk/src/common/pico_time/time.c.obj
 *fill*         0x10008a89        0x3 
 .rodata.__func__.11
                0x10008a8c       0x1a CMakeFiles/bme280_spi.dir/Users/shaelmurthy/me433/Pico/pico-sdk/src/common/pico_time/time.c.obj
 *fill*         0x10008aa6        0x2 
 .rodata.__func__.12
                0x10008aa8        0xa CMakeFiles/bme280_spi.dir/Users/shaelmurthy/me433/Pico/pico-sdk/src/common/pico_time/time.c.obj
 .rodata.hardware_alarm_claim.str1.4
                0x10008ab2       0x22 CMakeFiles/bme280_spi.dir/Users/shaelmurthy/me433/Pico/pico-sdk/src/rp2_common/hardware_timer/timer.c.obj
 .rodata.hardware_alarm_set_target.str1.4
                0x10008ab2       0x71 CMakeFiles/bme280_spi.dir/Users/shaelmurthy/me433/Pico/pico-sdk/src/rp2_common/hardware_timer/timer.c.obj
 *fill*         0x10008ab2        0x2 
 .rodata.__func__.0
                0x10008ab4       0x1a CMakeFiles/bme280_spi.dir/Users/shaelmurthy/me433/Pico/pico-sdk/src/rp2_common/hardware_timer/timer.c.obj
 .rodata.ph_get_node.str1.4
                0x10008ace       0x72 CMakeFiles/bme280_spi.dir/Users/shaelmurthy/me433/Pico/pico-sdk/src/common/pico_util/pheap.c.obj
 .rodata.ph_add_child_node.str1.4
                0x10008ace       0x2e CMakeFiles/bme280_spi.dir/Users/shaelmurthy/me433/Pico/pico-sdk/src/common/pico_util/pheap.c.obj
 .rodata.ph_remove_any_head.str1.4
                0x10008ace       0xac CMakeFiles/bme280_spi.dir/Users/shaelmurthy/me433/Pico/pico-sdk/src/common/pico_util/pheap.c.obj
 .rodata.ph_remove_and_free_node.str1.4
                0x10008ace       0x26 CMakeFiles/bme280_spi.dir/Users/shaelmurthy/me433/Pico/pico-sdk/src/common/pico_util/pheap.c.obj
 *fill*         0x10008ace        0x2 
 .rodata.__func__.0
                0x10008ad0       0x18 CMakeFiles/bme280_spi.dir/Users/shaelmurthy/me433/Pico/pico-sdk/src/common/pico_util/pheap.c.obj
 .rodata.__func__.1
                0x10008ae8       0x13 CMakeFiles/bme280_spi.dir/Users/shaelmurthy/me433/Pico/pico-sdk/src/common/pico_util/pheap.c.obj
 *fill*         0x10008afb        0x1 
 .rodata.__func__.2
                0x10008afc       0x12 CMakeFiles/bme280_spi.dir/Users/shaelmurthy/me433/Pico/pico-sdk/src/common/pico_util/pheap.c.obj
 *fill*         0x10008b0e        0x2 
 .rodata.__func__.3
                0x10008b10        0xc CMakeFiles/bme280_spi.dir/Users/shaelmurthy/me433/Pico/pico-sdk/src/common/pico_util/pheap.c.obj
 .rodata.clock_configure.str1.4
                0x10008b1c       0x63 CMakeFiles/bme280_spi.dir/Users/shaelmurthy/me433/Pico/pico-sdk/src/rp2_common/hardware_clocks/clocks.c.obj
 .rodata.__func__.1
                0x10008b1c       0x10 CMakeFiles/bme280_spi.dir/Users/shaelmurthy/me433/Pico/pico-sdk/src/rp2_common/hardware_clocks/clocks.c.obj
 .rodata.pll_init.str1.4
                0x10008b2c      0x130 CMakeFiles/bme280_spi.dir/Users/shaelmurthy/me433/Pico/pico-sdk/src/rp2_common/hardware_pll/pll.c.obj
 .rodata.__func__.0
                0x10008b2c        0x9 CMakeFiles/bme280_spi.dir/Users/shaelmurthy/me433/Pico/pico-sdk/src/rp2_common/hardware_pll/pll.c.obj
 .rodata.__assert_func.str1.4
                0x10008b35       0x43 CMakeFiles/bme280_spi.dir/Users/shaelmurthy/me433/Pico/pico-sdk/src/rp2_common/pico_runtime/runtime.c.obj
 .rodata.runtime_init.str1.4
                0x10008b35       0x6d CMakeFiles/bme280_spi.dir/Users/shaelmurthy/me433/Pico/pico-sdk/src/rp2_common/pico_runtime/runtime.c.obj
 .rodata.panic.str1.4
                0x10008b35       0x12 CMakeFiles/bme280_spi.dir/Users/shaelmurthy/me433/Pico/pico-sdk/src/rp2_common/pico_runtime/runtime.c.obj
 *fill*         0x10008b35        0x3 
 .rodata.__func__.2
                0x10008b38        0xd CMakeFiles/bme280_spi.dir/Users/shaelmurthy/me433/Pico/pico-sdk/src/rp2_common/pico_runtime/runtime.c.obj
 .rodata._ftoa.str1.4
                0x10008b45       0x15 CMakeFiles/bme280_spi.dir/Users/shaelmurthy/me433/Pico/pico-sdk/src/rp2_common/pico_printf/printf.c.obj
 *fill*         0x10008b45        0x3 
 .rodata._vsnprintf
                0x10008b48      0x19c CMakeFiles/bme280_spi.dir/Users/shaelmurthy/me433/Pico/pico-sdk/src/rp2_common/pico_printf/printf.c.obj
 *fill*         0x10008ce4        0x4 
 .rodata.pow10.0
                0x10008ce8       0x50 CMakeFiles/bme280_spi.dir/Users/shaelmurthy/me433/Pico/pico-sdk/src/rp2_common/pico_printf/printf.c.obj
 .rodata.__aeabi_double_init.str1.4
                0x10008d38       0xa8 CMakeFiles/bme280_spi.dir/Users/shaelmurthy/me433/Pico/pico-sdk/src/rp2_common/pico_double/double_init_rom.c.obj
 .rodata.__func__.0
                0x10008d38       0x14 CMakeFiles/bme280_spi.dir/Users/shaelmurthy/me433/Pico/pico-sdk/src/rp2_common/pico_double/double_init_rom.c.obj
 .rodata.__aeabi_float_init.str1.4
                0x10008d4c       0x8a CMakeFiles/bme280_spi.dir/Users/shaelmurthy/me433/Pico/pico-sdk/src/rp2_common/pico_float/float_init_rom.c.obj
 .rodata.__func__.0
                0x10008d4c       0x13 CMakeFiles/bme280_spi.dir/Users/shaelmurthy/me433/Pico/pico-sdk/src/rp2_common/pico_float/float_init_rom.c.obj
 .rodata.str1.4
                0x10008d5f       0x40 CMakeFiles/bme280_spi.dir/Users/shaelmurthy/me433/Pico/pico-sdk/src/rp2_common/pico_standard_link/binary_info.c.obj
 *fill*         0x10008d5f        0x1 
 .rodata.__bi_81
                0x10008d60        0xc CMakeFiles/bme280_spi.dir/Users/shaelmurthy/me433/Pico/pico-sdk/src/rp2_common/pico_standard_link/binary_info.c.obj
 .rodata.__bi_75
                0x10008d6c        0xc CMakeFiles/bme280_spi.dir/Users/shaelmurthy/me433/Pico/pico-sdk/src/rp2_common/pico_standard_link/binary_info.c.obj
 .rodata.__bi_44
                0x10008d78        0xc CMakeFiles/bme280_spi.dir/Users/shaelmurthy/me433/Pico/pico-sdk/src/rp2_common/pico_standard_link/binary_info.c.obj
 .rodata.update_us_since_boot.str1.4
                0x10008d84       0x6d CMakeFiles/bme280_spi.dir/Users/shaelmurthy/me433/Pico/pico-sdk/src/rp2_common/pico_stdio/stdio.c.obj
 .rodata.crlf_str.2
                0x10008d84        0x2 CMakeFiles/bme280_spi.dir/Users/shaelmurthy/me433/Pico/pico-sdk/src/rp2_common/pico_stdio/stdio.c.obj
 *fill*         0x10008d86        0x2 
 .rodata.__func__.3
                0x10008d88       0x15 CMakeFiles/bme280_spi.dir/Users/shaelmurthy/me433/Pico/pico-sdk/src/rp2_common/pico_stdio/stdio.c.obj
 *fill*         0x10008d9d        0x3 
 .rodata._resetd_driver
                0x10008da0       0x18 CMakeFiles/bme280_spi.dir/Users/shaelmurthy/me433/Pico/pico-sdk/src/rp2_common/pico_stdio_usb/reset_interface.c.obj
 .rodata.update_us_since_boot.str1.4
                0x10008db8       0x6d CMakeFiles/bme280_spi.dir/Users/shaelmurthy/me433/Pico/pico-sdk/src/rp2_common/pico_stdio_usb/stdio_usb.c.obj
 .rodata.stdio_usb_init.str1.4
                0x10008db8       0x59 CMakeFiles/bme280_spi.dir/Users/shaelmurthy/me433/Pico/pico-sdk/src/rp2_common/pico_stdio_usb/stdio_usb.c.obj
 .rodata.str1.4
                0x10008db8       0x13 CMakeFiles/bme280_spi.dir/Users/shaelmurthy/me433/Pico/pico-sdk/src/rp2_common/pico_stdio_usb/stdio_usb.c.obj
 .rodata.__bi_182.0
                0x10008db8        0xc CMakeFiles/bme280_spi.dir/Users/shaelmurthy/me433/Pico/pico-sdk/src/rp2_common/pico_stdio_usb/stdio_usb.c.obj
 .rodata.__func__.1
                0x10008dc4        0xf CMakeFiles/bme280_spi.dir/Users/shaelmurthy/me433/Pico/pico-sdk/src/rp2_common/pico_stdio_usb/stdio_usb.c.obj
 *fill*         0x10008dd3        0x1 
 .rodata.__func__.3
                0x10008dd4       0x15 CMakeFiles/bme280_spi.dir/Users/shaelmurthy/me433/Pico/pico-sdk/src/rp2_common/pico_stdio_usb/stdio_usb.c.obj
 .rodata.str1.4
                0x10008de9       0x2a CMakeFiles/bme280_spi.dir/Users/shaelmurthy/me433/Pico/pico-sdk/src/rp2_common/pico_stdio_usb/stdio_usb_descriptors.c.obj
 *fill*         0x10008de9        0x3 
 .rodata.usbd_desc_str
                0x10008dec       0x18 CMakeFiles/bme280_spi.dir/Users/shaelmurthy/me433/Pico/pico-sdk/src/rp2_common/pico_stdio_usb/stdio_usb_descriptors.c.obj
 .rodata.usbd_desc_cfg
                0x10008e04       0x54 CMakeFiles/bme280_spi.dir/Users/shaelmurthy/me433/Pico/pico-sdk/src/rp2_common/pico_stdio_usb/stdio_usb_descriptors.c.obj
 .rodata.usbd_desc_device
                0x10008e58       0x12 CMakeFiles/bme280_spi.dir/Users/shaelmurthy/me433/Pico/pico-sdk/src/rp2_common/pico_stdio_usb/stdio_usb_descriptors.c.obj
 .rodata.pico_get_unique_board_id_string.str1.4
                0x10008e6a       0x59 CMakeFiles/bme280_spi.dir/Users/shaelmurthy/me433/Pico/pico-sdk/src/rp2_common/pico_unique_id/unique_id.c.obj
 *fill*         0x10008e6a        0x2 
 .rodata.__func__.0
                0x10008e6c       0x20 CMakeFiles/bme280_spi.dir/Users/shaelmurthy/me433/Pico/pico-sdk/src/rp2_common/pico_unique_id/unique_id.c.obj
 .rodata.str1.4
                0x10008e8c      0x166 CMakeFiles/bme280_spi.dir/Users/shaelmurthy/me433/Pico/pico-sdk/src/rp2_common/hardware_flash/flash.c.obj
 .rodata.__func__.0
                0x10008e8c        0xd CMakeFiles/bme280_spi.dir/Users/shaelmurthy/me433/Pico/pico-sdk/src/rp2_common/hardware_flash/flash.c.obj
 .rodata._hw_endpoint_alloc.str1.4
                0x10008e99       0xc1 CMakeFiles/bme280_spi.dir/Users/shaelmurthy/me433/Pico/pico-sdk/lib/tinyusb/src/portable/raspberrypi/rp2040/dcd_rp2040.c.obj
 .rodata.str1.4
                0x10008e99       0x14 CMakeFiles/bme280_spi.dir/Users/shaelmurthy/me433/Pico/pico-sdk/lib/tinyusb/src/portable/raspberrypi/rp2040/dcd_rp2040.c.obj
 .rodata.dcd_int_enable.str1.4
                0x10008e99        0xc CMakeFiles/bme280_spi.dir/Users/shaelmurthy/me433/Pico/pico-sdk/lib/tinyusb/src/portable/raspberrypi/rp2040/dcd_rp2040.c.obj
 *fill*         0x10008e99        0x3 
 .rodata.__func__.0
                0x10008e9c        0xe CMakeFiles/bme280_spi.dir/Users/shaelmurthy/me433/Pico/pico-sdk/lib/tinyusb/src/portable/raspberrypi/rp2040/dcd_rp2040.c.obj
 *fill*         0x10008eaa        0x2 
 .rodata.__func__.1
                0x10008eac        0xe CMakeFiles/bme280_spi.dir/Users/shaelmurthy/me433/Pico/pico-sdk/lib/tinyusb/src/portable/raspberrypi/rp2040/dcd_rp2040.c.obj
 *fill*         0x10008eba        0x2 
 .rodata.__func__.3
                0x10008ebc       0x10 CMakeFiles/bme280_spi.dir/Users/shaelmurthy/me433/Pico/pico-sdk/lib/tinyusb/src/portable/raspberrypi/rp2040/dcd_rp2040.c.obj
 .rodata.__func__.5
                0x10008ecc        0xf CMakeFiles/bme280_spi.dir/Users/shaelmurthy/me433/Pico/pico-sdk/lib/tinyusb/src/portable/raspberrypi/rp2040/dcd_rp2040.c.obj
 *fill*         0x10008edb        0x1 
 .rodata.__func__.6
                0x10008edc       0x13 CMakeFiles/bme280_spi.dir/Users/shaelmurthy/me433/Pico/pico-sdk/lib/tinyusb/src/portable/raspberrypi/rp2040/dcd_rp2040.c.obj
 *fill*         0x10008eef        0x1 
 .rodata.__func__.7
                0x10008ef0        0x9 CMakeFiles/bme280_spi.dir/Users/shaelmurthy/me433/Pico/pico-sdk/lib/tinyusb/src/portable/raspberrypi/rp2040/dcd_rp2040.c.obj
 .rodata.str1.4
                0x10008ef9       0xf3 CMakeFiles/bme280_spi.dir/Users/shaelmurthy/me433/Pico/pico-sdk/lib/tinyusb/src/portable/raspberrypi/rp2040/rp2040_usb.c.obj
 *fill*         0x10008ef9        0x3 
 .rodata.__func__.0
                0x10008efc        0xf CMakeFiles/bme280_spi.dir/Users/shaelmurthy/me433/Pico/pico-sdk/lib/tinyusb/src/portable/raspberrypi/rp2040/rp2040_usb.c.obj
 *fill*         0x10008f0b        0x1 
 .rodata.process_get_descriptor
                0x10008f0c       0x40 CMakeFiles/bme280_spi.dir/Users/shaelmurthy/me433/Pico/pico-sdk/lib/tinyusb/src/device/usbd.c.obj
 .rodata.process_control_request
                0x10008f4c       0x28 CMakeFiles/bme280_spi.dir/Users/shaelmurthy/me433/Pico/pico-sdk/lib/tinyusb/src/device/usbd.c.obj
 .rodata.tud_task_ext
                0x10008f74       0x24 CMakeFiles/bme280_spi.dir/Users/shaelmurthy/me433/Pico/pico-sdk/lib/tinyusb/src/device/usbd.c.obj
 .rodata._usbd_driver
                0x10008f98       0x18 CMakeFiles/bme280_spi.dir/Users/shaelmurthy/me433/Pico/pico-sdk/lib/tinyusb/src/device/usbd.c.obj
                0x10008fb0                        . = ALIGN (0x4)
 *(SORT_BY_ALIGNMENT(SORT_BY_NAME(.flashdata*)))
                0x10008fb0                        . = ALIGN (0x4)

.ARM.extab
 *(.ARM.extab* .gnu.linkonce.armextab.*)
                0x10008fb0                        __exidx_start = .

.ARM.exidx
 *(.ARM.exidx* .gnu.linkonce.armexidx.*)
                0x10008fb0                        __exidx_end = .
                0x10008fb0                        . = ALIGN (0x4)
                0x10008fb0                        __binary_info_start = .

.binary_info    0x10008fb0       0x28
 *(.binary_info.keep.*)
 .binary_info.keep.__bi_ptr112
                0x10008fb0        0x4 CMakeFiles/bme280_spi.dir/bme280_spi.c.obj
 .binary_info.keep.__bi_ptr105
                0x10008fb4        0x4 CMakeFiles/bme280_spi.dir/bme280_spi.c.obj
 .binary_info.keep.__bi_ptr81
                0x10008fb8        0x4 CMakeFiles/bme280_spi.dir/Users/shaelmurthy/me433/Pico/pico-sdk/src/rp2_common/pico_standard_link/binary_info.c.obj
 .binary_info.keep.__bi_ptr75
                0x10008fbc        0x4 CMakeFiles/bme280_spi.dir/Users/shaelmurthy/me433/Pico/pico-sdk/src/rp2_common/pico_standard_link/binary_info.c.obj
 .binary_info.keep.__bi_ptr50
                0x10008fc0        0x4 CMakeFiles/bme280_spi.dir/Users/shaelmurthy/me433/Pico/pico-sdk/src/rp2_common/pico_standard_link/binary_info.c.obj
 .binary_info.keep.__bi_ptr44
                0x10008fc4        0x4 CMakeFiles/bme280_spi.dir/Users/shaelmurthy/me433/Pico/pico-sdk/src/rp2_common/pico_standard_link/binary_info.c.obj